******************************************************************************
                  TI ARM Linker PC v20.2.3                     
******************************************************************************
>> Linked Wed Jan  6 18:07:29 2021

OUTPUT FILE NAME:   <TFT_SPI_display_with_touch.out>
ENTRY POINT SYMBOL: "_c_int00_noargs"  address: 00011771


MEMORY CONFIGURATION

         name            origin    length      used     unused   attr    fill
----------------------  --------  ---------  --------  --------  ----  --------
  MAIN                  00000000   00040000  00011a24  0002e5dc  R  X
  INFO                  00200000   00004000  00000000  00004000  R  X
  SRAM_CODE             01000000   00010000  00000257  0000fda9  RW X
  SRAM_DATA             20000000   00010000  00000257  0000fda9  RW  


SEGMENT ALLOCATION MAP

run origin  load origin   length   init length attrs members
----------  ----------- ---------- ----------- ----- -------
00000000    00000000    00011a30   00011a30    r-x
  00000000    00000000    000000e4   000000e4    r-- .intvecs
  000000e4    000000e4    0000c9e6   0000c9e6    r-- .const
  0000cad0    0000cad0    00004f12   00004f12    r-x .text
  000119e8    000119e8    00000048   00000048    r-- .cinit
20000000    20000000    00000058   00000000    rw-
  20000000    20000000    0000003f   00000000    rw- .data
  20000040    20000040    00000018   00000000    rw- .bss
2000fe00    2000fe00    00000200   00000000    rw-
  2000fe00    2000fe00    00000200   00000000    rw- .stack


SECTION ALLOCATION MAP

 output                                  attributes/
section   page    origin      length       input sections
--------  ----  ----------  ----------   ----------------
.intvecs   0    00000000    000000e4     
                  00000000    000000e4     startup_msp432p401r_ccs.obj (.intvecs:retain)

.const     0    000000e4    0000c9e6     
                  000000e4    00004718     GUI.obj (.const:.string:gImage_liulu)
                  000047fc    00004330     GUI.obj (.const:.string:gImage_jianghanlin)
                  00008b2c    000017c0     ST7796S.obj (.const:asc2_3216)
                  0000a2ec    000011d0     ST7796S.obj (.const:asc2_2412)
                  0000b4bc    000005f0     ST7796S.obj (.const:asc2_1608)
                  0000baac    00000514     ST7796S.obj (.const:tfont32)
                  0000bfc0    00000474     ST7796S.obj (.const:asc2_1206)
                  0000c434    0000032e     ST7796S.obj (.const:tfont24)
                  0000c762    000002ec     ST7796S.obj (.const:tfont16)
                  0000ca4e    00000002     --HOLE-- [fill = 0]
                  0000ca50    0000007a     touch.obj (.const:.string)

.text      0    0000cad0    00004f12     
                  0000cad0    00000940     touch.obj (.text:TP_Adjust)
                  0000d410    00000354     GUI.obj (.text:draw_interface)
                  0000d764    00000004     rtsv7M4_T_le_v4SPD16_eabi.lib : pre_init.c.obj (.text:_system_pre_init)
                  0000d768    00000298     ST7796S.obj (.text:LCD_ShowChar_2412)
                  0000da00    00000288     ST7796S.obj (.text:LCD_ShowChar_3216)
                  0000dc88    00000262     GUI.obj (.text:draw_start)
                  0000deea    00000004     rtsv7M4_T_le_v4SPD16_eabi.lib : exit.c.obj (.text:abort:abort)
                  0000deee    00000002     --HOLE-- [fill = 0]
                  0000def0    0000024c     ST7796S.obj (.text:Show_Str)
                  0000e13c    00000004     --HOLE-- [fill = 0]
                  0000e140    00000230     ST7796S.obj (.text:LCD_ShowChar)
                  0000e370    00000204     ST7796S.obj (.text:LCD_Init)
                  0000e574    00000004     --HOLE-- [fill = 0]
                  0000e578    000001d4     ST7796S.obj (.text:GUI_DrawFont16)
                  0000e74c    00000004     --HOLE-- [fill = 0]
                  0000e750    000001d4     ST7796S.obj (.text:GUI_DrawFont24)
                  0000e924    00000004     --HOLE-- [fill = 0]
                  0000e928    000001d4     ST7796S.obj (.text:GUI_DrawFont32)
                  0000eafc    000001b6     rtsv7M4_T_le_v4SPD16_eabi.lib : fd_add_t2.asm.obj (.text)
                  0000ecb2    00000006     --HOLE-- [fill = 0]
                  0000ecb8    0000018c     touch.obj (.text:TP_Scan)
                  0000ee44    00000004     --HOLE-- [fill = 0]
                  0000ee48    00000184     touch.obj (.text:TP_Adj_Info_Show)
                  0000efcc    00000158     rtsv7M4_T_le_v4SPD16_eabi.lib : e_sqrt.c.obj (.text:sqrt)
                  0000f124    00000004     --HOLE-- [fill = 0]
                  0000f128    00000154     key.obj (.text:key_test)
                  0000f27c    00000004     --HOLE-- [fill = 0]
                  0000f280    00000126     ST7796S.obj (.text:LCD_DrawLine)
                  0000f3a6    00000002     --HOLE-- [fill = 0]
                  0000f3a8    0000011a     touch.obj (.text:TP_Read_XOY)
                  0000f4c2    00000006     --HOLE-- [fill = 0]
                  0000f4c8    00000117     GUI.obj (.text:draw_interface1)
                  0000f5df    00000001     --HOLE-- [fill = 0]
                  0000f5e0    00000117     GUI.obj (.text:draw_interface2)
                  0000f6f7    00000001     --HOLE-- [fill = 0]
                  0000f6f8    00000117     GUI.obj (.text:draw_interface3)
                  0000f80f    00000001     --HOLE-- [fill = 0]
                  0000f810    00000117     GUI.obj (.text:draw_interface4)
                  0000f927    00000001     --HOLE-- [fill = 0]
                  0000f928    00000116     ST7796S.obj (.text:LCD_ShowNum)
                  0000fa3e    00000002     --HOLE-- [fill = 0]
                  0000fa40    0000010c     touch.obj (.text:TP_Read_AD)
                  0000fb4c    00000004     --HOLE-- [fill = 0]
                  0000fb50    00000100     touch.obj (.text:TP_Get_Adjdata)
                  0000fc50    000000fc     rtsv7M4_T_le_v4SPD16_eabi.lib : fd_mul_t2.asm.obj (.text)
                  0000fd4c    00000004     --HOLE-- [fill = 0]
                  0000fd50    000000f8     ST7796S.obj (.text:gui_circle)
                  0000fe48    000000e6     ST7796S.obj (.text:LCD_direction)
                  0000ff2e    00000002     --HOLE-- [fill = 0]
                  0000ff30    000000da     touch.obj (.text:TP_Read_XY2)
                  0001000a    00000006     --HOLE-- [fill = 0]
                  00010010    000000d2     ST7796S.obj (.text:LCD_Fill)
                  000100e2    00000006     --HOLE-- [fill = 0]
                  000100e8    000000d2     key.obj (.text:key_init)
                  000101ba    00000006     --HOLE-- [fill = 0]
                  000101c0    000000c8     ST7796S.obj (.text:LCD_Clear)
                  00010288    000000c8     touch.obj (.text:TP_Drow_Touch_Point)
                  00010350    000000c4     ST7796S.obj (.text:_draw_circle_8)
                  00010414    00000004     --HOLE-- [fill = 0]
                  00010418    000000c0     ST7796S.obj (.text:Gui_StrCenter)
                  000104d8    000000be     system_init.obj (.text:system_clk_init)
                  00010596    00000002     --HOLE-- [fill = 0]
                  00010598    000000ae     myiic.obj (.text:IIC_Send_Byte)
                  00010646    00000002     --HOLE-- [fill = 0]
                  00010648    000000aa     touch.obj (.text:TP_Save_Adjdata)
                  000106f2    00000006     --HOLE-- [fill = 0]
                  000106f8    000000a6     myiic.obj (.text:IIC_Read_Byte)
                  0001079e    00000002     --HOLE-- [fill = 0]
                  000107a0    000000a4     ST7796S.obj (.text:Gui_Drawbmp_JHL)
                  00010844    00000004     --HOLE-- [fill = 0]
                  00010848    000000a4     ST7796S.obj (.text:Gui_Drawbmp_LL)
                  000108ec    00000004     --HOLE-- [fill = 0]
                  000108f0    000000a4     USCI_B0_SPI.obj (.text:usci_b0_spi_transmit_frame)
                  00010994    00000004     --HOLE-- [fill = 0]
                  00010998    000000a0     ST7796S.obj (.text:LCD_ShowString)
                  00010a38    000000a0     system_msp432p401r.obj (.text:SystemInit)
                  00010ad8    0000009c     rtsv7M4_T_le_v4SPD16_eabi.lib : memcpy_t2.asm.obj (.text)
                  00010b74    00000004     --HOLE-- [fill = 0]
                  00010b78    0000009a     myiic.obj (.text:IIC_Wait_Ack)
                  00010c12    00000006     --HOLE-- [fill = 0]
                  00010c18    0000009a     ST7796S.obj (.text:LCD_SetWindows)
                  00010cb2    00000006     --HOLE-- [fill = 0]
                  00010cb8    00000090     touch.obj (.text:TP_Write_Byte)
                  00010d48    0000008e     USCI_B0_SPI.obj (.text:usci_b0_spi_init)
                  00010dd6    00000086     rtsv7M4_T_le_v4SPD16_eabi.lib : fd_cmp_t2.asm.obj (.text:__aeabi_cdcmple)
                  00010e5c    00000086                                   : fd_cmp_t2.asm.obj (.text:__aeabi_cdrcmple)
                  00010ee2    00000006     --HOLE-- [fill = 0]
                  00010ee8    00000078     delay.obj (.text:delay_ms)
                  00010f60    00000070     delay.obj (.text:delay_us)
                  00010fd0    0000006a     ST7796S.obj (.text:Lcd_WriteData_16Bit)
                  0001103a    00000006     --HOLE-- [fill = 0]
                  00011040    0000006a     USCI_B0_SPI.obj (.text:usci_b0_spi_rx_isr_handle)
                  000110aa    00000006     --HOLE-- [fill = 0]
                  000110b0    0000006a     USCI_B0_SPI.obj (.text:usci_b0_spi_tx_isr_handle)
                  0001111a    00000006     --HOLE-- [fill = 0]
                  00011120    00000068     24cxx.obj (.text:AT24CXX_ReadLenByte)
                  00011188    00000068     24cxx.obj (.text:AT24CXX_ReadOneByte)
                  000111f0    00000068     rtsv7M4_T_le_v4SPD16_eabi.lib : copy_decompress_lzss.c.obj (.text:decompress:lzss:__TI_decompress_lzss)
                  00011258    00000060     24cxx.obj (.text:AT24CXX_WriteLenByte)
                  000112b8    00000060     myiic.obj (.text:IIC_Ack)
                  00011318    00000060     myiic.obj (.text:IIC_NAck)
                  00011378    00000060     myiic.obj (.text:IIC_Start)
                  000113d8    00000060     myiic.obj (.text:IIC_Stop)
                  00011438    0000005c     24cxx.obj (.text:AT24CXX_WriteOneByte)
                  00011494    00000004     --HOLE-- [fill = 0]
                  00011498    00000052     ST7796S.obj (.text:LCD_GPIOInit)
                  000114ea    00000048     rtsv7M4_T_le_v4SPD16_eabi.lib : fd_toi_t2.asm.obj (.text)
                  00011532    00000006     --HOLE-- [fill = 0]
                  00011538    00000044     touch.obj (.text:TP_Read_XY)
                  0001157c    00000044     rtsv7M4_T_le_v4SPD16_eabi.lib : autoinit.c.obj (.text:__TI_auto_init_nobinit_nopinit:__TI_auto_init_nobinit_nopinit)
                  000115c0    00000040     ST7796S.obj (.text:LCD_WR_DATA)
                  00011600    00000040     ST7796S.obj (.text:LCD_WR_REG)
                  00011640    00000040     touch.obj (.text:TP_Init)
                  00011680    00000040     device_init.obj (.text:device_init)
                  000116c0    00000040     ST7796S.obj (.text:mypow)
                  00011700    00000038     rtsv7M4_T_le_v4SPD16_eabi.lib : fs_tod_t2.asm.obj (.text)
                  00011738    00000036     delay.obj (.text:delay_init)
                  0001176e    00000002     --HOLE-- [fill = 0]
                  00011770    00000034     rtsv7M4_T_le_v4SPD16_eabi.lib : boot_cortex_m.c.obj (.text:_c_int00_noargs:_c_int00_noargs)
                  000117a4    00000004     --HOLE-- [fill = 0]
                  000117a8    00000032     myiic.obj (.text:IIC_Init)
                  000117da    00000006     --HOLE-- [fill = 0]
                  000117e0    00000030     ST7796S.obj (.text:LCD_RESET)
                  00011810    0000002a     ST7796S.obj (.text:GUI_DrawPoint)
                  0001183a    00000006     --HOLE-- [fill = 0]
                  00011840    00000028     vector.obj (.text:EUSCIB0_IRQHandler)
                  00011868    00000028     system_init.obj (.text:system_init)
                  00011890    00000026     ST7796S.obj (.text:LCD_DrawPoint)
                  000118b6    00000002     --HOLE-- [fill = 0]
                  000118b8    00000024     msp432p4xx_driverlib.lib : wdt_a.o (.text:WDT_A_holdTimer)
                  000118dc    00000004     --HOLE-- [fill = 0]
                  000118e0    00000024     main.obj (.text:main)
                  00011904    00000004     --HOLE-- [fill = 0]
                  00011908    00000020     ST7796S.obj (.text:LCD_SetCursor)
                  00011928    00000020     rtsv7M4_T_le_v4SPD16_eabi.lib : u_tofd_t2.asm.obj (.text)
                  00011948    0000001c     ST7796S.obj (.text:LCD_WriteReg)
                  00011964    0000001c     rtsv7M4_T_le_v4SPD16_eabi.lib : copy_zero_init.c.obj (.text:decompress:ZI:__TI_zero_init_nomemset:__TI_zero_init_nomemset)
                  00011980    00000014                                   : strlen.c.obj (.text:strlen)
                  00011994    00000004     --HOLE-- [fill = 0]
                  00011998    00000012     ST7796S.obj (.text:LCD_WriteRAM_Prepare)
                  000119aa    0000000e     rtsv7M4_T_le_v4SPD16_eabi.lib : copy_decompress_none.c.obj (.text:decompress:none:__TI_decompress_none)
                  000119b8    0000000c     startup_msp432p401r_ccs.obj (.text:Reset_Handler)
                  000119c4    00000004     --HOLE-- [fill = 0]
                  000119c8    00000008     24cxx.obj (.text:AT24CXX_Init)
                  000119d0    00000008     vector.obj (.text:WDT_A_IRQHandler)
                  000119d8    00000008     rtsv7M4_T_le_v4SPD16_eabi.lib : errno.c.obj (.text:__aeabi_errno_addr)
                  000119e0    00000002     startup_msp432p401r_ccs.obj (.text:Default_Handler)

.cinit     0    000119e8    00000048     
                  000119e8    00000021     (.cinit..data.load) [load image, compression = lzss]
                  00011a09    00000003     --HOLE-- [fill = 0]
                  00011a0c    0000000c     (__TI_handler_table)
                  00011a18    00000008     (.cinit..bss.load) [load image, compression = zero_init]
                  00011a20    00000010     (__TI_cinit_table)

.init_array 
*          0    00000000    00000000     UNINITIALIZED

.binit     0    00000000    00000000     

.data      0    20000000    0000003f     UNINITIALIZED
                  20000000    00000028     touch.obj (.data:tp_dev)
                  20000028    00000008     touch.obj (.data)
                  20000030    00000004     ST7796S.obj (.data)
                  20000034    00000004     delay.obj (.data)
                  20000038    00000004     rtsv7M4_T_le_v4SPD16_eabi.lib : errno.c.obj (.data)
                  2000003c    00000002     USCI_B0_SPI.obj (.data)
                  2000003e    00000001     key.obj (.data)

.bss       0    20000040    00000018     UNINITIALIZED
                  20000040    0000000e     (.common:lcddev)
                  2000004e    00000002     --HOLE--
                  20000050    00000008     USCI_B0_SPI.obj (.bss)

.stack     0    2000fe00    00000200     UNINITIALIZED
                  2000fe00    00000004     rtsv7M4_T_le_v4SPD16_eabi.lib : boot_cortex_m.c.obj (.stack)
                  2000fe04    000001fc     --HOLE--

__llvm_prf_cnts 
*          0    20000000    00000000     UNINITIALIZED

MODULE SUMMARY

       Module                        code    ro data   rw data
       ------                        ----    -------   -------
    .\
       system_msp432p401r.obj        160     0         0      
       main.obj                      36      0         0      
    +--+-----------------------------+-------+---------+---------+
       Total:                        196     0         0      
                                                              
    .\ccs\
       startup_msp432p401r_ccs.obj   14      228       0      
    +--+-----------------------------+-------+---------+---------+
       Total:                        14      228       0      
                                                              
    .\src\
       GUI.obj                       2578    35400     0      
       ST7796S.obj                   7456    16162     36     
       touch.obj                     4822    122       96     
       myiic.obj                     928     0         0      
       key.obj                       550     0         2      
       USCI_B0_SPI.obj               518     0         20     
       24cxx.obj                     404     0         0      
       delay.obj                     286     0         8      
       system_init.obj               230     0         0      
       device_init.obj               64      0         0      
       vector.obj                    48      0         0      
    +--+-----------------------------+-------+---------+---------+
       Total:                        17884   51684     162    
                                                              
    C:/ti/simplelink_msp432p4_sdk_3_40_01_02/source/ti/devices/msp432p4xx/driverlib/ccs/msp432p4xx_driverlib.lib
       wdt_a.o                       36      0         0      
    +--+-----------------------------+-------+---------+---------+
       Total:                        36      0         0      
                                                              
    C:\ti\ccs1011\ccs\tools\compiler\ti-cgt-arm_20.2.3.LTS\lib\rtsv7M4_T_le_v4SPD16_eabi.lib
       fd_add_t2.asm.obj             438     0         0      
       e_sqrt.c.obj                  344     0         0      
       fd_cmp_t2.asm.obj             268     0         0      
       fd_mul_t2.asm.obj             252     0         0      
       memcpy_t2.asm.obj             156     0         0      
       copy_decompress_lzss.c.obj    104     0         0      
       fd_toi_t2.asm.obj             72      0         0      
       autoinit.c.obj                68      0         0      
       fs_tod_t2.asm.obj             56      0         0      
       boot_cortex_m.c.obj           52      0         0      
       u_tofd_t2.asm.obj             32      0         0      
       copy_zero_init.c.obj          28      0         0      
       strlen.c.obj                  20      0         0      
       errno.c.obj                   8       0         8      
       copy_decompress_none.c.obj    14      0         0      
       exit.c.obj                    4       0         0      
       pre_init.c.obj                4       0         0      
    +--+-----------------------------+-------+---------+---------+
       Total:                        1920    0         8      
                                                              
       Stack:                        0       0         1024   
       Linker Generated:             0       69        0      
    +--+-----------------------------+-------+---------+---------+
       Grand Total:                  20050   51981     1194   


LINKER GENERATED COPY TABLES

__TI_cinit_table @ 00011a20 records: 2, size/record: 8, table size: 16
	.data: load addr=000119e8, load size=00000021 bytes, run addr=20000000, run size=0000003f bytes, compression=lzss
	.bss: load addr=00011a18, load size=00000008 bytes, run addr=20000040, run size=00000018 bytes, compression=zero_init


LINKER GENERATED HANDLER TABLE

__TI_handler_table @ 00011a0c records: 3, size/record: 4, table size: 12
	index: 0, handler: __TI_decompress_lzss
	index: 1, handler: __TI_decompress_none
	index: 2, handler: __TI_zero_init


GLOBAL SYMBOLS: SORTED ALPHABETICALLY BY Name 

address   name                          
-------   ----                          
000119e1  ADC14_IRQHandler              
000119e1  AES256_IRQHandler             
000119c9  AT24CXX_Init                  
00011121  AT24CXX_ReadLenByte           
00011189  AT24CXX_ReadOneByte           
00011259  AT24CXX_WriteLenByte          
00011439  AT24CXX_WriteOneByte          
20000032  BACK_COLOR                    
000119e1  BusFault_Handler              
0000deeb  C$$EXIT                       
20000028  CMD_RDX                       
20000029  CMD_RDY                       
000119e1  COMP_E0_IRQHandler            
000119e1  COMP_E1_IRQHandler            
000119e1  CS_IRQHandler                 
000119e1  DMA_ERR_IRQHandler            
000119e1  DMA_INT0_IRQHandler           
000119e1  DMA_INT1_IRQHandler           
000119e1  DMA_INT2_IRQHandler           
000119e1  DMA_INT3_IRQHandler           
000119e1  DebugMon_Handler              
000119e1  Default_Handler               
000119e1  EUSCIA0_IRQHandler            
000119e1  EUSCIA1_IRQHandler            
000119e1  EUSCIA2_IRQHandler            
000119e1  EUSCIA3_IRQHandler            
00011841  EUSCIB0_IRQHandler            
00011841  EUSCIB0_IRQHandler            
000119e1  EUSCIB1_IRQHandler            
000119e1  EUSCIB2_IRQHandler            
000119e1  EUSCIB3_IRQHandler            
000119e1  FLCTL_IRQHandler              
000119e1  FPU_IRQHandler                
0000e579  GUI_DrawFont16                
0000e751  GUI_DrawFont24                
0000e929  GUI_DrawFont32                
00011811  GUI_DrawPoint                 
000107a1  Gui_Drawbmp_JHL               
00010849  Gui_Drawbmp_LL                
00010419  Gui_StrCenter                 
000119e1  HardFault_Handler             
000112b9  IIC_Ack                       
000117a9  IIC_Init                      
00011319  IIC_NAck                      
000106f9  IIC_Read_Byte                 
00010599  IIC_Send_Byte                 
00011379  IIC_Start                     
000113d9  IIC_Stop                      
00010b79  IIC_Wait_Ack                  
000101c1  LCD_Clear                     
0000f281  LCD_DrawLine                  
00011891  LCD_DrawPoint                 
00010011  LCD_Fill                      
00011499  LCD_GPIOInit                  
0000e371  LCD_Init                      
000117e1  LCD_RESET                     
00011909  LCD_SetCursor                 
00010c19  LCD_SetWindows                
0000e141  LCD_ShowChar                  
0000d769  LCD_ShowChar_2412             
0000da01  LCD_ShowChar_3216             
0000f929  LCD_ShowNum                   
00010999  LCD_ShowString                
000115c1  LCD_WR_DATA                   
00011601  LCD_WR_REG                    
00011999  LCD_WriteRAM_Prepare          
00011949  LCD_WriteReg                  
0000fe49  LCD_direction                 
00010fd1  Lcd_WriteData_16Bit           
000119e1  MemManage_Handler             
000119e1  NMI_Handler                   
000119e1  PCM_IRQHandler                
20000030  POINT_COLOR                   
000119e1  PORT1_IRQHandler              
000119e1  PORT2_IRQHandler              
000119e1  PORT3_IRQHandler              
000119e1  PORT4_IRQHandler              
000119e1  PORT5_IRQHandler              
000119e1  PORT6_IRQHandler              
000119e1  PSS_IRQHandler                
000119e1  PendSV_Handler                
000119e1  RTC_C_IRQHandler              
000119b9  Reset_Handler                 
000119e1  SVC_Handler                   
0000def1  Show_Str                      
000119e1  SysTick_Handler               
00010a39  SystemInit                    
000119e1  T32_INT1_IRQHandler           
000119e1  T32_INT2_IRQHandler           
000119e1  T32_INTC_IRQHandler           
000119e1  TA0_0_IRQHandler              
000119e1  TA0_N_IRQHandler              
000119e1  TA1_0_IRQHandler              
000119e1  TA1_N_IRQHandler              
000119e1  TA2_0_IRQHandler              
000119e1  TA2_N_IRQHandler              
000119e1  TA3_0_IRQHandler              
000119e1  TA3_N_IRQHandler              
0000ee49  TP_Adj_Info_Show              
0000cad1  TP_Adjust                     
00010289  TP_Drow_Touch_Point           
0000fb51  TP_Get_Adjdata                
00011641  TP_Init                       
2000002c  TP_REMIND_MSG_TBL             
0000fa41  TP_Read_AD                    
0000f3a9  TP_Read_XOY                   
00011539  TP_Read_XY                    
0000ff31  TP_Read_XY2                   
00010649  TP_Save_Adjdata               
0000ecb9  TP_Scan                       
00010cb9  TP_Write_Byte                 
000119e1  UsageFault_Handler            
4000480c  WDTCTL_SYM                    
000119d1  WDT_A_IRQHandler              
000119d1  WDT_A_IRQHandler              
000118b9  WDT_A_holdTimer               
20010000  __STACK_END                   
00000200  __STACK_SIZE                  
00011a20  __TI_CINIT_Base               
00011a30  __TI_CINIT_Limit              
00011a0c  __TI_Handler_Table_Base       
00011a18  __TI_Handler_Table_Limit      
0001157d  __TI_auto_init_nobinit_nopinit
000111f1  __TI_decompress_lzss          
000119ab  __TI_decompress_none          
ffffffff  __TI_pprof_out_hndl           
ffffffff  __TI_prof_data_size           
ffffffff  __TI_prof_data_start          
00000000  __TI_static_base__            
00011965  __TI_zero_init_nomemset       
00010dd7  __aeabi_cdcmpeq               
00010dd7  __aeabi_cdcmple               
00010e5d  __aeabi_cdrcmple              
000114eb  __aeabi_d2iz                  
0000eb07  __aeabi_dadd                  
0000fc51  __aeabi_dmul                  
0000eafd  __aeabi_dsub                  
000119d9  __aeabi_errno_addr            
00011701  __aeabi_f2d                   
00010ad9  __aeabi_memcpy                
00010ad9  __aeabi_memcpy4               
00010ad9  __aeabi_memcpy8               
00011929  __aeabi_ui2d                  
ffffffff  __binit__                     
ffffffff  __c_args__                    
UNDEFED   __mpu_init                    
2000fe00  __stack                       
20000000  __start___llvm_prf_cnts       
20000000  __stop___llvm_prf_cnts        
00011771  _c_int00_noargs               
00010351  _draw_circle_8                
UNDEFED   _system_post_cinit            
0000d765  _system_pre_init              
0000deeb  abort                         
0000bfc0  asc2_1206                     
0000b4bc  asc2_1608                     
0000a2ec  asc2_2412                     
00008b2c  asc2_3216                     
ffffffff  binit                         
00011739  delay_init                    
00010ee9  delay_ms                      
00010f61  delay_us                      
00011681  device_init                   
0000d411  draw_interface                
0000f4c9  draw_interface1               
0000f5e1  draw_interface2               
0000f6f9  draw_interface3               
0000f811  draw_interface4               
0000dc89  draw_start                    
20000038  errno                         
000047fc  gImage_jianghanlin            
000000e4  gImage_liulu                  
0000fd51  gui_circle                    
00000000  interruptVectors              
000100e9  key_init                      
0000f129  key_test                      
20000040  lcddev                        
000118e1  main                          
00010ad9  memcpy                        
000116c1  mypow                         
0000efcd  sqrt                          
0000efcd  sqrtl                         
00011981  strlen                        
000104d9  system_clk_init               
00011869  system_init                   
0000c762  tfont16                       
0000c434  tfont24                       
0000baac  tfont32                       
20000000  tp_dev                        
00010d49  usci_b0_spi_init              
00011041  usci_b0_spi_rx_isr_handle     
000108f1  usci_b0_spi_transmit_frame    
000110b1  usci_b0_spi_tx_isr_handle     


GLOBAL SYMBOLS: SORTED BY Symbol Address 

address   name                          
-------   ----                          
00000000  __TI_static_base__            
00000000  interruptVectors              
000000e4  gImage_liulu                  
00000200  __STACK_SIZE                  
000047fc  gImage_jianghanlin            
00008b2c  asc2_3216                     
0000a2ec  asc2_2412                     
0000b4bc  asc2_1608                     
0000baac  tfont32                       
0000bfc0  asc2_1206                     
0000c434  tfont24                       
0000c762  tfont16                       
0000cad1  TP_Adjust                     
0000d411  draw_interface                
0000d765  _system_pre_init              
0000d769  LCD_ShowChar_2412             
0000da01  LCD_ShowChar_3216             
0000dc89  draw_start                    
0000deeb  C$$EXIT                       
0000deeb  abort                         
0000def1  Show_Str                      
0000e141  LCD_ShowChar                  
0000e371  LCD_Init                      
0000e579  GUI_DrawFont16                
0000e751  GUI_DrawFont24                
0000e929  GUI_DrawFont32                
0000eafd  __aeabi_dsub                  
0000eb07  __aeabi_dadd                  
0000ecb9  TP_Scan                       
0000ee49  TP_Adj_Info_Show              
0000efcd  sqrt                          
0000efcd  sqrtl                         
0000f129  key_test                      
0000f281  LCD_DrawLine                  
0000f3a9  TP_Read_XOY                   
0000f4c9  draw_interface1               
0000f5e1  draw_interface2               
0000f6f9  draw_interface3               
0000f811  draw_interface4               
0000f929  LCD_ShowNum                   
0000fa41  TP_Read_AD                    
0000fb51  TP_Get_Adjdata                
0000fc51  __aeabi_dmul                  
0000fd51  gui_circle                    
0000fe49  LCD_direction                 
0000ff31  TP_Read_XY2                   
00010011  LCD_Fill                      
000100e9  key_init                      
000101c1  LCD_Clear                     
00010289  TP_Drow_Touch_Point           
00010351  _draw_circle_8                
00010419  Gui_StrCenter                 
000104d9  system_clk_init               
00010599  IIC_Send_Byte                 
00010649  TP_Save_Adjdata               
000106f9  IIC_Read_Byte                 
000107a1  Gui_Drawbmp_JHL               
00010849  Gui_Drawbmp_LL                
000108f1  usci_b0_spi_transmit_frame    
00010999  LCD_ShowString                
00010a39  SystemInit                    
00010ad9  __aeabi_memcpy                
00010ad9  __aeabi_memcpy4               
00010ad9  __aeabi_memcpy8               
00010ad9  memcpy                        
00010b79  IIC_Wait_Ack                  
00010c19  LCD_SetWindows                
00010cb9  TP_Write_Byte                 
00010d49  usci_b0_spi_init              
00010dd7  __aeabi_cdcmpeq               
00010dd7  __aeabi_cdcmple               
00010e5d  __aeabi_cdrcmple              
00010ee9  delay_ms                      
00010f61  delay_us                      
00010fd1  Lcd_WriteData_16Bit           
00011041  usci_b0_spi_rx_isr_handle     
000110b1  usci_b0_spi_tx_isr_handle     
00011121  AT24CXX_ReadLenByte           
00011189  AT24CXX_ReadOneByte           
000111f1  __TI_decompress_lzss          
00011259  AT24CXX_WriteLenByte          
000112b9  IIC_Ack                       
00011319  IIC_NAck                      
00011379  IIC_Start                     
000113d9  IIC_Stop                      
00011439  AT24CXX_WriteOneByte          
00011499  LCD_GPIOInit                  
000114eb  __aeabi_d2iz                  
00011539  TP_Read_XY                    
0001157d  __TI_auto_init_nobinit_nopinit
000115c1  LCD_WR_DATA                   
00011601  LCD_WR_REG                    
00011641  TP_Init                       
00011681  device_init                   
000116c1  mypow                         
00011701  __aeabi_f2d                   
00011739  delay_init                    
00011771  _c_int00_noargs               
000117a9  IIC_Init                      
000117e1  LCD_RESET                     
00011811  GUI_DrawPoint                 
00011841  EUSCIB0_IRQHandler            
00011841  EUSCIB0_IRQHandler            
00011869  system_init                   
00011891  LCD_DrawPoint                 
000118b9  WDT_A_holdTimer               
000118e1  main                          
00011909  LCD_SetCursor                 
00011929  __aeabi_ui2d                  
00011949  LCD_WriteReg                  
00011965  __TI_zero_init_nomemset       
00011981  strlen                        
00011999  LCD_WriteRAM_Prepare          
000119ab  __TI_decompress_none          
000119b9  Reset_Handler                 
000119c9  AT24CXX_Init                  
000119d1  WDT_A_IRQHandler              
000119d1  WDT_A_IRQHandler              
000119d9  __aeabi_errno_addr            
000119e1  ADC14_IRQHandler              
000119e1  AES256_IRQHandler             
000119e1  BusFault_Handler              
000119e1  COMP_E0_IRQHandler            
000119e1  COMP_E1_IRQHandler            
000119e1  CS_IRQHandler                 
000119e1  DMA_ERR_IRQHandler            
000119e1  DMA_INT0_IRQHandler           
000119e1  DMA_INT1_IRQHandler           
000119e1  DMA_INT2_IRQHandler           
000119e1  DMA_INT3_IRQHandler           
000119e1  DebugMon_Handler              
000119e1  Default_Handler               
000119e1  EUSCIA0_IRQHandler            
000119e1  EUSCIA1_IRQHandler            
000119e1  EUSCIA2_IRQHandler            
000119e1  EUSCIA3_IRQHandler            
000119e1  EUSCIB1_IRQHandler            
000119e1  EUSCIB2_IRQHandler            
000119e1  EUSCIB3_IRQHandler            
000119e1  FLCTL_IRQHandler              
000119e1  FPU_IRQHandler                
000119e1  HardFault_Handler             
000119e1  MemManage_Handler             
000119e1  NMI_Handler                   
000119e1  PCM_IRQHandler                
000119e1  PORT1_IRQHandler              
000119e1  PORT2_IRQHandler              
000119e1  PORT3_IRQHandler              
000119e1  PORT4_IRQHandler              
000119e1  PORT5_IRQHandler              
000119e1  PORT6_IRQHandler              
000119e1  PSS_IRQHandler                
000119e1  PendSV_Handler                
000119e1  RTC_C_IRQHandler              
000119e1  SVC_Handler                   
000119e1  SysTick_Handler               
000119e1  T32_INT1_IRQHandler           
000119e1  T32_INT2_IRQHandler           
000119e1  T32_INTC_IRQHandler           
000119e1  TA0_0_IRQHandler              
000119e1  TA0_N_IRQHandler              
000119e1  TA1_0_IRQHandler              
000119e1  TA1_N_IRQHandler              
000119e1  TA2_0_IRQHandler              
000119e1  TA2_N_IRQHandler              
000119e1  TA3_0_IRQHandler              
000119e1  TA3_N_IRQHandler              
000119e1  UsageFault_Handler            
00011a0c  __TI_Handler_Table_Base       
00011a18  __TI_Handler_Table_Limit      
00011a20  __TI_CINIT_Base               
00011a30  __TI_CINIT_Limit              
20000000  __start___llvm_prf_cnts       
20000000  __stop___llvm_prf_cnts        
20000000  tp_dev                        
20000028  CMD_RDX                       
20000029  CMD_RDY                       
2000002c  TP_REMIND_MSG_TBL             
20000030  POINT_COLOR                   
20000032  BACK_COLOR                    
20000038  errno                         
20000040  lcddev                        
2000fe00  __stack                       
20010000  __STACK_END                   
4000480c  WDTCTL_SYM                    
ffffffff  __TI_pprof_out_hndl           
ffffffff  __TI_prof_data_size           
ffffffff  __TI_prof_data_start          
ffffffff  __binit__                     
ffffffff  __c_args__                    
ffffffff  binit                         
UNDEFED   __mpu_init                    
UNDEFED   _system_post_cinit            

[193 symbols]
