<?xml version="1.0" encoding="ISO-8859-1" ?>
<link_info>
   <banner>TI ARM Linker PC v20.2.3.LTS</banner>
   <copyright>Copyright (c) 1996-2018 Texas Instruments Incorporated</copyright>
   <link_time>0x5ff58bdd</link_time>
   <link_errors>0x0</link_errors>
   <output_file>TFT_SPI_display_with_touch.out</output_file>
   <entry_point>
      <name>_c_int00_noargs</name>
      <address>0x11771</address>
   </entry_point>
   <input_file_list>
      <input_file id="fl-2">
         <path>.\</path>
         <kind>object</kind>
         <file>main.obj</file>
         <name>main.obj</name>
      </input_file>
      <input_file id="fl-3">
         <path>.\</path>
         <kind>object</kind>
         <file>system_msp432p401r.obj</file>
         <name>system_msp432p401r.obj</name>
      </input_file>
      <input_file id="fl-4">
         <path>.\ccs\</path>
         <kind>object</kind>
         <file>startup_msp432p401r_ccs.obj</file>
         <name>startup_msp432p401r_ccs.obj</name>
      </input_file>
      <input_file id="fl-5">
         <path>.\src\</path>
         <kind>object</kind>
         <file>24cxx.obj</file>
         <name>24cxx.obj</name>
      </input_file>
      <input_file id="fl-6">
         <path>.\src\</path>
         <kind>object</kind>
         <file>ADS1118.obj</file>
         <name>ADS1118.obj</name>
      </input_file>
      <input_file id="fl-7">
         <path>.\src\</path>
         <kind>object</kind>
         <file>GUI.obj</file>
         <name>GUI.obj</name>
      </input_file>
      <input_file id="fl-8">
         <path>.\src\</path>
         <kind>object</kind>
         <file>ST7796S.obj</file>
         <name>ST7796S.obj</name>
      </input_file>
      <input_file id="fl-9">
         <path>.\src\</path>
         <kind>object</kind>
         <file>USCI_B0_SPI.obj</file>
         <name>USCI_B0_SPI.obj</name>
      </input_file>
      <input_file id="fl-a">
         <path>.\src\</path>
         <kind>object</kind>
         <file>dac8571.obj</file>
         <name>dac8571.obj</name>
      </input_file>
      <input_file id="fl-b">
         <path>.\src\</path>
         <kind>object</kind>
         <file>delay.obj</file>
         <name>delay.obj</name>
      </input_file>
      <input_file id="fl-c">
         <path>.\src\</path>
         <kind>object</kind>
         <file>device_init.obj</file>
         <name>device_init.obj</name>
      </input_file>
      <input_file id="fl-d">
         <path>.\src\</path>
         <kind>object</kind>
         <file>key.obj</file>
         <name>key.obj</name>
      </input_file>
      <input_file id="fl-e">
         <path>.\src\</path>
         <kind>object</kind>
         <file>myiic.obj</file>
         <name>myiic.obj</name>
      </input_file>
      <input_file id="fl-f">
         <path>.\src\</path>
         <kind>object</kind>
         <file>system_init.obj</file>
         <name>system_init.obj</name>
      </input_file>
      <input_file id="fl-10">
         <path>.\src\</path>
         <kind>object</kind>
         <file>test.obj</file>
         <name>test.obj</name>
      </input_file>
      <input_file id="fl-11">
         <path>.\src\</path>
         <kind>object</kind>
         <file>touch.obj</file>
         <name>touch.obj</name>
      </input_file>
      <input_file id="fl-12">
         <path>.\src\</path>
         <kind>object</kind>
         <file>vector.obj</file>
         <name>vector.obj</name>
      </input_file>
      <input_file id="fl-1c">
         <kind>object</kind>
         <file>&lt;internal&gt;</file>
         <name>&lt;internal&gt;</name>
      </input_file>
      <input_file id="fl-1d">
         <path>C:\ti\simplelink_msp432p4_sdk_3_40_01_02\source\ti\devices\msp432p4xx\driverlib\ccs\</path>
         <kind>archive</kind>
         <file>msp432p4xx_driverlib.lib</file>
         <name>wdt_a.o</name>
      </input_file>
      <input_file id="fl-1e">
         <path>C:\ti\simplelink_msp432p4_sdk_3_40_01_02\source\ti\devices\msp432p4xx\driverlib\ccs\</path>
         <kind>archive</kind>
         <file>msp432p4xx_driverlib.lib</file>
         <name>interrupt.o</name>
      </input_file>
      <input_file id="fl-1f">
         <path>C:\ti\simplelink_msp432p4_sdk_3_40_01_02\source\ti\devices\msp432p4xx\driverlib\ccs\</path>
         <kind>archive</kind>
         <file>msp432p4xx_driverlib.lib</file>
         <name>sysctl_a.o</name>
      </input_file>
      <input_file id="fl-20">
         <path>C:\ti\simplelink_msp432p4_sdk_3_40_01_02\source\ti\devices\msp432p4xx\driverlib\ccs\</path>
         <kind>archive</kind>
         <file>msp432p4xx_driverlib.lib</file>
         <name>cpu.o</name>
      </input_file>
      <input_file id="fl-d6">
         <path>C:\ti\ccs1011\ccs\tools\compiler\ti-cgt-arm_20.2.3.LTS\lib\</path>
         <kind>archive</kind>
         <file>rtsv7M4_T_le_v4SPD16_eabi.lib</file>
         <name>e_sqrt.c.obj</name>
      </input_file>
      <input_file id="fl-d7">
         <path>C:\ti\ccs1011\ccs\tools\compiler\ti-cgt-arm_20.2.3.LTS\lib\</path>
         <kind>archive</kind>
         <file>rtsv7M4_T_le_v4SPD16_eabi.lib</file>
         <name>fd_add_t2.asm.obj</name>
      </input_file>
      <input_file id="fl-d8">
         <path>C:\ti\ccs1011\ccs\tools\compiler\ti-cgt-arm_20.2.3.LTS\lib\</path>
         <kind>archive</kind>
         <file>rtsv7M4_T_le_v4SPD16_eabi.lib</file>
         <name>fd_cmp_t2.asm.obj</name>
      </input_file>
      <input_file id="fl-d9">
         <path>C:\ti\ccs1011\ccs\tools\compiler\ti-cgt-arm_20.2.3.LTS\lib\</path>
         <kind>archive</kind>
         <file>rtsv7M4_T_le_v4SPD16_eabi.lib</file>
         <name>fd_div_t2.asm.obj</name>
      </input_file>
      <input_file id="fl-da">
         <path>C:\ti\ccs1011\ccs\tools\compiler\ti-cgt-arm_20.2.3.LTS\lib\</path>
         <kind>archive</kind>
         <file>rtsv7M4_T_le_v4SPD16_eabi.lib</file>
         <name>fd_mul_t2.asm.obj</name>
      </input_file>
      <input_file id="fl-db">
         <path>C:\ti\ccs1011\ccs\tools\compiler\ti-cgt-arm_20.2.3.LTS\lib\</path>
         <kind>archive</kind>
         <file>rtsv7M4_T_le_v4SPD16_eabi.lib</file>
         <name>fd_toi_t2.asm.obj</name>
      </input_file>
      <input_file id="fl-dc">
         <path>C:\ti\ccs1011\ccs\tools\compiler\ti-cgt-arm_20.2.3.LTS\lib\</path>
         <kind>archive</kind>
         <file>rtsv7M4_T_le_v4SPD16_eabi.lib</file>
         <name>fd_tos_t2.asm.obj</name>
      </input_file>
      <input_file id="fl-dd">
         <path>C:\ti\ccs1011\ccs\tools\compiler\ti-cgt-arm_20.2.3.LTS\lib\</path>
         <kind>archive</kind>
         <file>rtsv7M4_T_le_v4SPD16_eabi.lib</file>
         <name>fs_tod_t2.asm.obj</name>
      </input_file>
      <input_file id="fl-de">
         <path>C:\ti\ccs1011\ccs\tools\compiler\ti-cgt-arm_20.2.3.LTS\lib\</path>
         <kind>archive</kind>
         <file>rtsv7M4_T_le_v4SPD16_eabi.lib</file>
         <name>u_tofd_t2.asm.obj</name>
      </input_file>
      <input_file id="fl-df">
         <path>C:\ti\ccs1011\ccs\tools\compiler\ti-cgt-arm_20.2.3.LTS\lib\</path>
         <kind>archive</kind>
         <file>rtsv7M4_T_le_v4SPD16_eabi.lib</file>
         <name>copy_zero_init.c.obj</name>
      </input_file>
      <input_file id="fl-e0">
         <path>C:\ti\ccs1011\ccs\tools\compiler\ti-cgt-arm_20.2.3.LTS\lib\</path>
         <kind>archive</kind>
         <file>rtsv7M4_T_le_v4SPD16_eabi.lib</file>
         <name>copy_decompress_none.c.obj</name>
      </input_file>
      <input_file id="fl-e1">
         <path>C:\ti\ccs1011\ccs\tools\compiler\ti-cgt-arm_20.2.3.LTS\lib\</path>
         <kind>archive</kind>
         <file>rtsv7M4_T_le_v4SPD16_eabi.lib</file>
         <name>copy_decompress_lzss.c.obj</name>
      </input_file>
      <input_file id="fl-e2">
         <path>C:\ti\ccs1011\ccs\tools\compiler\ti-cgt-arm_20.2.3.LTS\lib\</path>
         <kind>archive</kind>
         <file>rtsv7M4_T_le_v4SPD16_eabi.lib</file>
         <name>strlen.c.obj</name>
      </input_file>
      <input_file id="fl-e3">
         <path>C:\ti\ccs1011\ccs\tools\compiler\ti-cgt-arm_20.2.3.LTS\lib\</path>
         <kind>archive</kind>
         <file>rtsv7M4_T_le_v4SPD16_eabi.lib</file>
         <name>errno.c.obj</name>
      </input_file>
      <input_file id="fl-e4">
         <path>C:\ti\ccs1011\ccs\tools\compiler\ti-cgt-arm_20.2.3.LTS\lib\</path>
         <kind>archive</kind>
         <file>rtsv7M4_T_le_v4SPD16_eabi.lib</file>
         <name>boot_cortex_m.c.obj</name>
      </input_file>
      <input_file id="fl-e5">
         <path>C:\ti\ccs1011\ccs\tools\compiler\ti-cgt-arm_20.2.3.LTS\lib\</path>
         <kind>archive</kind>
         <file>rtsv7M4_T_le_v4SPD16_eabi.lib</file>
         <name>memcpy_t2.asm.obj</name>
      </input_file>
      <input_file id="fl-e6">
         <path>C:\ti\ccs1011\ccs\tools\compiler\ti-cgt-arm_20.2.3.LTS\lib\</path>
         <kind>archive</kind>
         <file>rtsv7M4_T_le_v4SPD16_eabi.lib</file>
         <name>memset_t2.asm.obj</name>
      </input_file>
      <input_file id="fl-e7">
         <path>C:\ti\ccs1011\ccs\tools\compiler\ti-cgt-arm_20.2.3.LTS\lib\</path>
         <kind>archive</kind>
         <file>rtsv7M4_T_le_v4SPD16_eabi.lib</file>
         <name>autoinit.c.obj</name>
      </input_file>
      <input_file id="fl-e8">
         <path>C:\ti\ccs1011\ccs\tools\compiler\ti-cgt-arm_20.2.3.LTS\lib\</path>
         <kind>archive</kind>
         <file>rtsv7M4_T_le_v4SPD16_eabi.lib</file>
         <name>pre_init.c.obj</name>
      </input_file>
      <input_file id="fl-e9">
         <path>C:\ti\ccs1011\ccs\tools\compiler\ti-cgt-arm_20.2.3.LTS\lib\</path>
         <kind>archive</kind>
         <file>rtsv7M4_T_le_v4SPD16_eabi.lib</file>
         <name>cpy_tbl.c.obj</name>
      </input_file>
      <input_file id="fl-ea">
         <path>C:\ti\ccs1011\ccs\tools\compiler\ti-cgt-arm_20.2.3.LTS\lib\</path>
         <kind>archive</kind>
         <file>rtsv7M4_T_le_v4SPD16_eabi.lib</file>
         <name>exit.c.obj</name>
      </input_file>
      <input_file id="fl-eb">
         <path>C:\ti\ccs1011\ccs\tools\compiler\ti-cgt-arm_20.2.3.LTS\lib\</path>
         <kind>archive</kind>
         <file>rtsv7M4_T_le_v4SPD16_eabi.lib</file>
         <name>_lock.c.obj</name>
      </input_file>
      <input_file id="fl-ec">
         <path>C:\ti\ccs1011\ccs\tools\compiler\ti-cgt-arm_20.2.3.LTS\lib\</path>
         <kind>archive</kind>
         <file>rtsv7M4_T_le_v4SPD16_eabi.lib</file>
         <name>args_main.c.obj</name>
      </input_file>
   </input_file_list>
   <object_component_list>
      <object_component id="oc-26">
         <name>.intvecs:retain</name>
         <load_address>0x0</load_address>
         <run_address>0x0</run_address>
         <size>0xe4</size>
         <input_file_ref idref="fl-4"/>
      </object_component>
      <object_component id="oc-22c">
         <name>.text:TP_Adjust</name>
         <load_address>0xcad0</load_address>
         <run_address>0xcad0</run_address>
         <size>0x940</size>
         <input_file_ref idref="fl-11"/>
      </object_component>
      <object_component id="oc-1b3">
         <name>.text:draw_interface</name>
         <load_address>0xd410</load_address>
         <run_address>0xd410</run_address>
         <size>0x354</size>
         <input_file_ref idref="fl-7"/>
      </object_component>
      <object_component id="oc-9f">
         <name>.text:_system_pre_init</name>
         <load_address>0xd764</load_address>
         <run_address>0xd764</run_address>
         <size>0x4</size>
         <input_file_ref idref="fl-e8"/>
      </object_component>
      <object_component id="oc-258">
         <name>.text:LCD_ShowChar_2412</name>
         <load_address>0xd768</load_address>
         <run_address>0xd768</run_address>
         <size>0x298</size>
         <input_file_ref idref="fl-8"/>
      </object_component>
      <object_component id="oc-252">
         <name>.text:LCD_ShowChar_3216</name>
         <load_address>0xda00</load_address>
         <run_address>0xda00</run_address>
         <size>0x288</size>
         <input_file_ref idref="fl-8"/>
      </object_component>
      <object_component id="oc-fe">
         <name>.text:draw_start</name>
         <load_address>0xdc88</load_address>
         <run_address>0xdc88</run_address>
         <size>0x262</size>
         <input_file_ref idref="fl-7"/>
      </object_component>
      <object_component id="oc-10a">
         <name>.text:abort:abort</name>
         <load_address>0xdeea</load_address>
         <run_address>0xdeea</run_address>
         <size>0x4</size>
         <input_file_ref idref="fl-ea"/>
      </object_component>
      <object_component id="oc-198">
         <name>.text:Show_Str</name>
         <load_address>0xdef0</load_address>
         <run_address>0xdef0</run_address>
         <size>0x24c</size>
         <input_file_ref idref="fl-8"/>
      </object_component>
      <object_component id="oc-25e">
         <name>.text:LCD_ShowChar</name>
         <load_address>0xe140</load_address>
         <run_address>0xe140</run_address>
         <size>0x230</size>
         <input_file_ref idref="fl-8"/>
      </object_component>
      <object_component id="oc-170">
         <name>.text:LCD_Init</name>
         <load_address>0xe370</load_address>
         <run_address>0xe370</run_address>
         <size>0x204</size>
         <input_file_ref idref="fl-8"/>
      </object_component>
      <object_component id="oc-270">
         <name>.text:GUI_DrawFont16</name>
         <load_address>0xe578</load_address>
         <run_address>0xe578</run_address>
         <size>0x1d4</size>
         <input_file_ref idref="fl-8"/>
      </object_component>
      <object_component id="oc-26a">
         <name>.text:GUI_DrawFont24</name>
         <load_address>0xe750</load_address>
         <run_address>0xe750</run_address>
         <size>0x1d4</size>
         <input_file_ref idref="fl-8"/>
      </object_component>
      <object_component id="oc-264">
         <name>.text:GUI_DrawFont32</name>
         <load_address>0xe928</load_address>
         <run_address>0xe928</run_address>
         <size>0x1d4</size>
         <input_file_ref idref="fl-8"/>
      </object_component>
      <object_component id="oc-3ee">
         <name>.text</name>
         <load_address>0xeafc</load_address>
         <run_address>0xeafc</run_address>
         <size>0x1b6</size>
         <input_file_ref idref="fl-d7"/>
      </object_component>
      <object_component id="oc-27b">
         <name>.text:TP_Scan</name>
         <load_address>0xecb8</load_address>
         <run_address>0xecb8</run_address>
         <size>0x18c</size>
         <input_file_ref idref="fl-11"/>
      </object_component>
      <object_component id="oc-337">
         <name>.text:TP_Adj_Info_Show</name>
         <load_address>0xee48</load_address>
         <run_address>0xee48</run_address>
         <size>0x184</size>
         <input_file_ref idref="fl-11"/>
      </object_component>
      <object_component id="oc-31d">
         <name>.text:sqrt</name>
         <load_address>0xefcc</load_address>
         <run_address>0xefcc</run_address>
         <size>0x158</size>
         <input_file_ref idref="fl-d6"/>
      </object_component>
      <object_component id="oc-bf">
         <name>.text:key_test</name>
         <load_address>0xf128</load_address>
         <run_address>0xf128</run_address>
         <size>0x154</size>
         <input_file_ref idref="fl-d"/>
      </object_component>
      <object_component id="oc-3db">
         <name>.text:LCD_DrawLine</name>
         <load_address>0xf280</load_address>
         <run_address>0xf280</run_address>
         <size>0x126</size>
         <input_file_ref idref="fl-8"/>
      </object_component>
      <object_component id="oc-2ed">
         <name>.text:TP_Read_XOY</name>
         <load_address>0xf3a8</load_address>
         <run_address>0xf3a8</run_address>
         <size>0x11a</size>
         <input_file_ref idref="fl-11"/>
      </object_component>
      <object_component id="oc-294">
         <name>.text:draw_interface1</name>
         <load_address>0xf4c8</load_address>
         <run_address>0xf4c8</run_address>
         <size>0x117</size>
         <input_file_ref idref="fl-7"/>
      </object_component>
      <object_component id="oc-29a">
         <name>.text:draw_interface2</name>
         <load_address>0xf5e0</load_address>
         <run_address>0xf5e0</run_address>
         <size>0x117</size>
         <input_file_ref idref="fl-7"/>
      </object_component>
      <object_component id="oc-2a0">
         <name>.text:draw_interface3</name>
         <load_address>0xf6f8</load_address>
         <run_address>0xf6f8</run_address>
         <size>0x117</size>
         <input_file_ref idref="fl-7"/>
      </object_component>
      <object_component id="oc-2a6">
         <name>.text:draw_interface4</name>
         <load_address>0xf810</load_address>
         <run_address>0xf810</run_address>
         <size>0x117</size>
         <input_file_ref idref="fl-7"/>
      </object_component>
      <object_component id="oc-404">
         <name>.text:LCD_ShowNum</name>
         <load_address>0xf928</load_address>
         <run_address>0xf928</run_address>
         <size>0x116</size>
         <input_file_ref idref="fl-8"/>
      </object_component>
      <object_component id="oc-3ae">
         <name>.text:TP_Read_AD</name>
         <load_address>0xfa40</load_address>
         <run_address>0xfa40</run_address>
         <size>0x10c</size>
         <input_file_ref idref="fl-11"/>
      </object_component>
      <object_component id="oc-226">
         <name>.text:TP_Get_Adjdata</name>
         <load_address>0xfb50</load_address>
         <run_address>0xfb50</run_address>
         <size>0x100</size>
         <input_file_ref idref="fl-11"/>
      </object_component>
      <object_component id="oc-3e9">
         <name>.text</name>
         <load_address>0xfc50</load_address>
         <run_address>0xfc50</run_address>
         <size>0xfc</size>
         <input_file_ref idref="fl-da"/>
      </object_component>
      <object_component id="oc-3e1">
         <name>.text:gui_circle</name>
         <load_address>0xfd50</load_address>
         <run_address>0xfd50</run_address>
         <size>0xf8</size>
         <input_file_ref idref="fl-8"/>
      </object_component>
      <object_component id="oc-213">
         <name>.text:LCD_direction</name>
         <load_address>0xfe48</load_address>
         <run_address>0xfe48</run_address>
         <size>0xe6</size>
         <input_file_ref idref="fl-8"/>
      </object_component>
      <object_component id="oc-378">
         <name>.text:TP_Read_XY2</name>
         <load_address>0xff30</load_address>
         <run_address>0xff30</run_address>
         <size>0xda</size>
         <input_file_ref idref="fl-11"/>
      </object_component>
      <object_component id="oc-1a7">
         <name>.text:LCD_Fill</name>
         <load_address>0x10010</load_address>
         <run_address>0x10010</run_address>
         <size>0xd2</size>
         <input_file_ref idref="fl-8"/>
      </object_component>
      <object_component id="oc-17c">
         <name>.text:key_init</name>
         <load_address>0x100e8</load_address>
         <run_address>0x100e8</run_address>
         <size>0xd2</size>
         <input_file_ref idref="fl-d"/>
      </object_component>
      <object_component id="oc-182">
         <name>.text:LCD_Clear</name>
         <load_address>0x101c0</load_address>
         <run_address>0x101c0</run_address>
         <size>0xc8</size>
         <input_file_ref idref="fl-8"/>
      </object_component>
      <object_component id="oc-312">
         <name>.text:TP_Drow_Touch_Point</name>
         <load_address>0x10288</load_address>
         <run_address>0x10288</run_address>
         <size>0xc8</size>
         <input_file_ref idref="fl-11"/>
      </object_component>
      <object_component id="oc-445">
         <name>.text:_draw_circle_8</name>
         <load_address>0x10350</load_address>
         <run_address>0x10350</run_address>
         <size>0xc4</size>
         <input_file_ref idref="fl-8"/>
      </object_component>
      <object_component id="oc-189">
         <name>.text:Gui_StrCenter</name>
         <load_address>0x10418</load_address>
         <run_address>0x10418</run_address>
         <size>0xc0</size>
         <input_file_ref idref="fl-8"/>
      </object_component>
      <object_component id="oc-15d">
         <name>.text:system_clk_init</name>
         <load_address>0x104d8</load_address>
         <run_address>0x104d8</run_address>
         <size>0xbe</size>
         <input_file_ref idref="fl-f"/>
      </object_component>
      <object_component id="oc-3be">
         <name>.text:IIC_Send_Byte</name>
         <load_address>0x10598</load_address>
         <run_address>0x10598</run_address>
         <size>0xae</size>
         <input_file_ref idref="fl-e"/>
      </object_component>
      <object_component id="oc-232">
         <name>.text:TP_Save_Adjdata</name>
         <load_address>0x10648</load_address>
         <run_address>0x10648</run_address>
         <size>0xaa</size>
         <input_file_ref idref="fl-11"/>
      </object_component>
      <object_component id="oc-3ca">
         <name>.text:IIC_Read_Byte</name>
         <load_address>0x106f8</load_address>
         <run_address>0x106f8</run_address>
         <size>0xa6</size>
         <input_file_ref idref="fl-e"/>
      </object_component>
      <object_component id="oc-192">
         <name>.text:Gui_Drawbmp_JHL</name>
         <load_address>0x107a0</load_address>
         <run_address>0x107a0</run_address>
         <size>0xa4</size>
         <input_file_ref idref="fl-8"/>
      </object_component>
      <object_component id="oc-1a1">
         <name>.text:Gui_Drawbmp_LL</name>
         <load_address>0x10848</load_address>
         <run_address>0x10848</run_address>
         <size>0xa4</size>
         <input_file_ref idref="fl-8"/>
      </object_component>
      <object_component id="oc-2db">
         <name>.text:usci_b0_spi_transmit_frame</name>
         <load_address>0x108f0</load_address>
         <run_address>0x108f0</run_address>
         <size>0xa4</size>
         <input_file_ref idref="fl-9"/>
      </object_component>
      <object_component id="oc-30c">
         <name>.text:LCD_ShowString</name>
         <load_address>0x10998</load_address>
         <run_address>0x10998</run_address>
         <size>0xa0</size>
         <input_file_ref idref="fl-8"/>
      </object_component>
      <object_component id="oc-b7">
         <name>.text:SystemInit</name>
         <load_address>0x10a38</load_address>
         <run_address>0x10a38</run_address>
         <size>0xa0</size>
         <input_file_ref idref="fl-3"/>
      </object_component>
      <object_component id="oc-37">
         <name>.text</name>
         <load_address>0x10ad8</load_address>
         <run_address>0x10ad8</run_address>
         <size>0x9c</size>
         <input_file_ref idref="fl-e5"/>
      </object_component>
      <object_component id="oc-3c4">
         <name>.text:IIC_Wait_Ack</name>
         <load_address>0x10b78</load_address>
         <run_address>0x10b78</run_address>
         <size>0x9a</size>
         <input_file_ref idref="fl-e"/>
      </object_component>
      <object_component id="oc-23a">
         <name>.text:LCD_SetWindows</name>
         <load_address>0x10c18</load_address>
         <run_address>0x10c18</run_address>
         <size>0x9a</size>
         <input_file_ref idref="fl-8"/>
      </object_component>
      <object_component id="oc-426">
         <name>.text:TP_Write_Byte</name>
         <load_address>0x10cb8</load_address>
         <run_address>0x10cb8</run_address>
         <size>0x90</size>
         <input_file_ref idref="fl-11"/>
      </object_component>
      <object_component id="oc-16a">
         <name>.text:usci_b0_spi_init</name>
         <load_address>0x10d48</load_address>
         <run_address>0x10d48</run_address>
         <size>0x8e</size>
         <input_file_ref idref="fl-9"/>
      </object_component>
      <object_component id="oc-32d">
         <name>.text:__aeabi_cdcmple</name>
         <load_address>0x10dd6</load_address>
         <run_address>0x10dd6</run_address>
         <size>0x86</size>
         <input_file_ref idref="fl-d8"/>
      </object_component>
      <object_component id="oc-332">
         <name>.text:__aeabi_cdrcmple</name>
         <load_address>0x10e5c</load_address>
         <run_address>0x10e5c</run_address>
         <size>0x86</size>
         <input_file_ref idref="fl-d8"/>
      </object_component>
      <object_component id="oc-2d4">
         <name>.text:delay_ms</name>
         <load_address>0x10ee8</load_address>
         <run_address>0x10ee8</run_address>
         <size>0x78</size>
         <input_file_ref idref="fl-b"/>
      </object_component>
      <object_component id="oc-42c">
         <name>.text:delay_us</name>
         <load_address>0x10f60</load_address>
         <run_address>0x10f60</run_address>
         <size>0x70</size>
         <input_file_ref idref="fl-b"/>
      </object_component>
      <object_component id="oc-240">
         <name>.text:Lcd_WriteData_16Bit</name>
         <load_address>0x10fd0</load_address>
         <run_address>0x10fd0</run_address>
         <size>0x6a</size>
         <input_file_ref idref="fl-8"/>
      </object_component>
      <object_component id="oc-c6">
         <name>.text:usci_b0_spi_rx_isr_handle</name>
         <load_address>0x11040</load_address>
         <run_address>0x11040</run_address>
         <size>0x6a</size>
         <input_file_ref idref="fl-9"/>
      </object_component>
      <object_component id="oc-cd">
         <name>.text:usci_b0_spi_tx_isr_handle</name>
         <load_address>0x110b0</load_address>
         <run_address>0x110b0</run_address>
         <size>0x6a</size>
         <input_file_ref idref="fl-9"/>
      </object_component>
      <object_component id="oc-302">
         <name>.text:AT24CXX_ReadLenByte</name>
         <load_address>0x11120</load_address>
         <run_address>0x11120</run_address>
         <size>0x68</size>
         <input_file_ref idref="fl-5"/>
      </object_component>
      <object_component id="oc-2fc">
         <name>.text:AT24CXX_ReadOneByte</name>
         <load_address>0x11188</load_address>
         <run_address>0x11188</run_address>
         <size>0x68</size>
         <input_file_ref idref="fl-5"/>
      </object_component>
      <object_component id="oc-17">
         <name>.text:decompress:lzss:__TI_decompress_lzss</name>
         <load_address>0x111f0</load_address>
         <run_address>0x111f0</run_address>
         <size>0x68</size>
         <input_file_ref idref="fl-e1"/>
      </object_component>
      <object_component id="oc-33e">
         <name>.text:AT24CXX_WriteLenByte</name>
         <load_address>0x11258</load_address>
         <run_address>0x11258</run_address>
         <size>0x60</size>
         <input_file_ref idref="fl-5"/>
      </object_component>
      <object_component id="oc-43c">
         <name>.text:IIC_Ack</name>
         <load_address>0x112b8</load_address>
         <run_address>0x112b8</run_address>
         <size>0x60</size>
         <input_file_ref idref="fl-e"/>
      </object_component>
      <object_component id="oc-436">
         <name>.text:IIC_NAck</name>
         <load_address>0x11318</load_address>
         <run_address>0x11318</run_address>
         <size>0x60</size>
         <input_file_ref idref="fl-e"/>
      </object_component>
      <object_component id="oc-3b8">
         <name>.text:IIC_Start</name>
         <load_address>0x11378</load_address>
         <run_address>0x11378</run_address>
         <size>0x60</size>
         <input_file_ref idref="fl-e"/>
      </object_component>
      <object_component id="oc-3d0">
         <name>.text:IIC_Stop</name>
         <load_address>0x113d8</load_address>
         <run_address>0x113d8</run_address>
         <size>0x60</size>
         <input_file_ref idref="fl-e"/>
      </object_component>
      <object_component id="oc-344">
         <name>.text:AT24CXX_WriteOneByte</name>
         <load_address>0x11438</load_address>
         <run_address>0x11438</run_address>
         <size>0x5c</size>
         <input_file_ref idref="fl-5"/>
      </object_component>
      <object_component id="oc-1fb">
         <name>.text:LCD_GPIOInit</name>
         <load_address>0x11498</load_address>
         <run_address>0x11498</run_address>
         <size>0x52</size>
         <input_file_ref idref="fl-8"/>
      </object_component>
      <object_component id="oc-323">
         <name>.text</name>
         <load_address>0x114ea</load_address>
         <run_address>0x114ea</run_address>
         <size>0x48</size>
         <input_file_ref idref="fl-db"/>
      </object_component>
      <object_component id="oc-21a">
         <name>.text:TP_Read_XY</name>
         <load_address>0x11538</load_address>
         <run_address>0x11538</run_address>
         <size>0x44</size>
         <input_file_ref idref="fl-11"/>
      </object_component>
      <object_component id="oc-116">
         <name>.text:__TI_auto_init_nobinit_nopinit:__TI_auto_init_nobinit_nopinit</name>
         <load_address>0x1157c</load_address>
         <run_address>0x1157c</run_address>
         <size>0x44</size>
         <input_file_ref idref="fl-e7"/>
      </object_component>
      <object_component id="oc-20d">
         <name>.text:LCD_WR_DATA</name>
         <load_address>0x115c0</load_address>
         <run_address>0x115c0</run_address>
         <size>0x40</size>
         <input_file_ref idref="fl-8"/>
      </object_component>
      <object_component id="oc-207">
         <name>.text:LCD_WR_REG</name>
         <load_address>0x11600</load_address>
         <run_address>0x11600</run_address>
         <size>0x40</size>
         <input_file_ref idref="fl-8"/>
      </object_component>
      <object_component id="oc-176">
         <name>.text:TP_Init</name>
         <load_address>0x11640</load_address>
         <run_address>0x11640</run_address>
         <size>0x40</size>
         <input_file_ref idref="fl-11"/>
      </object_component>
      <object_component id="oc-f8">
         <name>.text:device_init</name>
         <load_address>0x11680</load_address>
         <run_address>0x11680</run_address>
         <size>0x40</size>
         <input_file_ref idref="fl-c"/>
      </object_component>
      <object_component id="oc-45a">
         <name>.text:mypow</name>
         <load_address>0x116c0</load_address>
         <run_address>0x116c0</run_address>
         <size>0x40</size>
         <input_file_ref idref="fl-8"/>
      </object_component>
      <object_component id="oc-328">
         <name>.text</name>
         <load_address>0x11700</load_address>
         <run_address>0x11700</run_address>
         <size>0x38</size>
         <input_file_ref idref="fl-dd"/>
      </object_component>
      <object_component id="oc-163">
         <name>.text:delay_init</name>
         <load_address>0x11738</load_address>
         <run_address>0x11738</run_address>
         <size>0x36</size>
         <input_file_ref idref="fl-b"/>
      </object_component>
      <object_component id="oc-55">
         <name>.text:_c_int00_noargs:_c_int00_noargs</name>
         <load_address>0x11770</load_address>
         <run_address>0x11770</run_address>
         <size>0x34</size>
         <input_file_ref idref="fl-e4"/>
      </object_component>
      <object_component id="oc-2f5">
         <name>.text:IIC_Init</name>
         <load_address>0x117a8</load_address>
         <run_address>0x117a8</run_address>
         <size>0x32</size>
         <input_file_ref idref="fl-e"/>
      </object_component>
      <object_component id="oc-201">
         <name>.text:LCD_RESET</name>
         <load_address>0x117e0</load_address>
         <run_address>0x117e0</run_address>
         <size>0x30</size>
         <input_file_ref idref="fl-8"/>
      </object_component>
      <object_component id="oc-466">
         <name>.text:GUI_DrawPoint</name>
         <load_address>0x11810</load_address>
         <run_address>0x11810</run_address>
         <size>0x2a</size>
         <input_file_ref idref="fl-8"/>
      </object_component>
      <object_component id="oc-79">
         <name>.text:EUSCIB0_IRQHandler</name>
         <load_address>0x11840</load_address>
         <run_address>0x11840</run_address>
         <size>0x28</size>
         <input_file_ref idref="fl-12"/>
      </object_component>
      <object_component id="oc-f2">
         <name>.text:system_init</name>
         <load_address>0x11868</load_address>
         <run_address>0x11868</run_address>
         <size>0x28</size>
         <input_file_ref idref="fl-f"/>
      </object_component>
      <object_component id="oc-35a">
         <name>.text:LCD_DrawPoint</name>
         <load_address>0x11890</load_address>
         <run_address>0x11890</run_address>
         <size>0x26</size>
         <input_file_ref idref="fl-8"/>
      </object_component>
      <object_component id="oc-ec">
         <name>.text:WDT_A_holdTimer</name>
         <load_address>0x118b8</load_address>
         <run_address>0x118b8</run_address>
         <size>0x24</size>
         <input_file_ref idref="fl-1d"/>
      </object_component>
      <object_component id="oc-a5">
         <name>.text:main</name>
         <load_address>0x118e0</load_address>
         <run_address>0x118e0</run_address>
         <size>0x24</size>
         <input_file_ref idref="fl-2"/>
      </object_component>
      <object_component id="oc-412">
         <name>.text:LCD_SetCursor</name>
         <load_address>0x11908</load_address>
         <run_address>0x11908</run_address>
         <size>0x20</size>
         <input_file_ref idref="fl-8"/>
      </object_component>
      <object_component id="oc-318">
         <name>.text</name>
         <load_address>0x11928</load_address>
         <run_address>0x11928</run_address>
         <size>0x20</size>
         <input_file_ref idref="fl-de"/>
      </object_component>
      <object_component id="oc-2e3">
         <name>.text:LCD_WriteReg</name>
         <load_address>0x11948</load_address>
         <run_address>0x11948</run_address>
         <size>0x1c</size>
         <input_file_ref idref="fl-8"/>
      </object_component>
      <object_component id="oc-43">
         <name>.text:decompress:ZI:__TI_zero_init_nomemset:__TI_zero_init_nomemset</name>
         <load_address>0x11964</load_address>
         <run_address>0x11964</run_address>
         <size>0x1c</size>
         <input_file_ref idref="fl-df"/>
      </object_component>
      <object_component id="oc-247">
         <name>.text:strlen</name>
         <load_address>0x11980</load_address>
         <run_address>0x11980</run_address>
         <size>0x14</size>
         <input_file_ref idref="fl-e2"/>
      </object_component>
      <object_component id="oc-34b">
         <name>.text:LCD_WriteRAM_Prepare</name>
         <load_address>0x11998</load_address>
         <run_address>0x11998</run_address>
         <size>0x12</size>
         <input_file_ref idref="fl-8"/>
      </object_component>
      <object_component id="oc-1d">
         <name>.text:decompress:none:__TI_decompress_none</name>
         <load_address>0x119aa</load_address>
         <run_address>0x119aa</run_address>
         <size>0xe</size>
         <input_file_ref idref="fl-e0"/>
      </object_component>
      <object_component id="oc-67">
         <name>.text:Reset_Handler</name>
         <load_address>0x119b8</load_address>
         <run_address>0x119b8</run_address>
         <size>0xc</size>
         <input_file_ref idref="fl-4"/>
      </object_component>
      <object_component id="oc-220">
         <name>.text:AT24CXX_Init</name>
         <load_address>0x119c8</load_address>
         <run_address>0x119c8</run_address>
         <size>0x8</size>
         <input_file_ref idref="fl-5"/>
      </object_component>
      <object_component id="oc-73">
         <name>.text:WDT_A_IRQHandler</name>
         <load_address>0x119d0</load_address>
         <run_address>0x119d0</run_address>
         <size>0x8</size>
         <input_file_ref idref="fl-12"/>
      </object_component>
      <object_component id="oc-3f3">
         <name>.text:__aeabi_errno_addr</name>
         <load_address>0x119d8</load_address>
         <run_address>0x119d8</run_address>
         <size>0x8</size>
         <input_file_ref idref="fl-e3"/>
      </object_component>
      <object_component id="oc-6d">
         <name>.text:Default_Handler</name>
         <load_address>0x119e0</load_address>
         <run_address>0x119e0</run_address>
         <size>0x2</size>
         <input_file_ref idref="fl-4"/>
      </object_component>
      <object_component id="oc-19e">
         <name>.const:.string:gImage_liulu</name>
         <load_address>0xe4</load_address>
         <run_address>0xe4</run_address>
         <size>0x4718</size>
         <input_file_ref idref="fl-7"/>
      </object_component>
      <object_component id="oc-18f">
         <name>.const:.string:gImage_jianghanlin</name>
         <load_address>0x47fc</load_address>
         <run_address>0x47fc</run_address>
         <size>0x4330</size>
         <input_file_ref idref="fl-7"/>
      </object_component>
      <object_component id="oc-357">
         <name>.const:asc2_3216</name>
         <load_address>0x8b2c</load_address>
         <run_address>0x8b2c</run_address>
         <size>0x17c0</size>
         <input_file_ref idref="fl-8"/>
      </object_component>
      <object_component id="oc-361">
         <name>.const:asc2_2412</name>
         <load_address>0xa2ec</load_address>
         <run_address>0xa2ec</run_address>
         <size>0x11d0</size>
         <input_file_ref idref="fl-8"/>
      </object_component>
      <object_component id="oc-368">
         <name>.const:asc2_1608</name>
         <load_address>0xb4bc</load_address>
         <run_address>0xb4bc</run_address>
         <size>0x5f0</size>
         <input_file_ref idref="fl-8"/>
      </object_component>
      <object_component id="oc-36c">
         <name>.const:tfont32</name>
         <load_address>0xbaac</load_address>
         <run_address>0xbaac</run_address>
         <size>0x514</size>
         <input_file_ref idref="fl-8"/>
      </object_component>
      <object_component id="oc-365">
         <name>.const:asc2_1206</name>
         <load_address>0xbfc0</load_address>
         <run_address>0xbfc0</run_address>
         <size>0x474</size>
         <input_file_ref idref="fl-8"/>
      </object_component>
      <object_component id="oc-370">
         <name>.const:tfont24</name>
         <load_address>0xc434</load_address>
         <run_address>0xc434</run_address>
         <size>0x32e</size>
         <input_file_ref idref="fl-8"/>
      </object_component>
      <object_component id="oc-374">
         <name>.const:tfont16</name>
         <load_address>0xc762</load_address>
         <run_address>0xc762</run_address>
         <size>0x2ec</size>
         <input_file_ref idref="fl-8"/>
      </object_component>
      <object_component id="oc-3ab">
         <name>.const:.string</name>
         <load_address>0xca50</load_address>
         <run_address>0xca50</run_address>
         <size>0x7a</size>
         <input_file_ref idref="fl-11"/>
      </object_component>
      <object_component id="oc-4a4">
         <name>.cinit..data.load</name>
         <load_address>0x119e8</load_address>
         <run_address>0x119e8</run_address>
         <size>0x21</size>
      </object_component>
      <object_component id="oc-4a2">
         <name>__TI_handler_table</name>
         <load_address>0x11a0c</load_address>
         <run_address>0x11a0c</run_address>
         <size>0xc</size>
      </object_component>
      <object_component id="oc-4a5">
         <name>.cinit..bss.load</name>
         <load_address>0x11a18</load_address>
         <run_address>0x11a18</run_address>
         <size>0x8</size>
      </object_component>
      <object_component id="oc-4a3">
         <name>__TI_cinit_table</name>
         <load_address>0x11a20</load_address>
         <run_address>0x11a20</run_address>
         <size>0x10</size>
      </object_component>
      <object_component id="oc-476">
         <name>.binit</name>
         <load_address>0x0</load_address>
         <run_address>0x0</run_address>
         <size>0x0</size>
      </object_component>
      <object_component id="oc-309">
         <name>.data</name>
         <load_address>0x20000030</load_address>
         <run_address>0x20000030</run_address>
         <size>0x4</size>
         <input_file_ref idref="fl-8"/>
      </object_component>
      <object_component id="oc-14e">
         <name>.data</name>
         <load_address>0x2000003c</load_address>
         <run_address>0x2000003c</run_address>
         <size>0x2</size>
         <input_file_ref idref="fl-9"/>
      </object_component>
      <object_component id="oc-1f6">
         <name>.data</name>
         <load_address>0x20000034</load_address>
         <run_address>0x20000034</run_address>
         <size>0x4</size>
         <input_file_ref idref="fl-b"/>
      </object_component>
      <object_component id="oc-149">
         <name>.data</name>
         <load_address>0x2000003e</load_address>
         <run_address>0x2000003e</run_address>
         <size>0x1</size>
         <input_file_ref idref="fl-d"/>
      </object_component>
      <object_component id="oc-1ad">
         <name>.data:tp_dev</name>
         <load_address>0x20000000</load_address>
         <run_address>0x20000000</run_address>
         <size>0x28</size>
         <input_file_ref idref="fl-11"/>
      </object_component>
      <object_component id="oc-2ea">
         <name>.data</name>
         <load_address>0x20000028</load_address>
         <run_address>0x20000028</run_address>
         <size>0x8</size>
         <input_file_ref idref="fl-11"/>
      </object_component>
      <object_component id="oc-44e">
         <name>.data</name>
         <load_address>0x20000038</load_address>
         <run_address>0x20000038</run_address>
         <size>0x4</size>
         <input_file_ref idref="fl-e3"/>
      </object_component>
      <object_component id="oc-14b">
         <name>.bss</name>
         <uninitialized>true</uninitialized>
         <run_address>0x20000050</run_address>
         <size>0x8</size>
         <input_file_ref idref="fl-9"/>
      </object_component>
      <object_component id="oc-1b0">
         <name>.common:lcddev</name>
         <uninitialized>true</uninitialized>
         <run_address>0x20000040</run_address>
         <size>0xe</size>
      </object_component>
      <object_component id="oc-29">
         <name>.stack</name>
         <uninitialized>true</uninitialized>
         <run_address>0x2000fe00</run_address>
         <size>0x4</size>
         <input_file_ref idref="fl-e4"/>
      </object_component>
      <object_component id="oc-4a7">
         <name>.stack</name>
         <uninitialized>true</uninitialized>
         <run_address>0x2000fe00</run_address>
         <size>0x0</size>
      </object_component>
      <object_component id="oc-156">
         <name>.debug_info</name>
         <load_address>0x0</load_address>
         <run_address>0x0</run_address>
         <size>0x5d7</size>
         <input_file_ref idref="fl-2"/>
      </object_component>
      <object_component id="oc-a9">
         <name>.debug_info</name>
         <load_address>0x5d7</load_address>
         <run_address>0x5d7</run_address>
         <size>0x169</size>
         <input_file_ref idref="fl-2"/>
      </object_component>
      <object_component id="oc-d7">
         <name>.debug_info</name>
         <load_address>0x740</load_address>
         <run_address>0x740</run_address>
         <size>0x26b</size>
         <input_file_ref idref="fl-2"/>
      </object_component>
      <object_component id="oc-1e6">
         <name>.debug_info</name>
         <load_address>0x9ab</load_address>
         <run_address>0x9ab</run_address>
         <size>0x1028</size>
         <input_file_ref idref="fl-2"/>
      </object_component>
      <object_component id="oc-1e1">
         <name>.debug_info</name>
         <load_address>0x19d3</load_address>
         <run_address>0x19d3</run_address>
         <size>0x37e2</size>
         <input_file_ref idref="fl-2"/>
      </object_component>
      <object_component id="oc-28f">
         <name>.debug_info</name>
         <load_address>0x51b5</load_address>
         <run_address>0x51b5</run_address>
         <size>0xc2</size>
         <input_file_ref idref="fl-2"/>
      </object_component>
      <object_component id="oc-105">
         <name>.debug_info</name>
         <load_address>0x5277</load_address>
         <run_address>0x5277</run_address>
         <size>0x8b</size>
         <input_file_ref idref="fl-2"/>
      </object_component>
      <object_component id="oc-151">
         <name>.debug_info</name>
         <load_address>0x5302</load_address>
         <run_address>0x5302</run_address>
         <size>0x2a4</size>
         <input_file_ref idref="fl-2"/>
      </object_component>
      <object_component id="oc-1eb">
         <name>.debug_info</name>
         <load_address>0x55a6</load_address>
         <run_address>0x55a6</run_address>
         <size>0xbb</size>
         <input_file_ref idref="fl-2"/>
      </object_component>
      <object_component id="oc-ba">
         <name>.debug_info</name>
         <load_address>0x5661</load_address>
         <run_address>0x5661</run_address>
         <size>0x14c</size>
         <input_file_ref idref="fl-3"/>
      </object_component>
      <object_component id="oc-32">
         <name>.debug_info</name>
         <load_address>0x57ad</load_address>
         <run_address>0x57ad</run_address>
         <size>0x84</size>
         <input_file_ref idref="fl-3"/>
      </object_component>
      <object_component id="oc-81">
         <name>.debug_info</name>
         <load_address>0x5831</load_address>
         <run_address>0x5831</run_address>
         <size>0x2ec</size>
         <input_file_ref idref="fl-4"/>
      </object_component>
      <object_component id="oc-27">
         <name>.debug_info</name>
         <load_address>0x5b1d</load_address>
         <run_address>0x5b1d</run_address>
         <size>0x118</size>
         <input_file_ref idref="fl-4"/>
      </object_component>
      <object_component id="oc-69">
         <name>.debug_info</name>
         <load_address>0x5c35</load_address>
         <run_address>0x5c35</run_address>
         <size>0x17b</size>
         <input_file_ref idref="fl-4"/>
      </object_component>
      <object_component id="oc-71">
         <name>.debug_info</name>
         <load_address>0x5db0</load_address>
         <run_address>0x5db0</run_address>
         <size>0x163</size>
         <input_file_ref idref="fl-4"/>
      </object_component>
      <object_component id="oc-221">
         <name>.debug_info</name>
         <load_address>0x5f13</load_address>
         <run_address>0x5f13</run_address>
         <size>0x141</size>
         <input_file_ref idref="fl-5"/>
      </object_component>
      <object_component id="oc-2fd">
         <name>.debug_info</name>
         <load_address>0x6054</load_address>
         <run_address>0x6054</run_address>
         <size>0x241</size>
         <input_file_ref idref="fl-5"/>
      </object_component>
      <object_component id="oc-345">
         <name>.debug_info</name>
         <load_address>0x6295</load_address>
         <run_address>0x6295</run_address>
         <size>0x25b</size>
         <input_file_ref idref="fl-5"/>
      </object_component>
      <object_component id="oc-33f">
         <name>.debug_info</name>
         <load_address>0x64f0</load_address>
         <run_address>0x64f0</run_address>
         <size>0x1fe</size>
         <input_file_ref idref="fl-5"/>
      </object_component>
      <object_component id="oc-303">
         <name>.debug_info</name>
         <load_address>0x66ee</load_address>
         <run_address>0x66ee</run_address>
         <size>0x1ce</size>
         <input_file_ref idref="fl-5"/>
      </object_component>
      <object_component id="oc-250">
         <name>.debug_info</name>
         <load_address>0x68bc</load_address>
         <run_address>0x68bc</run_address>
         <size>0x747</size>
         <input_file_ref idref="fl-7"/>
      </object_component>
      <object_component id="oc-190">
         <name>.debug_info</name>
         <load_address>0x7003</load_address>
         <run_address>0x7003</run_address>
         <size>0x108</size>
         <input_file_ref idref="fl-7"/>
      </object_component>
      <object_component id="oc-19f">
         <name>.debug_info</name>
         <load_address>0x710b</load_address>
         <run_address>0x710b</run_address>
         <size>0xfd</size>
         <input_file_ref idref="fl-7"/>
      </object_component>
      <object_component id="oc-295">
         <name>.debug_info</name>
         <load_address>0x7208</load_address>
         <run_address>0x7208</run_address>
         <size>0x19d</size>
         <input_file_ref idref="fl-7"/>
      </object_component>
      <object_component id="oc-29c">
         <name>.debug_info</name>
         <load_address>0x73a5</load_address>
         <run_address>0x73a5</run_address>
         <size>0x19d</size>
         <input_file_ref idref="fl-7"/>
      </object_component>
      <object_component id="oc-2a2">
         <name>.debug_info</name>
         <load_address>0x7542</load_address>
         <run_address>0x7542</run_address>
         <size>0x19d</size>
         <input_file_ref idref="fl-7"/>
      </object_component>
      <object_component id="oc-2a8">
         <name>.debug_info</name>
         <load_address>0x76df</load_address>
         <run_address>0x76df</run_address>
         <size>0x19d</size>
         <input_file_ref idref="fl-7"/>
      </object_component>
      <object_component id="oc-1b5">
         <name>.debug_info</name>
         <load_address>0x787c</load_address>
         <run_address>0x787c</run_address>
         <size>0x2b1</size>
         <input_file_ref idref="fl-7"/>
      </object_component>
      <object_component id="oc-ff">
         <name>.debug_info</name>
         <load_address>0x7b2d</load_address>
         <run_address>0x7b2d</run_address>
         <size>0x223</size>
         <input_file_ref idref="fl-7"/>
      </object_component>
      <object_component id="oc-283">
         <name>.debug_info</name>
         <load_address>0x7d50</load_address>
         <run_address>0x7d50</run_address>
         <size>0x13a</size>
         <input_file_ref idref="fl-7"/>
      </object_component>
      <object_component id="oc-1b1">
         <name>.debug_info</name>
         <load_address>0x7e8a</load_address>
         <run_address>0x7e8a</run_address>
         <size>0x747</size>
         <input_file_ref idref="fl-8"/>
      </object_component>
      <object_component id="oc-366">
         <name>.debug_info</name>
         <load_address>0x85d1</load_address>
         <run_address>0x85d1</run_address>
         <size>0xfa</size>
         <input_file_ref idref="fl-8"/>
      </object_component>
      <object_component id="oc-369">
         <name>.debug_info</name>
         <load_address>0x86cb</load_address>
         <run_address>0x86cb</run_address>
         <size>0xfa</size>
         <input_file_ref idref="fl-8"/>
      </object_component>
      <object_component id="oc-362">
         <name>.debug_info</name>
         <load_address>0x87c5</load_address>
         <run_address>0x87c5</run_address>
         <size>0xfb</size>
         <input_file_ref idref="fl-8"/>
      </object_component>
      <object_component id="oc-358">
         <name>.debug_info</name>
         <load_address>0x88c0</load_address>
         <run_address>0x88c0</run_address>
         <size>0xfb</size>
         <input_file_ref idref="fl-8"/>
      </object_component>
      <object_component id="oc-375">
         <name>.debug_info</name>
         <load_address>0x89bb</load_address>
         <run_address>0x89bb</run_address>
         <size>0xf7</size>
         <input_file_ref idref="fl-8"/>
      </object_component>
      <object_component id="oc-371">
         <name>.debug_info</name>
         <load_address>0x8ab2</load_address>
         <run_address>0x8ab2</run_address>
         <size>0xf7</size>
         <input_file_ref idref="fl-8"/>
      </object_component>
      <object_component id="oc-36d">
         <name>.debug_info</name>
         <load_address>0x8ba9</load_address>
         <run_address>0x8ba9</run_address>
         <size>0xf7</size>
         <input_file_ref idref="fl-8"/>
      </object_component>
      <object_component id="oc-30a">
         <name>.debug_info</name>
         <load_address>0x8ca0</load_address>
         <run_address>0x8ca0</run_address>
         <size>0x123</size>
         <input_file_ref idref="fl-8"/>
      </object_component>
      <object_component id="oc-208">
         <name>.debug_info</name>
         <load_address>0x8dc3</load_address>
         <run_address>0x8dc3</run_address>
         <size>0x178</size>
         <input_file_ref idref="fl-8"/>
      </object_component>
      <object_component id="oc-20e">
         <name>.debug_info</name>
         <load_address>0x8f3b</load_address>
         <run_address>0x8f3b</run_address>
         <size>0x17a</size>
         <input_file_ref idref="fl-8"/>
      </object_component>
      <object_component id="oc-2e4">
         <name>.debug_info</name>
         <load_address>0x90b5</load_address>
         <run_address>0x90b5</run_address>
         <size>0x1cd</size>
         <input_file_ref idref="fl-8"/>
      </object_component>
      <object_component id="oc-34c">
         <name>.debug_info</name>
         <load_address>0x9282</load_address>
         <run_address>0x9282</run_address>
         <size>0x159</size>
         <input_file_ref idref="fl-8"/>
      </object_component>
      <object_component id="oc-241">
         <name>.debug_info</name>
         <load_address>0x93db</load_address>
         <run_address>0x93db</run_address>
         <size>0x1cd</size>
         <input_file_ref idref="fl-8"/>
      </object_component>
      <object_component id="oc-35b">
         <name>.debug_info</name>
         <load_address>0x95a8</load_address>
         <run_address>0x95a8</run_address>
         <size>0x196</size>
         <input_file_ref idref="fl-8"/>
      </object_component>
      <object_component id="oc-183">
         <name>.debug_info</name>
         <load_address>0x973e</load_address>
         <run_address>0x973e</run_address>
         <size>0x1a0</size>
         <input_file_ref idref="fl-8"/>
      </object_component>
      <object_component id="oc-1fc">
         <name>.debug_info</name>
         <load_address>0x98de</load_address>
         <run_address>0x98de</run_address>
         <size>0x138</size>
         <input_file_ref idref="fl-8"/>
      </object_component>
      <object_component id="oc-202">
         <name>.debug_info</name>
         <load_address>0x9a16</load_address>
         <run_address>0x9a16</run_address>
         <size>0x150</size>
         <input_file_ref idref="fl-8"/>
      </object_component>
      <object_component id="oc-171">
         <name>.debug_info</name>
         <load_address>0x9b66</load_address>
         <run_address>0x9b66</run_address>
         <size>0x6ef</size>
         <input_file_ref idref="fl-8"/>
      </object_component>
      <object_component id="oc-23b">
         <name>.debug_info</name>
         <load_address>0xa255</load_address>
         <run_address>0xa255</run_address>
         <size>0x2a0</size>
         <input_file_ref idref="fl-8"/>
      </object_component>
      <object_component id="oc-413">
         <name>.debug_info</name>
         <load_address>0xa4f5</load_address>
         <run_address>0xa4f5</run_address>
         <size>0x198</size>
         <input_file_ref idref="fl-8"/>
      </object_component>
      <object_component id="oc-214">
         <name>.debug_info</name>
         <load_address>0xa68d</load_address>
         <run_address>0xa68d</run_address>
         <size>0x1c0</size>
         <input_file_ref idref="fl-8"/>
      </object_component>
      <object_component id="oc-467">
         <name>.debug_info</name>
         <load_address>0xa84d</load_address>
         <run_address>0xa84d</run_address>
         <size>0x1c0</size>
         <input_file_ref idref="fl-8"/>
      </object_component>
      <object_component id="oc-1a8">
         <name>.debug_info</name>
         <load_address>0xaa0d</load_address>
         <run_address>0xaa0d</run_address>
         <size>0x239</size>
         <input_file_ref idref="fl-8"/>
      </object_component>
      <object_component id="oc-3dc">
         <name>.debug_info</name>
         <load_address>0xac46</load_address>
         <run_address>0xac46</run_address>
         <size>0x27d</size>
         <input_file_ref idref="fl-8"/>
      </object_component>
      <object_component id="oc-446">
         <name>.debug_info</name>
         <load_address>0xaec3</load_address>
         <run_address>0xaec3</run_address>
         <size>0x24f</size>
         <input_file_ref idref="fl-8"/>
      </object_component>
      <object_component id="oc-3e2">
         <name>.debug_info</name>
         <load_address>0xb112</load_address>
         <run_address>0xb112</run_address>
         <size>0x209</size>
         <input_file_ref idref="fl-8"/>
      </object_component>
      <object_component id="oc-259">
         <name>.debug_info</name>
         <load_address>0xb31b</load_address>
         <run_address>0xb31b</run_address>
         <size>0x2e1</size>
         <input_file_ref idref="fl-8"/>
      </object_component>
      <object_component id="oc-253">
         <name>.debug_info</name>
         <load_address>0xb5fc</load_address>
         <run_address>0xb5fc</run_address>
         <size>0x2e1</size>
         <input_file_ref idref="fl-8"/>
      </object_component>
      <object_component id="oc-25f">
         <name>.debug_info</name>
         <load_address>0xb8dd</load_address>
         <run_address>0xb8dd</run_address>
         <size>0x28f</size>
         <input_file_ref idref="fl-8"/>
      </object_component>
      <object_component id="oc-30d">
         <name>.debug_info</name>
         <load_address>0xbb6c</load_address>
         <run_address>0xbb6c</run_address>
         <size>0x1cc</size>
         <input_file_ref idref="fl-8"/>
      </object_component>
      <object_component id="oc-45b">
         <name>.debug_info</name>
         <load_address>0xbd38</load_address>
         <run_address>0xbd38</run_address>
         <size>0x175</size>
         <input_file_ref idref="fl-8"/>
      </object_component>
      <object_component id="oc-405">
         <name>.debug_info</name>
         <load_address>0xbead</load_address>
         <run_address>0xbead</run_address>
         <size>0x21d</size>
         <input_file_ref idref="fl-8"/>
      </object_component>
      <object_component id="oc-271">
         <name>.debug_info</name>
         <load_address>0xc0ca</load_address>
         <run_address>0xc0ca</run_address>
         <size>0x279</size>
         <input_file_ref idref="fl-8"/>
      </object_component>
      <object_component id="oc-26b">
         <name>.debug_info</name>
         <load_address>0xc343</load_address>
         <run_address>0xc343</run_address>
         <size>0x279</size>
         <input_file_ref idref="fl-8"/>
      </object_component>
      <object_component id="oc-265">
         <name>.debug_info</name>
         <load_address>0xc5bc</load_address>
         <run_address>0xc5bc</run_address>
         <size>0x279</size>
         <input_file_ref idref="fl-8"/>
      </object_component>
      <object_component id="oc-199">
         <name>.debug_info</name>
         <load_address>0xc835</load_address>
         <run_address>0xc835</run_address>
         <size>0x27e</size>
         <input_file_ref idref="fl-8"/>
      </object_component>
      <object_component id="oc-18a">
         <name>.debug_info</name>
         <load_address>0xcab3</load_address>
         <run_address>0xcab3</run_address>
         <size>0x20f</size>
         <input_file_ref idref="fl-8"/>
      </object_component>
      <object_component id="oc-193">
         <name>.debug_info</name>
         <load_address>0xccc2</load_address>
         <run_address>0xccc2</run_address>
         <size>0x1fa</size>
         <input_file_ref idref="fl-8"/>
      </object_component>
      <object_component id="oc-1a2">
         <name>.debug_info</name>
         <load_address>0xcebc</load_address>
         <run_address>0xcebc</run_address>
         <size>0x1f8</size>
         <input_file_ref idref="fl-8"/>
      </object_component>
      <object_component id="oc-28a">
         <name>.debug_info</name>
         <load_address>0xd0b4</load_address>
         <run_address>0xd0b4</run_address>
         <size>0xe8</size>
         <input_file_ref idref="fl-8"/>
      </object_component>
      <object_component id="oc-e3">
         <name>.debug_info</name>
         <load_address>0xd19c</load_address>
         <run_address>0xd19c</run_address>
         <size>0x2c</size>
         <input_file_ref idref="fl-8"/>
      </object_component>
      <object_component id="oc-1dc">
         <name>.debug_info</name>
         <load_address>0xd1c8</load_address>
         <run_address>0xd1c8</run_address>
         <size>0x56a</size>
         <input_file_ref idref="fl-9"/>
      </object_component>
      <object_component id="oc-14c">
         <name>.debug_info</name>
         <load_address>0xd732</load_address>
         <run_address>0xd732</run_address>
         <size>0x127</size>
         <input_file_ref idref="fl-9"/>
      </object_component>
      <object_component id="oc-14f">
         <name>.debug_info</name>
         <load_address>0xd859</load_address>
         <run_address>0xd859</run_address>
         <size>0x123</size>
         <input_file_ref idref="fl-9"/>
      </object_component>
      <object_component id="oc-c7">
         <name>.debug_info</name>
         <load_address>0xd97c</load_address>
         <run_address>0xd97c</run_address>
         <size>0x15e</size>
         <input_file_ref idref="fl-9"/>
      </object_component>
      <object_component id="oc-cf">
         <name>.debug_info</name>
         <load_address>0xdada</load_address>
         <run_address>0xdada</run_address>
         <size>0x15e</size>
         <input_file_ref idref="fl-9"/>
      </object_component>
      <object_component id="oc-16b">
         <name>.debug_info</name>
         <load_address>0xdc38</load_address>
         <run_address>0xdc38</run_address>
         <size>0x153</size>
         <input_file_ref idref="fl-9"/>
      </object_component>
      <object_component id="oc-2dc">
         <name>.debug_info</name>
         <load_address>0xdd8b</load_address>
         <run_address>0xdd8b</run_address>
         <size>0x1ae</size>
         <input_file_ref idref="fl-9"/>
      </object_component>
      <object_component id="oc-1f7">
         <name>.debug_info</name>
         <load_address>0xdf39</load_address>
         <run_address>0xdf39</run_address>
         <size>0x10d</size>
         <input_file_ref idref="fl-b"/>
      </object_component>
      <object_component id="oc-164">
         <name>.debug_info</name>
         <load_address>0xe046</load_address>
         <run_address>0xe046</run_address>
         <size>0x159</size>
         <input_file_ref idref="fl-b"/>
      </object_component>
      <object_component id="oc-2d5">
         <name>.debug_info</name>
         <load_address>0xe19f</load_address>
         <run_address>0xe19f</run_address>
         <size>0x157</size>
         <input_file_ref idref="fl-b"/>
      </object_component>
      <object_component id="oc-42d">
         <name>.debug_info</name>
         <load_address>0xe2f6</load_address>
         <run_address>0xe2f6</run_address>
         <size>0x157</size>
         <input_file_ref idref="fl-b"/>
      </object_component>
      <object_component id="oc-fb">
         <name>.debug_info</name>
         <load_address>0xe44d</load_address>
         <run_address>0xe44d</run_address>
         <size>0x1a3</size>
         <input_file_ref idref="fl-c"/>
      </object_component>
      <object_component id="oc-17d">
         <name>.debug_info</name>
         <load_address>0xe5f0</load_address>
         <run_address>0xe5f0</run_address>
         <size>0x124</size>
         <input_file_ref idref="fl-d"/>
      </object_component>
      <object_component id="oc-c0">
         <name>.debug_info</name>
         <load_address>0xe714</load_address>
         <run_address>0xe714</run_address>
         <size>0x15b</size>
         <input_file_ref idref="fl-d"/>
      </object_component>
      <object_component id="oc-2f6">
         <name>.debug_info</name>
         <load_address>0xe86f</load_address>
         <run_address>0xe86f</run_address>
         <size>0x12a</size>
         <input_file_ref idref="fl-e"/>
      </object_component>
      <object_component id="oc-3b9">
         <name>.debug_info</name>
         <load_address>0xe999</load_address>
         <run_address>0xe999</run_address>
         <size>0x14a</size>
         <input_file_ref idref="fl-e"/>
      </object_component>
      <object_component id="oc-3d1">
         <name>.debug_info</name>
         <load_address>0xeae3</load_address>
         <run_address>0xeae3</run_address>
         <size>0x148</size>
         <input_file_ref idref="fl-e"/>
      </object_component>
      <object_component id="oc-3c5">
         <name>.debug_info</name>
         <load_address>0xec2b</load_address>
         <run_address>0xec2b</run_address>
         <size>0x17f</size>
         <input_file_ref idref="fl-e"/>
      </object_component>
      <object_component id="oc-43d">
         <name>.debug_info</name>
         <load_address>0xedaa</load_address>
         <run_address>0xedaa</run_address>
         <size>0x146</size>
         <input_file_ref idref="fl-e"/>
      </object_component>
      <object_component id="oc-437">
         <name>.debug_info</name>
         <load_address>0xeef0</load_address>
         <run_address>0xeef0</run_address>
         <size>0x148</size>
         <input_file_ref idref="fl-e"/>
      </object_component>
      <object_component id="oc-3bf">
         <name>.debug_info</name>
         <load_address>0xf038</load_address>
         <run_address>0xf038</run_address>
         <size>0x18c</size>
         <input_file_ref idref="fl-e"/>
      </object_component>
      <object_component id="oc-3cb">
         <name>.debug_info</name>
         <load_address>0xf1c4</load_address>
         <run_address>0xf1c4</run_address>
         <size>0x1b6</size>
         <input_file_ref idref="fl-e"/>
      </object_component>
      <object_component id="oc-15e">
         <name>.debug_info</name>
         <load_address>0xf37a</load_address>
         <run_address>0xf37a</run_address>
         <size>0x14a</size>
         <input_file_ref idref="fl-f"/>
      </object_component>
      <object_component id="oc-f3">
         <name>.debug_info</name>
         <load_address>0xf4c4</load_address>
         <run_address>0xf4c4</run_address>
         <size>0x169</size>
         <input_file_ref idref="fl-f"/>
      </object_component>
      <object_component id="oc-2f4">
         <name>.debug_info</name>
         <load_address>0xf62d</load_address>
         <run_address>0xf62d</run_address>
         <size>0x8cc</size>
         <input_file_ref idref="fl-11"/>
      </object_component>
      <object_component id="oc-1ae">
         <name>.debug_info</name>
         <load_address>0xfef9</load_address>
         <run_address>0xfef9</run_address>
         <size>0xf2</size>
         <input_file_ref idref="fl-11"/>
      </object_component>
      <object_component id="oc-2eb">
         <name>.debug_info</name>
         <load_address>0xffeb</load_address>
         <run_address>0xffeb</run_address>
         <size>0x147</size>
         <input_file_ref idref="fl-11"/>
      </object_component>
      <object_component id="oc-428">
         <name>.debug_info</name>
         <load_address>0x10132</load_address>
         <run_address>0x10132</run_address>
         <size>0x167</size>
         <input_file_ref idref="fl-11"/>
      </object_component>
      <object_component id="oc-3af">
         <name>.debug_info</name>
         <load_address>0x10299</load_address>
         <run_address>0x10299</run_address>
         <size>0x1a7</size>
         <input_file_ref idref="fl-11"/>
      </object_component>
      <object_component id="oc-2ee">
         <name>.debug_info</name>
         <load_address>0x10440</load_address>
         <run_address>0x10440</run_address>
         <size>0x1aa</size>
         <input_file_ref idref="fl-11"/>
      </object_component>
      <object_component id="oc-21c">
         <name>.debug_info</name>
         <load_address>0x105ea</load_address>
         <run_address>0x105ea</run_address>
         <size>0x1ac</size>
         <input_file_ref idref="fl-11"/>
      </object_component>
      <object_component id="oc-379">
         <name>.debug_info</name>
         <load_address>0x10796</load_address>
         <run_address>0x10796</run_address>
         <size>0x1ce</size>
         <input_file_ref idref="fl-11"/>
      </object_component>
      <object_component id="oc-314">
         <name>.debug_info</name>
         <load_address>0x10964</load_address>
         <run_address>0x10964</run_address>
         <size>0x21c</size>
         <input_file_ref idref="fl-11"/>
      </object_component>
      <object_component id="oc-27c">
         <name>.debug_info</name>
         <load_address>0x10b80</load_address>
         <run_address>0x10b80</run_address>
         <size>0x16e</size>
         <input_file_ref idref="fl-11"/>
      </object_component>
      <object_component id="oc-233">
         <name>.debug_info</name>
         <load_address>0x10cee</load_address>
         <run_address>0x10cee</run_address>
         <size>0x1ef</size>
         <input_file_ref idref="fl-11"/>
      </object_component>
      <object_component id="oc-227">
         <name>.debug_info</name>
         <load_address>0x10edd</load_address>
         <run_address>0x10edd</run_address>
         <size>0x1f1</size>
         <input_file_ref idref="fl-11"/>
      </object_component>
      <object_component id="oc-338">
         <name>.debug_info</name>
         <load_address>0x110ce</load_address>
         <run_address>0x110ce</run_address>
         <size>0x350</size>
         <input_file_ref idref="fl-11"/>
      </object_component>
      <object_component id="oc-22d">
         <name>.debug_info</name>
         <load_address>0x1141e</load_address>
         <run_address>0x1141e</run_address>
         <size>0x6b3</size>
         <input_file_ref idref="fl-11"/>
      </object_component>
      <object_component id="oc-177">
         <name>.debug_info</name>
         <load_address>0x11ad1</load_address>
         <run_address>0x11ad1</run_address>
         <size>0x1b3</size>
         <input_file_ref idref="fl-11"/>
      </object_component>
      <object_component id="oc-7a">
         <name>.debug_info</name>
         <load_address>0x11c84</load_address>
         <run_address>0x11c84</run_address>
         <size>0x181</size>
         <input_file_ref idref="fl-12"/>
      </object_component>
      <object_component id="oc-75">
         <name>.debug_info</name>
         <load_address>0x11e05</load_address>
         <run_address>0x11e05</run_address>
         <size>0x14c</size>
         <input_file_ref idref="fl-12"/>
      </object_component>
      <object_component id="oc-2d0">
         <name>.debug_info</name>
         <load_address>0x11f51</load_address>
         <run_address>0x11f51</run_address>
         <size>0x797</size>
         <input_file_ref idref="fl-1d"/>
      </object_component>
      <object_component id="oc-ee">
         <name>.debug_info</name>
         <load_address>0x126e8</load_address>
         <run_address>0x126e8</run_address>
         <size>0x1c9</size>
         <input_file_ref idref="fl-1d"/>
      </object_component>
      <object_component id="oc-399">
         <name>.debug_info</name>
         <load_address>0x128b1</load_address>
         <run_address>0x128b1</run_address>
         <size>0x431a</size>
         <input_file_ref idref="fl-1d"/>
      </object_component>
      <object_component id="oc-3a3">
         <name>.debug_info</name>
         <load_address>0x16bcb</load_address>
         <run_address>0x16bcb</run_address>
         <size>0x26b</size>
         <input_file_ref idref="fl-1d"/>
      </object_component>
      <object_component id="oc-39e">
         <name>.debug_info</name>
         <load_address>0x16e36</load_address>
         <run_address>0x16e36</run_address>
         <size>0x1028</size>
         <input_file_ref idref="fl-1d"/>
      </object_component>
      <object_component id="oc-1f0">
         <name>.debug_info</name>
         <load_address>0x17e5e</load_address>
         <run_address>0x17e5e</run_address>
         <size>0x297</size>
         <input_file_ref idref="fl-1d"/>
      </object_component>
      <object_component id="oc-394">
         <name>.debug_info</name>
         <load_address>0x180f5</load_address>
         <run_address>0x180f5</run_address>
         <size>0xef</size>
         <input_file_ref idref="fl-1d"/>
      </object_component>
      <object_component id="oc-158">
         <name>.debug_info</name>
         <load_address>0x181e4</load_address>
         <run_address>0x181e4</run_address>
         <size>0xbb</size>
         <input_file_ref idref="fl-1d"/>
      </object_component>
      <object_component id="oc-3ff">
         <name>.debug_info</name>
         <load_address>0x1829f</load_address>
         <run_address>0x1829f</run_address>
         <size>0x2ca</size>
         <input_file_ref idref="fl-d6"/>
      </object_component>
      <object_component id="oc-31f">
         <name>.debug_info</name>
         <load_address>0x18569</load_address>
         <run_address>0x18569</run_address>
         <size>0x24e</size>
         <input_file_ref idref="fl-d6"/>
      </object_component>
      <object_component id="oc-453">
         <name>.debug_info</name>
         <load_address>0x187b7</load_address>
         <run_address>0x187b7</run_address>
         <size>0x46</size>
         <input_file_ref idref="fl-d6"/>
      </object_component>
      <object_component id="oc-3fa">
         <name>.debug_info</name>
         <load_address>0x187fd</load_address>
         <run_address>0x187fd</run_address>
         <size>0x39</size>
         <input_file_ref idref="fl-d6"/>
      </object_component>
      <object_component id="oc-3f0">
         <name>.debug_info</name>
         <load_address>0x18836</load_address>
         <run_address>0x18836</run_address>
         <size>0x14c</size>
         <input_file_ref idref="fl-d7"/>
      </object_component>
      <object_component id="oc-32e">
         <name>.debug_info</name>
         <load_address>0x18982</load_address>
         <run_address>0x18982</run_address>
         <size>0x128</size>
         <input_file_ref idref="fl-d8"/>
      </object_component>
      <object_component id="oc-333">
         <name>.debug_info</name>
         <load_address>0x18aaa</load_address>
         <run_address>0x18aaa</run_address>
         <size>0x12a</size>
         <input_file_ref idref="fl-d8"/>
      </object_component>
      <object_component id="oc-3ea">
         <name>.debug_info</name>
         <load_address>0x18bd4</load_address>
         <run_address>0x18bd4</run_address>
         <size>0x13a</size>
         <input_file_ref idref="fl-da"/>
      </object_component>
      <object_component id="oc-324">
         <name>.debug_info</name>
         <load_address>0x18d0e</load_address>
         <run_address>0x18d0e</run_address>
         <size>0x12e</size>
         <input_file_ref idref="fl-db"/>
      </object_component>
      <object_component id="oc-329">
         <name>.debug_info</name>
         <load_address>0x18e3c</load_address>
         <run_address>0x18e3c</run_address>
         <size>0x12c</size>
         <input_file_ref idref="fl-dd"/>
      </object_component>
      <object_component id="oc-319">
         <name>.debug_info</name>
         <load_address>0x18f68</load_address>
         <run_address>0x18f68</run_address>
         <size>0x12e</size>
         <input_file_ref idref="fl-de"/>
      </object_component>
      <object_component id="oc-98">
         <name>.debug_info</name>
         <load_address>0x19096</load_address>
         <run_address>0x19096</run_address>
         <size>0x2d4</size>
         <input_file_ref idref="fl-df"/>
      </object_component>
      <object_component id="oc-47">
         <name>.debug_info</name>
         <load_address>0x1936a</load_address>
         <run_address>0x1936a</run_address>
         <size>0x1d2</size>
         <input_file_ref idref="fl-df"/>
      </object_component>
      <object_component id="oc-93">
         <name>.debug_info</name>
         <load_address>0x1953c</load_address>
         <run_address>0x1953c</run_address>
         <size>0x46</size>
         <input_file_ref idref="fl-df"/>
      </object_component>
      <object_component id="oc-42">
         <name>.debug_info</name>
         <load_address>0x19582</load_address>
         <run_address>0x19582</run_address>
         <size>0x2a8</size>
         <input_file_ref idref="fl-e0"/>
      </object_component>
      <object_component id="oc-1e">
         <name>.debug_info</name>
         <load_address>0x1982a</load_address>
         <run_address>0x1982a</run_address>
         <size>0x1ea</size>
         <input_file_ref idref="fl-e0"/>
      </object_component>
      <object_component id="oc-3d">
         <name>.debug_info</name>
         <load_address>0x19a14</load_address>
         <run_address>0x19a14</run_address>
         <size>0x46</size>
         <input_file_ref idref="fl-e0"/>
      </object_component>
      <object_component id="oc-8b">
         <name>.debug_info</name>
         <load_address>0x19a5a</load_address>
         <run_address>0x19a5a</run_address>
         <size>0x2c</size>
         <input_file_ref idref="fl-e0"/>
      </object_component>
      <object_component id="oc-89">
         <name>.debug_info</name>
         <load_address>0x19a86</load_address>
         <run_address>0x19a86</run_address>
         <size>0x29e</size>
         <input_file_ref idref="fl-e1"/>
      </object_component>
      <object_component id="oc-18">
         <name>.debug_info</name>
         <load_address>0x19d24</load_address>
         <run_address>0x19d24</run_address>
         <size>0x250</size>
         <input_file_ref idref="fl-e1"/>
      </object_component>
      <object_component id="oc-2d">
         <name>.debug_info</name>
         <load_address>0x19f74</load_address>
         <run_address>0x19f74</run_address>
         <size>0x60</size>
         <input_file_ref idref="fl-e1"/>
      </object_component>
      <object_component id="oc-dc">
         <name>.debug_info</name>
         <load_address>0x19fd4</load_address>
         <run_address>0x19fd4</run_address>
         <size>0x46</size>
         <input_file_ref idref="fl-e1"/>
      </object_component>
      <object_component id="oc-84">
         <name>.debug_info</name>
         <load_address>0x1a01a</load_address>
         <run_address>0x1a01a</run_address>
         <size>0x39</size>
         <input_file_ref idref="fl-e1"/>
      </object_component>
      <object_component id="oc-354">
         <name>.debug_info</name>
         <load_address>0x1a053</load_address>
         <run_address>0x1a053</run_address>
         <size>0x28f</size>
         <input_file_ref idref="fl-e2"/>
      </object_component>
      <object_component id="oc-249">
         <name>.debug_info</name>
[...]
         <name>asc2_3216</name>
         <value>0x8b2c</value>
         <object_component_ref idref="oc-357"/>
      </symbol>
      <symbol id="sm-31d">
         <name>LCD_SetWindows</name>
         <value>0x10c19</value>
         <object_component_ref idref="oc-23a"/>
      </symbol>
      <symbol id="sm-31e">
         <name>mypow</name>
         <value>0x116c1</value>
         <object_component_ref idref="oc-45a"/>
      </symbol>
      <symbol id="sm-31f">
         <name>LCD_ShowChar_2412</name>
         <value>0xd769</value>
         <object_component_ref idref="oc-258"/>
      </symbol>
      <symbol id="sm-320">
         <name>gui_circle</name>
         <value>0xfd51</value>
         <object_component_ref idref="oc-3e1"/>
      </symbol>
      <symbol id="sm-321">
         <name>LCD_WriteReg</name>
         <value>0x11949</value>
         <object_component_ref idref="oc-2e3"/>
      </symbol>
      <symbol id="sm-322">
         <name>LCD_SetCursor</name>
         <value>0x11909</value>
         <object_component_ref idref="oc-412"/>
      </symbol>
      <symbol id="sm-323">
         <name>Show_Str</name>
         <value>0xdef1</value>
         <object_component_ref idref="oc-198"/>
      </symbol>
      <symbol id="sm-324">
         <name>GUI_DrawPoint</name>
         <value>0x11811</value>
         <object_component_ref idref="oc-466"/>
      </symbol>
      <symbol id="sm-325">
         <name>Gui_Drawbmp_LL</name>
         <value>0x10849</value>
         <object_component_ref idref="oc-1a1"/>
      </symbol>
      <symbol id="sm-326">
         <name>LCD_Fill</name>
         <value>0x10011</value>
         <object_component_ref idref="oc-1a7"/>
      </symbol>
      <symbol id="sm-327">
         <name>BACK_COLOR</name>
         <value>0x20000032</value>
         <object_component_ref idref="oc-309"/>
      </symbol>
      <symbol id="sm-328">
         <name>LCD_Clear</name>
         <value>0x101c1</value>
         <object_component_ref idref="oc-182"/>
      </symbol>
      <symbol id="sm-329">
         <name>LCD_WriteRAM_Prepare</name>
         <value>0x11999</value>
         <object_component_ref idref="oc-34b"/>
      </symbol>
      <symbol id="sm-32a">
         <name>asc2_2412</name>
         <value>0xa2ec</value>
         <object_component_ref idref="oc-361"/>
      </symbol>
      <symbol id="sm-32b">
         <name>LCD_ShowString</name>
         <value>0x10999</value>
         <object_component_ref idref="oc-30c"/>
      </symbol>
      <symbol id="sm-32c">
         <name>LCD_GPIOInit</name>
         <value>0x11499</value>
         <object_component_ref idref="oc-1fb"/>
      </symbol>
      <symbol id="sm-32d">
         <name>LCD_WR_DATA</name>
         <value>0x115c1</value>
         <object_component_ref idref="oc-20d"/>
      </symbol>
      <symbol id="sm-32e">
         <name>LCD_WR_REG</name>
         <value>0x11601</value>
         <object_component_ref idref="oc-207"/>
      </symbol>
      <symbol id="sm-32f">
         <name>LCD_RESET</name>
         <value>0x117e1</value>
         <object_component_ref idref="oc-201"/>
      </symbol>
      <symbol id="sm-330">
         <name>LCD_DrawPoint</name>
         <value>0x11891</value>
         <object_component_ref idref="oc-35a"/>
      </symbol>
      <symbol id="sm-331">
         <name>asc2_1206</name>
         <value>0xbfc0</value>
         <object_component_ref idref="oc-365"/>
      </symbol>
      <symbol id="sm-36e">
         <name>usci_b0_spi_rx_isr_handle</name>
         <value>0x11041</value>
         <object_component_ref idref="oc-c6"/>
      </symbol>
      <symbol id="sm-36f">
         <name>usci_b0_spi_init</name>
         <value>0x10d49</value>
         <object_component_ref idref="oc-16a"/>
      </symbol>
      <symbol id="sm-370">
         <name>usci_b0_spi_tx_isr_handle</name>
         <value>0x110b1</value>
         <object_component_ref idref="oc-cd"/>
      </symbol>
      <symbol id="sm-371">
         <name>usci_b0_spi_transmit_frame</name>
         <value>0x108f1</value>
         <object_component_ref idref="oc-2db"/>
      </symbol>
      <symbol id="sm-399">
         <name>delay_us</name>
         <value>0x10f61</value>
         <object_component_ref idref="oc-42c"/>
      </symbol>
      <symbol id="sm-39a">
         <name>delay_init</name>
         <value>0x11739</value>
         <object_component_ref idref="oc-163"/>
      </symbol>
      <symbol id="sm-39b">
         <name>delay_ms</name>
         <value>0x10ee9</value>
         <object_component_ref idref="oc-2d4"/>
      </symbol>
      <symbol id="sm-3a5">
         <name>device_init</name>
         <value>0x11681</value>
         <object_component_ref idref="oc-f8"/>
      </symbol>
      <symbol id="sm-3c5">
         <name>key_init</name>
         <value>0x100e9</value>
         <object_component_ref idref="oc-17c"/>
      </symbol>
      <symbol id="sm-3c6">
         <name>key_test</name>
         <value>0xf129</value>
         <object_component_ref idref="oc-bf"/>
      </symbol>
      <symbol id="sm-415">
         <name>IIC_Stop</name>
         <value>0x113d9</value>
         <object_component_ref idref="oc-3d0"/>
      </symbol>
      <symbol id="sm-416">
         <name>IIC_Ack</name>
         <value>0x112b9</value>
         <object_component_ref idref="oc-43c"/>
      </symbol>
      <symbol id="sm-417">
         <name>IIC_Send_Byte</name>
         <value>0x10599</value>
         <object_component_ref idref="oc-3be"/>
      </symbol>
      <symbol id="sm-418">
         <name>IIC_Init</name>
         <value>0x117a9</value>
         <object_component_ref idref="oc-2f5"/>
      </symbol>
      <symbol id="sm-419">
         <name>IIC_Read_Byte</name>
         <value>0x106f9</value>
         <object_component_ref idref="oc-3ca"/>
      </symbol>
      <symbol id="sm-41a">
         <name>IIC_Start</name>
         <value>0x11379</value>
         <object_component_ref idref="oc-3b8"/>
      </symbol>
      <symbol id="sm-41b">
         <name>IIC_NAck</name>
         <value>0x11319</value>
         <object_component_ref idref="oc-436"/>
      </symbol>
      <symbol id="sm-41c">
         <name>IIC_Wait_Ack</name>
         <value>0x10b79</value>
         <object_component_ref idref="oc-3c4"/>
      </symbol>
      <symbol id="sm-432">
         <name>system_init</name>
         <value>0x11869</value>
         <object_component_ref idref="oc-f2"/>
      </symbol>
      <symbol id="sm-433">
         <name>system_clk_init</name>
         <value>0x104d9</value>
         <object_component_ref idref="oc-15d"/>
      </symbol>
      <symbol id="sm-508">
         <name>TP_Read_XOY</name>
         <value>0xf3a9</value>
         <object_component_ref idref="oc-2ed"/>
      </symbol>
      <symbol id="sm-509">
         <name>TP_Read_XY</name>
         <value>0x11539</value>
         <object_component_ref idref="oc-21a"/>
      </symbol>
      <symbol id="sm-50a">
         <name>TP_Adjust</name>
         <value>0xcad1</value>
         <object_component_ref idref="oc-22c"/>
      </symbol>
      <symbol id="sm-50b">
         <name>TP_Scan</name>
         <value>0xecb9</value>
         <object_component_ref idref="oc-27b"/>
      </symbol>
      <symbol id="sm-50c">
         <name>TP_REMIND_MSG_TBL</name>
         <value>0x2000002c</value>
         <object_component_ref idref="oc-2ea"/>
      </symbol>
      <symbol id="sm-50d">
         <name>tp_dev</name>
         <value>0x20000000</value>
         <object_component_ref idref="oc-1ad"/>
      </symbol>
      <symbol id="sm-50e">
         <name>TP_Write_Byte</name>
         <value>0x10cb9</value>
         <object_component_ref idref="oc-426"/>
      </symbol>
      <symbol id="sm-50f">
         <name>TP_Adj_Info_Show</name>
         <value>0xee49</value>
         <object_component_ref idref="oc-337"/>
      </symbol>
      <symbol id="sm-510">
         <name>TP_Save_Adjdata</name>
         <value>0x10649</value>
         <object_component_ref idref="oc-232"/>
      </symbol>
      <symbol id="sm-511">
         <name>TP_Init</name>
         <value>0x11641</value>
         <object_component_ref idref="oc-176"/>
      </symbol>
      <symbol id="sm-512">
         <name>TP_Read_XY2</name>
         <value>0xff31</value>
         <object_component_ref idref="oc-378"/>
      </symbol>
      <symbol id="sm-513">
         <name>TP_Get_Adjdata</name>
         <value>0xfb51</value>
         <object_component_ref idref="oc-226"/>
      </symbol>
      <symbol id="sm-514">
         <name>TP_Drow_Touch_Point</name>
         <value>0x10289</value>
         <object_component_ref idref="oc-312"/>
      </symbol>
      <symbol id="sm-515">
         <name>TP_Read_AD</name>
         <value>0xfa41</value>
         <object_component_ref idref="oc-3ae"/>
      </symbol>
      <symbol id="sm-516">
         <name>CMD_RDY</name>
         <value>0x20000029</value>
         <object_component_ref idref="oc-2ea"/>
      </symbol>
      <symbol id="sm-517">
         <name>CMD_RDX</name>
         <value>0x20000028</value>
         <object_component_ref idref="oc-2ea"/>
      </symbol>
      <symbol id="sm-52b">
         <name>WDT_A_IRQHandler</name>
         <value>0x119d1</value>
         <object_component_ref idref="oc-73"/>
      </symbol>
      <symbol id="sm-52c">
         <name>EUSCIB0_IRQHandler</name>
         <value>0x11841</value>
         <object_component_ref idref="oc-79"/>
      </symbol>
      <symbol id="sm-559">
         <name>WDT_A_holdTimer</name>
         <value>0x118b9</value>
         <object_component_ref idref="oc-ec"/>
      </symbol>
      <symbol id="sm-588">
         <name>sqrtl</name>
         <value>0xefcd</value>
         <object_component_ref idref="oc-31d"/>
      </symbol>
      <symbol id="sm-589">
         <name>sqrt</name>
         <value>0xefcd</value>
         <object_component_ref idref="oc-31d"/>
      </symbol>
      <symbol id="sm-5a0">
         <name>__aeabi_dsub</name>
         <value>0xeafd</value>
         <object_component_ref idref="oc-3ee"/>
      </symbol>
      <symbol id="sm-5a1">
         <name>__aeabi_dadd</name>
         <value>0xeb07</value>
         <object_component_ref idref="oc-3ee"/>
      </symbol>
      <symbol id="sm-5c3">
         <name>__aeabi_cdcmpeq</name>
         <value>0x10dd7</value>
         <object_component_ref idref="oc-32d"/>
      </symbol>
      <symbol id="sm-5c4">
         <name>__aeabi_cdcmple</name>
         <value>0x10dd7</value>
         <object_component_ref idref="oc-32d"/>
      </symbol>
      <symbol id="sm-5c5">
         <name>__aeabi_cdrcmple</name>
         <value>0x10e5d</value>
         <object_component_ref idref="oc-332"/>
      </symbol>
      <symbol id="sm-5d1">
         <name>__aeabi_dmul</name>
         <value>0xfc51</value>
         <object_component_ref idref="oc-3e9"/>
      </symbol>
      <symbol id="sm-5db">
         <name>__aeabi_d2iz</name>
         <value>0x114eb</value>
         <object_component_ref idref="oc-323"/>
      </symbol>
      <symbol id="sm-5e7">
         <name>__aeabi_f2d</name>
         <value>0x11701</value>
         <object_component_ref idref="oc-328"/>
      </symbol>
      <symbol id="sm-5f1">
         <name>__aeabi_ui2d</name>
         <value>0x11929</value>
         <object_component_ref idref="oc-318"/>
      </symbol>
      <symbol id="sm-605">
         <name>__TI_zero_init_nomemset</name>
         <value>0x11965</value>
         <object_component_ref idref="oc-43"/>
      </symbol>
      <symbol id="sm-61c">
         <name>__TI_decompress_none</name>
         <value>0x119ab</value>
         <object_component_ref idref="oc-1d"/>
      </symbol>
      <symbol id="sm-63f">
         <name>__TI_decompress_lzss</name>
         <value>0x111f1</value>
         <object_component_ref idref="oc-17"/>
      </symbol>
      <symbol id="sm-64d">
         <name>strlen</name>
         <value>0x11981</value>
         <object_component_ref idref="oc-247"/>
      </symbol>
      <symbol id="sm-663">
         <name>__aeabi_errno_addr</name>
         <value>0x119d9</value>
         <object_component_ref idref="oc-3f3"/>
      </symbol>
      <symbol id="sm-664">
         <name>errno</name>
         <value>0x20000038</value>
         <object_component_ref idref="oc-44e"/>
      </symbol>
      <symbol id="sm-677">
         <name>__stack</name>
         <value>0x2000fe00</value>
         <object_component_ref idref="oc-29"/>
      </symbol>
      <symbol id="sm-678">
         <name>_c_int00_noargs</name>
         <value>0x11771</value>
         <object_component_ref idref="oc-55"/>
      </symbol>
      <symbol id="sm-693">
         <name>memcpy</name>
         <value>0x10ad9</value>
         <object_component_ref idref="oc-37"/>
      </symbol>
      <symbol id="sm-694">
         <name>__aeabi_memcpy</name>
         <value>0x10ad9</value>
         <object_component_ref idref="oc-37"/>
      </symbol>
      <symbol id="sm-695">
         <name>__aeabi_memcpy8</name>
         <value>0x10ad9</value>
         <object_component_ref idref="oc-37"/>
      </symbol>
      <symbol id="sm-696">
         <name>__aeabi_memcpy4</name>
         <value>0x10ad9</value>
         <object_component_ref idref="oc-37"/>
      </symbol>
      <symbol id="sm-6bf">
         <name>__TI_auto_init_nobinit_nopinit</name>
         <value>0x1157d</value>
         <object_component_ref idref="oc-116"/>
      </symbol>
      <symbol id="sm-6c9">
         <name>_system_pre_init</name>
         <value>0xd765</value>
         <object_component_ref idref="oc-9f"/>
      </symbol>
      <symbol id="sm-6d5">
         <name>C$$EXIT</name>
         <value>0xdeeb</value>
         <object_component_ref idref="oc-10a"/>
      </symbol>
      <symbol id="sm-6d6">
         <name>abort</name>
         <value>0xdeeb</value>
         <object_component_ref idref="oc-10a"/>
      </symbol>
      <symbol id="sm-6d9">
         <name>__TI_static_base__</name>
         <value>0x0</value>
      </symbol>
      <symbol id="sm-6dc">
         <name>__mpu_init</name>
         <value>0x0</value>
      </symbol>
      <symbol id="sm-6dd">
         <name>_system_post_cinit</name>
         <value>0x0</value>
      </symbol>
      <symbol id="sm-6de">
         <name>NMI_Handler</name>
         <value>0x119e1</value>
      </symbol>
      <symbol id="sm-6df">
         <name>HardFault_Handler</name>
         <value>0x119e1</value>
      </symbol>
      <symbol id="sm-6e0">
         <name>MemManage_Handler</name>
         <value>0x119e1</value>
      </symbol>
      <symbol id="sm-6e1">
         <name>BusFault_Handler</name>
         <value>0x119e1</value>
      </symbol>
      <symbol id="sm-6e2">
         <name>UsageFault_Handler</name>
         <value>0x119e1</value>
      </symbol>
      <symbol id="sm-6e3">
         <name>SVC_Handler</name>
         <value>0x119e1</value>
      </symbol>
      <symbol id="sm-6e4">
         <name>DebugMon_Handler</name>
         <value>0x119e1</value>
      </symbol>
      <symbol id="sm-6e5">
         <name>PendSV_Handler</name>
         <value>0x119e1</value>
      </symbol>
      <symbol id="sm-6e6">
         <name>SysTick_Handler</name>
         <value>0x119e1</value>
      </symbol>
      <symbol id="sm-6e7">
         <name>PSS_IRQHandler</name>
         <value>0x119e1</value>
      </symbol>
      <symbol id="sm-6e8">
         <name>CS_IRQHandler</name>
         <value>0x119e1</value>
      </symbol>
      <symbol id="sm-6e9">
         <name>PCM_IRQHandler</name>
         <value>0x119e1</value>
      </symbol>
      <symbol id="sm-6ea">
         <name>WDT_A_IRQHandler</name>
         <value>0x119d1</value>
      </symbol>
      <symbol id="sm-6eb">
         <name>FPU_IRQHandler</name>
         <value>0x119e1</value>
      </symbol>
      <symbol id="sm-6ec">
         <name>FLCTL_IRQHandler</name>
         <value>0x119e1</value>
      </symbol>
      <symbol id="sm-6ed">
         <name>COMP_E0_IRQHandler</name>
         <value>0x119e1</value>
      </symbol>
      <symbol id="sm-6ee">
         <name>COMP_E1_IRQHandler</name>
         <value>0x119e1</value>
      </symbol>
      <symbol id="sm-6ef">
         <name>TA0_0_IRQHandler</name>
         <value>0x119e1</value>
      </symbol>
      <symbol id="sm-6f0">
         <name>TA0_N_IRQHandler</name>
         <value>0x119e1</value>
      </symbol>
      <symbol id="sm-6f1">
         <name>TA1_0_IRQHandler</name>
         <value>0x119e1</value>
      </symbol>
      <symbol id="sm-6f2">
         <name>TA1_N_IRQHandler</name>
         <value>0x119e1</value>
      </symbol>
      <symbol id="sm-6f3">
         <name>TA2_0_IRQHandler</name>
         <value>0x119e1</value>
      </symbol>
      <symbol id="sm-6f4">
         <name>TA2_N_IRQHandler</name>
         <value>0x119e1</value>
      </symbol>
      <symbol id="sm-6f5">
         <name>TA3_0_IRQHandler</name>
         <value>0x119e1</value>
      </symbol>
      <symbol id="sm-6f6">
         <name>TA3_N_IRQHandler</name>
         <value>0x119e1</value>
      </symbol>
      <symbol id="sm-6f7">
         <name>EUSCIA0_IRQHandler</name>
         <value>0x119e1</value>
      </symbol>
      <symbol id="sm-6f8">
         <name>EUSCIA1_IRQHandler</name>
         <value>0x119e1</value>
      </symbol>
      <symbol id="sm-6f9">
         <name>EUSCIA2_IRQHandler</name>
         <value>0x119e1</value>
      </symbol>
      <symbol id="sm-6fa">
         <name>EUSCIA3_IRQHandler</name>
         <value>0x119e1</value>
      </symbol>
      <symbol id="sm-6fb">
         <name>EUSCIB0_IRQHandler</name>
         <value>0x11841</value>
      </symbol>
      <symbol id="sm-6fc">
         <name>EUSCIB1_IRQHandler</name>
         <value>0x119e1</value>
      </symbol>
      <symbol id="sm-6fd">
         <name>EUSCIB2_IRQHandler</name>
         <value>0x119e1</value>
      </symbol>
      <symbol id="sm-6fe">
         <name>EUSCIB3_IRQHandler</name>
         <value>0x119e1</value>
      </symbol>
      <symbol id="sm-6ff">
         <name>ADC14_IRQHandler</name>
         <value>0x119e1</value>
      </symbol>
      <symbol id="sm-700">
         <name>T32_INT1_IRQHandler</name>
         <value>0x119e1</value>
      </symbol>
      <symbol id="sm-701">
         <name>T32_INT2_IRQHandler</name>
         <value>0x119e1</value>
      </symbol>
      <symbol id="sm-702">
         <name>T32_INTC_IRQHandler</name>
         <value>0x119e1</value>
      </symbol>
      <symbol id="sm-703">
         <name>AES256_IRQHandler</name>
         <value>0x119e1</value>
      </symbol>
      <symbol id="sm-704">
         <name>RTC_C_IRQHandler</name>
         <value>0x119e1</value>
      </symbol>
      <symbol id="sm-705">
         <name>DMA_ERR_IRQHandler</name>
         <value>0x119e1</value>
      </symbol>
      <symbol id="sm-706">
         <name>DMA_INT3_IRQHandler</name>
         <value>0x119e1</value>
      </symbol>
      <symbol id="sm-707">
         <name>DMA_INT2_IRQHandler</name>
         <value>0x119e1</value>
      </symbol>
      <symbol id="sm-708">
         <name>DMA_INT1_IRQHandler</name>
         <value>0x119e1</value>
      </symbol>
      <symbol id="sm-709">
         <name>DMA_INT0_IRQHandler</name>
         <value>0x119e1</value>
      </symbol>
      <symbol id="sm-70a">
         <name>PORT1_IRQHandler</name>
         <value>0x119e1</value>
      </symbol>
      <symbol id="sm-70b">
         <name>PORT2_IRQHandler</name>
         <value>0x119e1</value>
      </symbol>
      <symbol id="sm-70c">
         <name>PORT3_IRQHandler</name>
         <value>0x119e1</value>
      </symbol>
      <symbol id="sm-70d">
         <name>PORT4_IRQHandler</name>
         <value>0x119e1</value>
      </symbol>
      <symbol id="sm-70e">
         <name>PORT5_IRQHandler</name>
         <value>0x119e1</value>
      </symbol>
      <symbol id="sm-70f">
         <name>PORT6_IRQHandler</name>
         <value>0x119e1</value>
      </symbol>
   </symbol_table>
   <title>Link successful</title>
</link_info>
