<?xml version="1.0" encoding="ISO-8859-1" ?>
<link_info>
   <banner>TI ARM Linker PC v20.2.4.LTS</banner>
   <copyright>Copyright (c) 1996-2018 Texas Instruments Incorporated</copyright>
   <link_time>0x60618756</link_time>
   <link_errors>0x0</link_errors>
   <output_file>TFT_SPI_display_with_touch.out</output_file>
   <entry_point>
      <name>_c_int00_noargs</name>
      <address>0x17145</address>
   </entry_point>
   <input_file_list>
      <input_file id="fl-2">
         <path>.\</path>
         <kind>object</kind>
         <file>main.obj</file>
         <name>main.obj</name>
      </input_file>
      <input_file id="fl-3">
         <path>.\</path>
         <kind>object</kind>
         <file>system_msp432p401r.obj</file>
         <name>system_msp432p401r.obj</name>
      </input_file>
      <input_file id="fl-5">
         <path>.\src\</path>
         <kind>object</kind>
         <file>24cxx.obj</file>
         <name>24cxx.obj</name>
      </input_file>
      <input_file id="fl-6">
         <path>.\src\</path>
         <kind>object</kind>
         <file>ADS1118.obj</file>
         <name>ADS1118.obj</name>
      </input_file>
      <input_file id="fl-7">
         <path>.\src\</path>
         <kind>object</kind>
         <file>DS18B20.obj</file>
         <name>DS18B20.obj</name>
      </input_file>
      <input_file id="fl-8">
         <path>.\src\</path>
         <kind>object</kind>
         <file>GUI.obj</file>
         <name>GUI.obj</name>
      </input_file>
      <input_file id="fl-9">
         <path>.\src\</path>
         <kind>object</kind>
         <file>MAX4662.obj</file>
         <name>MAX4662.obj</name>
      </input_file>
      <input_file id="fl-a">
         <path>.\src\</path>
         <kind>object</kind>
         <file>ST7796S.obj</file>
         <name>ST7796S.obj</name>
      </input_file>
      <input_file id="fl-b">
         <path>.\src\</path>
         <kind>object</kind>
         <file>USCI_A0_UART.obj</file>
         <name>USCI_A0_UART.obj</name>
      </input_file>
      <input_file id="fl-c">
         <path>.\src\</path>
         <kind>object</kind>
         <file>USCI_B0_SPI.obj</file>
         <name>USCI_B0_SPI.obj</name>
      </input_file>
      <input_file id="fl-d">
         <path>.\src\</path>
         <kind>object</kind>
         <file>alarm.obj</file>
         <name>alarm.obj</name>
      </input_file>
      <input_file id="fl-e">
         <path>.\src\</path>
         <kind>object</kind>
         <file>dac8571.obj</file>
         <name>dac8571.obj</name>
      </input_file>
      <input_file id="fl-f">
         <path>.\src\</path>
         <kind>object</kind>
         <file>delay.obj</file>
         <name>delay.obj</name>
      </input_file>
      <input_file id="fl-10">
         <path>.\src\</path>
         <kind>object</kind>
         <file>device_init.obj</file>
         <name>device_init.obj</name>
      </input_file>
      <input_file id="fl-11">
         <path>.\src\</path>
         <kind>object</kind>
         <file>display_voltage.obj</file>
         <name>display_voltage.obj</name>
      </input_file>
      <input_file id="fl-12">
         <path>.\src\</path>
         <kind>object</kind>
         <file>fan.obj</file>
         <name>fan.obj</name>
      </input_file>
      <input_file id="fl-13">
         <path>.\src\</path>
         <kind>object</kind>
         <file>key.obj</file>
         <name>key.obj</name>
      </input_file>
      <input_file id="fl-14">
         <path>.\src\</path>
         <kind>object</kind>
         <file>myiic.obj</file>
         <name>myiic.obj</name>
      </input_file>
      <input_file id="fl-15">
         <path>.\src\</path>
         <kind>object</kind>
         <file>pid.obj</file>
         <name>pid.obj</name>
      </input_file>
      <input_file id="fl-16">
         <path>.\src\</path>
         <kind>object</kind>
         <file>relay.obj</file>
         <name>relay.obj</name>
      </input_file>
      <input_file id="fl-17">
         <path>.\src\</path>
         <kind>object</kind>
         <file>system_init.obj</file>
         <name>system_init.obj</name>
      </input_file>
      <input_file id="fl-18">
         <path>.\src\</path>
         <kind>object</kind>
         <file>touch.obj</file>
         <name>touch.obj</name>
      </input_file>
      <input_file id="fl-19">
         <path>.\src\</path>
         <kind>object</kind>
         <file>vector.obj</file>
         <name>vector.obj</name>
      </input_file>
      <input_file id="fl-dd">
         <path>C:\ti\ccs1020\ccs\tools\compiler\ti-cgt-arm_20.2.4.LTS\lib\</path>
         <kind>archive</kind>
         <file>rtsv7M4_T_le_v4SPD16_eabi.lib</file>
         <name>printf.c.obj</name>
      </input_file>
      <input_file id="fl-de">
         <path>C:\ti\ccs1020\ccs\tools\compiler\ti-cgt-arm_20.2.4.LTS\lib\</path>
         <kind>archive</kind>
         <file>rtsv7M4_T_le_v4SPD16_eabi.lib</file>
         <name>_printfi.c.obj</name>
      </input_file>
      <input_file id="fl-df">
         <path>C:\ti\ccs1020\ccs\tools\compiler\ti-cgt-arm_20.2.4.LTS\lib\</path>
         <kind>archive</kind>
         <file>rtsv7M4_T_le_v4SPD16_eabi.lib</file>
         <name>sprintf.c.obj</name>
      </input_file>
      <input_file id="fl-e0">
         <path>C:\ti\ccs1020\ccs\tools\compiler\ti-cgt-arm_20.2.4.LTS\lib\</path>
         <kind>archive</kind>
         <file>rtsv7M4_T_le_v4SPD16_eabi.lib</file>
         <name>e_sqrt.c.obj</name>
      </input_file>
      <input_file id="fl-e1">
         <path>C:\ti\ccs1020\ccs\tools\compiler\ti-cgt-arm_20.2.4.LTS\lib\</path>
         <kind>archive</kind>
         <file>rtsv7M4_T_le_v4SPD16_eabi.lib</file>
         <name>s_frexp.c.obj</name>
      </input_file>
      <input_file id="fl-e2">
         <path>C:\ti\ccs1020\ccs\tools\compiler\ti-cgt-arm_20.2.4.LTS\lib\</path>
         <kind>archive</kind>
         <file>rtsv7M4_T_le_v4SPD16_eabi.lib</file>
         <name>s_scalbn.c.obj</name>
      </input_file>
      <input_file id="fl-e3">
         <path>C:\ti\ccs1020\ccs\tools\compiler\ti-cgt-arm_20.2.4.LTS\lib\</path>
         <kind>archive</kind>
         <file>rtsv7M4_T_le_v4SPD16_eabi.lib</file>
         <name>s_copysign.c.obj</name>
      </input_file>
      <input_file id="fl-f1">
         <path>C:\ti\ccs1020\ccs\tools\compiler\ti-cgt-arm_20.2.4.LTS\lib\</path>
         <kind>archive</kind>
         <file>rtsv7M4_T_le_v4SPD16_eabi.lib</file>
         <name>copy_zero_init.c.obj</name>
      </input_file>
      <input_file id="fl-f2">
         <path>C:\ti\ccs1020\ccs\tools\compiler\ti-cgt-arm_20.2.4.LTS\lib\</path>
         <kind>archive</kind>
         <file>rtsv7M4_T_le_v4SPD16_eabi.lib</file>
         <name>copy_decompress_none.c.obj</name>
      </input_file>
      <input_file id="fl-f3">
         <path>C:\ti\ccs1020\ccs\tools\compiler\ti-cgt-arm_20.2.4.LTS\lib\</path>
         <kind>archive</kind>
         <file>rtsv7M4_T_le_v4SPD16_eabi.lib</file>
         <name>copy_decompress_lzss.c.obj</name>
      </input_file>
      <input_file id="fl-f4">
         <path>C:\ti\ccs1020\ccs\tools\compiler\ti-cgt-arm_20.2.4.LTS\lib\</path>
         <kind>archive</kind>
         <file>rtsv7M4_T_le_v4SPD16_eabi.lib</file>
         <name>_lock.c.obj</name>
      </input_file>
      <input_file id="fl-f5">
         <path>C:\ti\ccs1020\ccs\tools\compiler\ti-cgt-arm_20.2.4.LTS\lib\</path>
         <kind>archive</kind>
         <file>rtsv7M4_T_le_v4SPD16_eabi.lib</file>
         <name>_ltoa.c.obj</name>
      </input_file>
      <input_file id="fl-f6">
         <path>C:\ti\ccs1020\ccs\tools\compiler\ti-cgt-arm_20.2.4.LTS\lib\</path>
         <kind>archive</kind>
         <file>rtsv7M4_T_le_v4SPD16_eabi.lib</file>
         <name>atoi.c.obj</name>
      </input_file>
      <input_file id="fl-f7">
         <path>C:\ti\ccs1020\ccs\tools\compiler\ti-cgt-arm_20.2.4.LTS\lib\</path>
         <kind>archive</kind>
         <file>rtsv7M4_T_le_v4SPD16_eabi.lib</file>
         <name>ctype.c.obj</name>
      </input_file>
      <input_file id="fl-f8">
         <path>C:\ti\ccs1020\ccs\tools\compiler\ti-cgt-arm_20.2.4.LTS\lib\</path>
         <kind>archive</kind>
         <file>rtsv7M4_T_le_v4SPD16_eabi.lib</file>
         <name>defs.c.obj</name>
      </input_file>
      <input_file id="fl-f9">
         <path>C:\ti\ccs1020\ccs\tools\compiler\ti-cgt-arm_20.2.4.LTS\lib\</path>
         <kind>archive</kind>
         <file>rtsv7M4_T_le_v4SPD16_eabi.lib</file>
         <name>memccpy.c.obj</name>
      </input_file>
      <input_file id="fl-fa">
         <path>C:\ti\ccs1020\ccs\tools\compiler\ti-cgt-arm_20.2.4.LTS\lib\</path>
         <kind>archive</kind>
         <file>rtsv7M4_T_le_v4SPD16_eabi.lib</file>
         <name>strchr.c.obj</name>
      </input_file>
      <input_file id="fl-fb">
         <path>C:\ti\ccs1020\ccs\tools\compiler\ti-cgt-arm_20.2.4.LTS\lib\</path>
         <kind>archive</kind>
         <file>rtsv7M4_T_le_v4SPD16_eabi.lib</file>
         <name>strcpy.c.obj</name>
      </input_file>
      <input_file id="fl-fc">
         <path>C:\ti\ccs1020\ccs\tools\compiler\ti-cgt-arm_20.2.4.LTS\lib\</path>
         <kind>archive</kind>
         <file>rtsv7M4_T_le_v4SPD16_eabi.lib</file>
         <name>strlen.c.obj</name>
      </input_file>
      <input_file id="fl-ff">
         <path>C:\ti\ccs1020\ccs\tools\compiler\ti-cgt-arm_20.2.4.LTS\lib\</path>
         <kind>archive</kind>
         <file>rtsv7M4_T_le_v4SPD16_eabi.lib</file>
         <name>wcslen.c.obj</name>
      </input_file>
      <input_file id="fl-102">
         <path>C:\ti\ccs1020\ccs\tools\compiler\ti-cgt-arm_20.2.4.LTS\lib\</path>
         <kind>archive</kind>
         <file>rtsv7M4_T_le_v4SPD16_eabi.lib</file>
         <name>pre_init.c.obj</name>
      </input_file>
      <input_file id="fl-103">
         <path>C:\ti\ccs1020\ccs\tools\compiler\ti-cgt-arm_20.2.4.LTS\lib\</path>
         <kind>archive</kind>
         <file>rtsv7M4_T_le_v4SPD16_eabi.lib</file>
         <name>cpy_tbl.c.obj</name>
      </input_file>
      <input_file id="fl-106">
         <path>C:\Users\JIANGH~1\AppData\Local\Temp\</path>
         <kind>object</kind>
         <file>{88EBCAE7-50A6-4609-87F1-F3C879F753BE}</file>
         <name>{88EBCAE7-50A6-4609-87F1-F3C879F753BE}</name>
      </input_file>
      <input_file id="fl-4">
         <path>.\ccs\</path>
         <kind>object</kind>
         <file>startup_msp432p401r_ccs.obj</file>
         <name>startup_msp432p401r_ccs.obj</name>
      </input_file>
      <input_file id="fl-23">
         <kind>object</kind>
         <file>&lt;internal&gt;</file>
         <name>&lt;internal&gt;</name>
      </input_file>
      <input_file id="fl-24">
         <path>C:\ti\simplelink_msp432p4_sdk_3_40_01_02\source\ti\devices\msp432p4xx\driverlib\ccs\</path>
         <kind>archive</kind>
         <file>msp432p4xx_driverlib.lib</file>
         <name>wdt_a.o</name>
      </input_file>
      <input_file id="fl-25">
         <path>C:\ti\simplelink_msp432p4_sdk_3_40_01_02\source\ti\devices\msp432p4xx\driverlib\ccs\</path>
         <kind>archive</kind>
         <file>msp432p4xx_driverlib.lib</file>
         <name>interrupt.o</name>
      </input_file>
      <input_file id="fl-26">
         <path>C:\ti\simplelink_msp432p4_sdk_3_40_01_02\source\ti\devices\msp432p4xx\driverlib\ccs\</path>
         <kind>archive</kind>
         <file>msp432p4xx_driverlib.lib</file>
         <name>sysctl_a.o</name>
      </input_file>
      <input_file id="fl-27">
         <path>C:\ti\simplelink_msp432p4_sdk_3_40_01_02\source\ti\devices\msp432p4xx\driverlib\ccs\</path>
         <kind>archive</kind>
         <file>msp432p4xx_driverlib.lib</file>
         <name>cpu.o</name>
      </input_file>
      <input_file id="fl-e4">
         <path>C:\ti\ccs1020\ccs\tools\compiler\ti-cgt-arm_20.2.4.LTS\lib\</path>
         <kind>archive</kind>
         <file>rtsv7M4_T_le_v4SPD16_eabi.lib</file>
         <name>ull_div_t2.asm.obj</name>
      </input_file>
      <input_file id="fl-e5">
         <path>C:\ti\ccs1020\ccs\tools\compiler\ti-cgt-arm_20.2.4.LTS\lib\</path>
         <kind>archive</kind>
         <file>rtsv7M4_T_le_v4SPD16_eabi.lib</file>
         <name>memset_t2.asm.obj</name>
      </input_file>
      <input_file id="fl-e6">
         <path>C:\ti\ccs1020\ccs\tools\compiler\ti-cgt-arm_20.2.4.LTS\lib\</path>
         <kind>archive</kind>
         <file>rtsv7M4_T_le_v4SPD16_eabi.lib</file>
         <name>fd_add_t2.asm.obj</name>
      </input_file>
      <input_file id="fl-e7">
         <path>C:\ti\ccs1020\ccs\tools\compiler\ti-cgt-arm_20.2.4.LTS\lib\</path>
         <kind>archive</kind>
         <file>rtsv7M4_T_le_v4SPD16_eabi.lib</file>
         <name>fd_cmp_t2.asm.obj</name>
      </input_file>
      <input_file id="fl-e8">
         <path>C:\ti\ccs1020\ccs\tools\compiler\ti-cgt-arm_20.2.4.LTS\lib\</path>
         <kind>archive</kind>
         <file>rtsv7M4_T_le_v4SPD16_eabi.lib</file>
         <name>fd_div_t2.asm.obj</name>
      </input_file>
      <input_file id="fl-e9">
         <path>C:\ti\ccs1020\ccs\tools\compiler\ti-cgt-arm_20.2.4.LTS\lib\</path>
         <kind>archive</kind>
         <file>rtsv7M4_T_le_v4SPD16_eabi.lib</file>
         <name>fd_mul_t2.asm.obj</name>
      </input_file>
      <input_file id="fl-ea">
         <path>C:\ti\ccs1020\ccs\tools\compiler\ti-cgt-arm_20.2.4.LTS\lib\</path>
         <kind>archive</kind>
         <file>rtsv7M4_T_le_v4SPD16_eabi.lib</file>
         <name>fd_toi_t2.asm.obj</name>
      </input_file>
      <input_file id="fl-eb">
         <path>C:\ti\ccs1020\ccs\tools\compiler\ti-cgt-arm_20.2.4.LTS\lib\</path>
         <kind>archive</kind>
         <file>rtsv7M4_T_le_v4SPD16_eabi.lib</file>
         <name>fd_tos_t2.asm.obj</name>
      </input_file>
      <input_file id="fl-ec">
         <path>C:\ti\ccs1020\ccs\tools\compiler\ti-cgt-arm_20.2.4.LTS\lib\</path>
         <kind>archive</kind>
         <file>rtsv7M4_T_le_v4SPD16_eabi.lib</file>
         <name>fd_tou_t2.asm.obj</name>
      </input_file>
      <input_file id="fl-ed">
         <path>C:\ti\ccs1020\ccs\tools\compiler\ti-cgt-arm_20.2.4.LTS\lib\</path>
         <kind>archive</kind>
         <file>rtsv7M4_T_le_v4SPD16_eabi.lib</file>
         <name>fs_tod_t2.asm.obj</name>
      </input_file>
      <input_file id="fl-ee">
         <path>C:\ti\ccs1020\ccs\tools\compiler\ti-cgt-arm_20.2.4.LTS\lib\</path>
         <kind>archive</kind>
         <file>rtsv7M4_T_le_v4SPD16_eabi.lib</file>
         <name>i_tofd_t2.asm.obj</name>
      </input_file>
      <input_file id="fl-ef">
         <path>C:\ti\ccs1020\ccs\tools\compiler\ti-cgt-arm_20.2.4.LTS\lib\</path>
         <kind>archive</kind>
         <file>rtsv7M4_T_le_v4SPD16_eabi.lib</file>
         <name>memcpy_t2.asm.obj</name>
      </input_file>
      <input_file id="fl-f0">
         <path>C:\ti\ccs1020\ccs\tools\compiler\ti-cgt-arm_20.2.4.LTS\lib\</path>
         <kind>archive</kind>
         <file>rtsv7M4_T_le_v4SPD16_eabi.lib</file>
         <name>u_tofd_t2.asm.obj</name>
      </input_file>
      <input_file id="fl-fd">
         <path>C:\ti\ccs1020\ccs\tools\compiler\ti-cgt-arm_20.2.4.LTS\lib\</path>
         <kind>archive</kind>
         <file>rtsv7M4_T_le_v4SPD16_eabi.lib</file>
         <name>errno.c.obj</name>
      </input_file>
      <input_file id="fl-fe">
         <path>C:\ti\ccs1020\ccs\tools\compiler\ti-cgt-arm_20.2.4.LTS\lib\</path>
         <kind>archive</kind>
         <file>rtsv7M4_T_le_v4SPD16_eabi.lib</file>
         <name>boot_cortex_m.c.obj</name>
      </input_file>
      <input_file id="fl-100">
         <path>C:\ti\ccs1020\ccs\tools\compiler\ti-cgt-arm_20.2.4.LTS\lib\</path>
         <kind>archive</kind>
         <file>rtsv7M4_T_le_v4SPD16_eabi.lib</file>
         <name>div0.asm.obj</name>
      </input_file>
      <input_file id="fl-101">
         <path>C:\ti\ccs1020\ccs\tools\compiler\ti-cgt-arm_20.2.4.LTS\lib\</path>
         <kind>archive</kind>
         <file>rtsv7M4_T_le_v4SPD16_eabi.lib</file>
         <name>autoinit.c.obj</name>
      </input_file>
      <input_file id="fl-104">
         <path>C:\ti\ccs1020\ccs\tools\compiler\ti-cgt-arm_20.2.4.LTS\lib\</path>
         <kind>archive</kind>
         <file>rtsv7M4_T_le_v4SPD16_eabi.lib</file>
         <name>exit.c.obj</name>
      </input_file>
      <input_file id="fl-105">
         <path>C:\ti\ccs1020\ccs\tools\compiler\ti-cgt-arm_20.2.4.LTS\lib\</path>
         <kind>archive</kind>
         <file>rtsv7M4_T_le_v4SPD16_eabi.lib</file>
         <name>args_main.c.obj</name>
      </input_file>
   </input_file_list>
   <object_component_list>
      <object_component id="oc-26">
         <name>.intvecs:retain</name>
         <load_address>0x0</load_address>
         <run_address>0x0</run_address>
         <size>0xe4</size>
         <input_file_ref idref="fl-4"/>
      </object_component>
      <object_component id="oc-ed">
         <name>.text:main</name>
         <load_address>0xfeec</load_address>
         <run_address>0xfeec</run_address>
         <size>0x22f0</size>
         <input_file_ref idref="fl-2"/>
      </object_component>
      <object_component id="oc-1e6">
         <name>.text:draw_focus</name>
         <load_address>0x121dc</load_address>
         <run_address>0x121dc</run_address>
         <size>0xa7c</size>
         <input_file_ref idref="fl-8"/>
      </object_component>
      <object_component id="oc-2da">
         <name>.text:__TI_printfi</name>
         <load_address>0x12c58</load_address>
         <run_address>0x12c58</run_address>
         <size>0xa66</size>
         <input_file_ref idref="fl-de"/>
      </object_component>
      <object_component id="oc-6a">
         <name>.text:Default_Handler</name>
         <load_address>0x136be</load_address>
         <run_address>0x136be</run_address>
         <size>0x2</size>
         <input_file_ref idref="fl-4"/>
      </object_component>
      <object_component id="oc-25d">
         <name>.text:TP_Adjust</name>
         <load_address>0x136c0</load_address>
         <run_address>0x136c0</run_address>
         <size>0x618</size>
         <input_file_ref idref="fl-18"/>
      </object_component>
      <object_component id="oc-174">
         <name>.text:Show_Str</name>
         <load_address>0x13cd8</load_address>
         <run_address>0x13cd8</run_address>
         <size>0x490</size>
         <input_file_ref idref="fl-a"/>
      </object_component>
      <object_component id="oc-3ba">
         <name>.text:_pconv_a$24</name>
         <load_address>0x14168</load_address>
         <run_address>0x14168</run_address>
         <size>0x268</size>
         <input_file_ref idref="fl-de"/>
      </object_component>
      <object_component id="oc-363">
         <name>.text:TP_Adj_Info_Show</name>
         <load_address>0x143d0</load_address>
         <run_address>0x143d0</run_address>
         <size>0x20c</size>
         <input_file_ref idref="fl-18"/>
      </object_component>
      <object_component id="oc-3a8">
         <name>.text:_pconv_g$24</name>
         <load_address>0x145dc</load_address>
         <run_address>0x145dc</run_address>
         <size>0x1d0</size>
         <input_file_ref idref="fl-de"/>
      </object_component>
      <object_component id="oc-1dc">
         <name>.text</name>
         <load_address>0x147ac</load_address>
         <run_address>0x147ac</run_address>
         <size>0x1b6</size>
         <input_file_ref idref="fl-e6"/>
      </object_component>
      <object_component id="oc-3d0">
         <name>.text:_nop</name>
         <load_address>0x14962</load_address>
         <run_address>0x14962</run_address>
         <size>0x2</size>
         <input_file_ref idref="fl-f4"/>
      </object_component>
      <object_component id="oc-180">
         <name>.text:draw_mode</name>
         <load_address>0x14964</load_address>
         <run_address>0x14964</run_address>
         <size>0x178</size>
         <input_file_ref idref="fl-8"/>
      </object_component>
      <object_component id="oc-2f6">
         <name>.text:Fill_Triangel</name>
         <load_address>0x14adc</load_address>
         <run_address>0x14adc</run_address>
         <size>0x15c</size>
         <input_file_ref idref="fl-a"/>
      </object_component>
      <object_component id="oc-353">
         <name>.text:sqrt</name>
         <load_address>0x14c38</load_address>
         <run_address>0x14c38</run_address>
         <size>0x158</size>
         <input_file_ref idref="fl-e0"/>
      </object_component>
      <object_component id="oc-1c0">
         <name>.text:average_voltage_caculate</name>
         <load_address>0x14d90</load_address>
         <run_address>0x14d90</run_address>
         <size>0x154</size>
         <input_file_ref idref="fl-6"/>
      </object_component>
      <object_component id="oc-3b4">
         <name>.text:_pconv_e$24</name>
         <load_address>0x14ee4</load_address>
         <run_address>0x14ee4</run_address>
         <size>0x13c</size>
         <input_file_ref idref="fl-de"/>
      </object_component>
      <object_component id="oc-1b4">
         <name>.text:LCD_ShowChar_2412</name>
         <load_address>0x15020</load_address>
         <run_address>0x15020</run_address>
         <size>0x138</size>
         <input_file_ref idref="fl-a"/>
      </object_component>
      <object_component id="oc-27d">
         <name>.text</name>
         <load_address>0x15158</load_address>
         <run_address>0x15158</run_address>
         <size>0x136</size>
         <input_file_ref idref="fl-e8"/>
      </object_component>
      <object_component id="oc-488">
         <name>.text</name>
         <load_address>0x1528e</load_address>
         <run_address>0x1528e</run_address>
         <size>0x2</size>
         <input_file_ref idref="fl-100"/>
      </object_component>
      <object_component id="oc-43e">
         <name>.text:fcvt$24</name>
         <load_address>0x15290</load_address>
         <run_address>0x15290</run_address>
         <size>0x124</size>
         <input_file_ref idref="fl-de"/>
      </object_component>
      <object_component id="oc-452">
         <name>.text:scalbn</name>
         <load_address>0x153b4</load_address>
         <run_address>0x153b4</run_address>
         <size>0x110</size>
         <input_file_ref idref="fl-e2"/>
      </object_component>
      <object_component id="oc-293">
         <name>.text:LCD_ShowChar</name>
         <load_address>0x154c4</load_address>
         <run_address>0x154c4</run_address>
         <size>0x104</size>
         <input_file_ref idref="fl-a"/>
      </object_component>
      <object_component id="oc-338">
         <name>.text:TP_Read_XOY</name>
         <load_address>0x155c8</load_address>
         <run_address>0x155c8</run_address>
         <size>0x104</size>
         <input_file_ref idref="fl-18"/>
      </object_component>
      <object_component id="oc-159">
         <name>.text:DAC8571_OUT</name>
         <load_address>0x156cc</load_address>
         <run_address>0x156cc</run_address>
         <size>0x100</size>
         <input_file_ref idref="fl-e"/>
      </object_component>
      <object_component id="oc-1d7">
         <name>.text</name>
         <load_address>0x157cc</load_address>
         <run_address>0x157cc</run_address>
         <size>0xfc</size>
         <input_file_ref idref="fl-e9"/>
      </object_component>
      <object_component id="oc-1ae">
         <name>.text:LCD_ShowNum</name>
         <load_address>0x158c8</load_address>
         <run_address>0x158c8</run_address>
         <size>0xd2</size>
         <input_file_ref idref="fl-a"/>
      </object_component>
      <object_component id="oc-1ba">
         <name>.text:display_temperature</name>
         <load_address>0x1599c</load_address>
         <run_address>0x1599c</run_address>
         <size>0xcc</size>
         <input_file_ref idref="fl-7"/>
      </object_component>
      <object_component id="oc-3a2">
         <name>.text:_ltostr$24</name>
         <load_address>0x15a68</load_address>
         <run_address>0x15a68</run_address>
         <size>0xb1</size>
         <input_file_ref idref="fl-de"/>
      </object_component>
      <object_component id="oc-340">
         <name>.text:AT24CXX_ReadOneByte</name>
         <load_address>0x15b1c</load_address>
         <run_address>0x15b1c</run_address>
         <size>0xb0</size>
         <input_file_ref idref="fl-5"/>
      </object_component>
      <object_component id="oc-271">
         <name>.text:IIC_TR</name>
         <load_address>0x15bcc</load_address>
         <run_address>0x15bcc</run_address>
         <size>0xb0</size>
         <input_file_ref idref="fl-e"/>
      </object_component>
      <object_component id="oc-38a">
         <name>.text:TP_Read_XY2</name>
         <load_address>0x15c7c</load_address>
         <run_address>0x15c7c</run_address>
         <size>0xb0</size>
         <input_file_ref idref="fl-18"/>
      </object_component>
      <object_component id="oc-2a9">
         <name>.text:TP_Scan</name>
         <load_address>0x15d2c</load_address>
         <run_address>0x15d2c</run_address>
         <size>0xb0</size>
         <input_file_ref idref="fl-18"/>
      </object_component>
      <object_component id="oc-76">
         <name>.text:TA0_0_IRQHandler</name>
         <load_address>0x15ddc</load_address>
         <run_address>0x15ddc</run_address>
         <size>0xa8</size>
         <input_file_ref idref="fl-19"/>
      </object_component>
      <object_component id="oc-37">
         <name>.text</name>
         <load_address>0x15e84</load_address>
         <run_address>0x15e84</run_address>
         <size>0x9c</size>
         <input_file_ref idref="fl-ef"/>
      </object_component>
      <object_component id="oc-2bd">
         <name>.text:_draw_circle_8</name>
         <load_address>0x15f20</load_address>
         <run_address>0x15f20</run_address>
         <size>0x98</size>
         <input_file_ref idref="fl-a"/>
      </object_component>
      <object_component id="oc-425">
         <name>.text</name>
         <load_address>0x15fb8</load_address>
         <run_address>0x15fb8</run_address>
         <size>0x96</size>
         <input_file_ref idref="fl-e4"/>
      </object_component>
      <object_component id="oc-257">
         <name>.text:TP_Get_Adjdata</name>
         <load_address>0x16050</load_address>
         <run_address>0x16050</run_address>
         <size>0x94</size>
         <input_file_ref idref="fl-18"/>
      </object_component>
      <object_component id="oc-1a8">
         <name>.text:gui_circle</name>
         <load_address>0x160e4</load_address>
         <run_address>0x160e4</run_address>
         <size>0x94</size>
         <input_file_ref idref="fl-a"/>
      </object_component>
      <object_component id="oc-2b6">
         <name>.text:LCD_DrawLine</name>
         <load_address>0x16178</load_address>
         <run_address>0x16178</run_address>
         <size>0x8e</size>
         <input_file_ref idref="fl-a"/>
      </object_component>
      <object_component id="oc-70">
         <name>.text:key_test</name>
         <load_address>0x16208</load_address>
         <run_address>0x16208</run_address>
         <size>0x88</size>
         <input_file_ref idref="fl-13"/>
      </object_component>
      <object_component id="oc-35e">
         <name>.text:__aeabi_cdcmple</name>
         <load_address>0x16290</load_address>
         <run_address>0x16290</run_address>
         <size>0x86</size>
         <input_file_ref idref="fl-e7"/>
      </object_component>
      <object_component id="oc-1ef">
         <name>.text:__aeabi_cdrcmple</name>
         <load_address>0x16316</load_address>
         <run_address>0x16316</run_address>
         <size>0x86</size>
         <input_file_ref idref="fl-e7"/>
      </object_component>
      <object_component id="oc-40d">
         <name>.text:IIC_Stop</name>
         <load_address>0x1639c</load_address>
         <run_address>0x1639c</run_address>
         <size>0x84</size>
         <input_file_ref idref="fl-14"/>
      </object_component>
      <object_component id="oc-34d">
         <name>.text:TP_Drow_Touch_Point</name>
         <load_address>0x16420</load_address>
         <run_address>0x16420</run_address>
         <size>0x84</size>
         <input_file_ref idref="fl-18"/>
      </object_component>
      <object_component id="oc-82">
         <name>.text:EUSCIB0_IRQHandler</name>
         <load_address>0x164a4</load_address>
         <run_address>0x164a4</run_address>
         <size>0x80</size>
         <input_file_ref idref="fl-19"/>
      </object_component>
      <object_component id="oc-196">
         <name>.text:clear_interface</name>
         <load_address>0x16524</load_address>
         <run_address>0x16524</run_address>
         <size>0x80</size>
         <input_file_ref idref="fl-8"/>
      </object_component>
      <object_component id="oc-e1">
         <name>.text</name>
         <load_address>0x165a4</load_address>
         <run_address>0x165a4</run_address>
         <size>0x7a</size>
         <input_file_ref idref="fl-e5"/>
      </object_component>
      <object_component id="oc-144">
         <name>.text:LCD_Clear</name>
         <load_address>0x16620</load_address>
         <run_address>0x16620</run_address>
         <size>0x78</size>
         <input_file_ref idref="fl-a"/>
      </object_component>
      <object_component id="oc-17a">
         <name>.text:LCD_Fill</name>
         <load_address>0x16698</load_address>
         <run_address>0x16698</run_address>
         <size>0x70</size>
         <input_file_ref idref="fl-a"/>
      </object_component>
      <object_component id="oc-263">
         <name>.text:TP_Save_Adjdata</name>
         <load_address>0x16708</load_address>
         <run_address>0x16708</run_address>
         <size>0x70</size>
         <input_file_ref idref="fl-18"/>
      </object_component>
      <object_component id="oc-1e1">
         <name>.text</name>
         <load_address>0x16778</load_address>
         <run_address>0x16778</run_address>
         <size>0x6e</size>
         <input_file_ref idref="fl-eb"/>
      </object_component>
      <object_component id="oc-1d1">
         <name>.text:LCD_ShowString</name>
         <load_address>0x167e8</load_address>
         <run_address>0x167e8</run_address>
         <size>0x6c</size>
         <input_file_ref idref="fl-a"/>
      </object_component>
      <object_component id="oc-437">
         <name>.text:_mcpy$24</name>
         <load_address>0x16854</load_address>
         <run_address>0x16854</run_address>
         <size>0x6a</size>
         <input_file_ref idref="fl-de"/>
      </object_component>
      <object_component id="oc-ff">
         <name>.text:SystemInit</name>
         <load_address>0x168c0</load_address>
         <run_address>0x168c0</run_address>
         <size>0x68</size>
         <input_file_ref idref="fl-3"/>
      </object_component>
      <object_component id="oc-17">
         <name>.text:decompress:lzss:__TI_decompress_lzss</name>
         <load_address>0x16928</load_address>
         <run_address>0x16928</run_address>
         <size>0x68</size>
         <input_file_ref idref="fl-f3"/>
      </object_component>
      <object_component id="oc-44c">
         <name>.text:frexp</name>
         <load_address>0x16990</load_address>
         <run_address>0x16990</run_address>
         <size>0x64</size>
         <input_file_ref idref="fl-e1"/>
      </object_component>
      <object_component id="oc-401">
         <name>.text:IIC_Send_Byte</name>
         <load_address>0x169f4</load_address>
         <run_address>0x169f4</run_address>
         <size>0x60</size>
         <input_file_ref idref="fl-14"/>
      </object_component>
      <object_component id="oc-168">
         <name>.text:LCD_SetWindows</name>
         <load_address>0x16a54</load_address>
         <run_address>0x16a54</run_address>
         <size>0x5c</size>
         <input_file_ref idref="fl-a"/>
      </object_component>
      <object_component id="oc-2cc">
         <name>.text:DS18B20_ReadByte</name>
         <load_address>0x16ab0</load_address>
         <run_address>0x16ab0</run_address>
         <size>0x58</size>
         <input_file_ref idref="fl-7"/>
      </object_component>
      <object_component id="oc-3ae">
         <name>.text:_pconv_f$24</name>
         <load_address>0x16b08</load_address>
         <run_address>0x16b08</run_address>
         <size>0x56</size>
         <input_file_ref idref="fl-de"/>
      </object_component>
      <object_component id="oc-407">
         <name>.text:IIC_Wait_Ack</name>
         <load_address>0x16b60</load_address>
         <run_address>0x16b60</run_address>
         <size>0x54</size>
         <input_file_ref idref="fl-14"/>
      </object_component>
      <object_component id="oc-42b">
         <name>.text:__TI_ltoa</name>
         <load_address>0x16bb4</load_address>
         <run_address>0x16bb4</run_address>
         <size>0x54</size>
         <input_file_ref idref="fl-f5"/>
      </object_component>
      <object_component id="oc-1e9">
         <name>.text:printf</name>
         <load_address>0x16c08</load_address>
         <run_address>0x16c08</run_address>
         <size>0x54</size>
         <input_file_ref idref="fl-dd"/>
      </object_component>
      <object_component id="oc-431">
         <name>.text:_ecpy$24</name>
         <load_address>0x16c5c</load_address>
         <run_address>0x16c5c</run_address>
         <size>0x52</size>
         <input_file_ref idref="fl-de"/>
      </object_component>
      <object_component id="oc-2c6">
         <name>.text:DS18B20_WriteByte</name>
         <load_address>0x16cb0</load_address>
         <run_address>0x16cb0</run_address>
         <size>0x50</size>
         <input_file_ref idref="fl-7"/>
      </object_component>
      <object_component id="oc-153">
         <name>.text:DS18B20_Init</name>
         <load_address>0x16d00</load_address>
         <run_address>0x16d00</run_address>
         <size>0x4c</size>
         <input_file_ref idref="fl-7"/>
      </object_component>
      <object_component id="oc-39c">
         <name>.text:atoi</name>
         <load_address>0x16d4c</load_address>
         <run_address>0x16d4c</run_address>
         <size>0x4c</size>
         <input_file_ref idref="fl-f6"/>
      </object_component>
      <object_component id="oc-16e">
         <name>.text:Lcd_WriteData_16Bit</name>
         <load_address>0x16d98</load_address>
         <run_address>0x16d98</run_address>
         <size>0x48</size>
         <input_file_ref idref="fl-a"/>
      </object_component>
      <object_component id="oc-359">
         <name>.text</name>
         <load_address>0x16de0</load_address>
         <run_address>0x16de0</run_address>
         <size>0x48</size>
         <input_file_ref idref="fl-ea"/>
      </object_component>
      <object_component id="oc-201">
         <name>.text:__TI_auto_init_nobinit_nopinit:__TI_auto_init_nobinit_nopinit</name>
         <load_address>0x16e28</load_address>
         <run_address>0x16e28</run_address>
         <size>0x44</size>
         <input_file_ref idref="fl-101"/>
      </object_component>
      <object_component id="oc-282">
         <name>.text</name>
         <load_address>0x16e6c</load_address>
         <run_address>0x16e6c</run_address>
         <size>0x44</size>
         <input_file_ref idref="fl-ec"/>
      </object_component>
      <object_component id="oc-23f">
         <name>.text:usci_b0_spi_transmit_frame</name>
         <load_address>0x16eb0</load_address>
         <run_address>0x16eb0</run_address>
         <size>0x44</size>
         <input_file_ref idref="fl-c"/>
      </object_component>
      <object_component id="oc-162">
         <name>.text:Gui_StrCenter</name>
         <load_address>0x16ef4</load_address>
         <run_address>0x16ef4</run_address>
         <size>0x40</size>
         <input_file_ref idref="fl-a"/>
      </object_component>
      <object_component id="oc-3fb">
         <name>.text:IIC_Start</name>
         <load_address>0x16f34</load_address>
         <run_address>0x16f34</run_address>
         <size>0x40</size>
         <input_file_ref idref="fl-14"/>
      </object_component>
      <object_component id="oc-1cb">
         <name>.text:sprintf</name>
         <load_address>0x16f74</load_address>
         <run_address>0x16f74</run_address>
         <size>0x40</size>
         <input_file_ref idref="fl-df"/>
      </object_component>
      <object_component id="oc-19c">
         <name>.text:draw_return_buttom</name>
         <load_address>0x16fb4</load_address>
         <run_address>0x16fb4</run_address>
         <size>0x3e</size>
         <input_file_ref idref="fl-8"/>
      </object_component>
      <object_component id="oc-14d">
         <name>.text:TP_Init</name>
         <load_address>0x16ff4</load_address>
         <run_address>0x16ff4</run_address>
         <size>0x3c</size>
         <input_file_ref idref="fl-18"/>
      </object_component>
      <object_component id="oc-444">
         <name>.text:_fcpy$24</name>
         <load_address>0x17030</load_address>
         <run_address>0x17030</run_address>
         <size>0x3a</size>
         <input_file_ref idref="fl-de"/>
      </object_component>
      <object_component id="oc-26a">
         <name>.text:delay_us</name>
         <load_address>0x1706c</load_address>
         <run_address>0x1706c</run_address>
         <size>0x38</size>
         <input_file_ref idref="fl-f"/>
      </object_component>
      <object_component id="oc-1c6">
         <name>.text</name>
         <load_address>0x170a4</load_address>
         <run_address>0x170a4</run_address>
         <size>0x38</size>
         <input_file_ref idref="fl-ed"/>
      </object_component>
      <object_component id="oc-370">
         <name>.text:AT24CXX_WriteOneByte</name>
         <load_address>0x170dc</load_address>
         <run_address>0x170dc</run_address>
         <size>0x34</size>
         <input_file_ref idref="fl-5"/>
      </object_component>
      <object_component id="oc-1a2">
         <name>.text:LCD_DrawboldLine</name>
         <load_address>0x17110</load_address>
         <run_address>0x17110</run_address>
         <size>0x34</size>
         <input_file_ref idref="fl-a"/>
      </object_component>
      <object_component id="oc-52">
         <name>.text:_c_int00_noargs:_c_int00_noargs</name>
         <load_address>0x17144</load_address>
         <run_address>0x17144</run_address>
         <size>0x34</size>
         <input_file_ref idref="fl-fe"/>
      </object_component>
      <object_component id="oc-138">
         <name>.text:LCD_WR_DATA</name>
         <load_address>0x17178</load_address>
         <run_address>0x17178</run_address>
         <size>0x30</size>
         <input_file_ref idref="fl-a"/>
      </object_component>
      <object_component id="oc-132">
         <name>.text:LCD_WR_REG</name>
         <load_address>0x171a8</load_address>
         <run_address>0x171a8</run_address>
         <size>0x30</size>
         <input_file_ref idref="fl-a"/>
      </object_component>
      <object_component id="oc-109">
         <name>.text:delay_ms</name>
         <load_address>0x171d8</load_address>
         <run_address>0x171d8</run_address>
         <size>0x30</size>
         <input_file_ref idref="fl-f"/>
      </object_component>
      <object_component id="oc-2d2">
         <name>.text</name>
         <load_address>0x17208</load_address>
         <run_address>0x17208</run_address>
         <size>0x2e</size>
         <input_file_ref idref="fl-ee"/>
      </object_component>
      <object_component id="oc-24b">
         <name>.text:TP_Read_XY</name>
         <load_address>0x17238</load_address>
         <run_address>0x17238</run_address>
         <size>0x28</size>
         <input_file_ref idref="fl-18"/>
      </object_component>
      <object_component id="oc-251">
         <name>.text:IIC_Init</name>
         <load_address>0x17260</load_address>
         <run_address>0x17260</run_address>
         <size>0x24</size>
         <input_file_ref idref="fl-14"/>
      </object_component>
      <object_component id="oc-12c">
         <name>.text:WDT_A_holdTimer</name>
         <load_address>0x17284</load_address>
         <run_address>0x17284</run_address>
         <size>0x24</size>
         <input_file_ref idref="fl-24"/>
      </object_component>
      <object_component id="oc-346">
         <name>.text:AT24CXX_ReadLenByte</name>
         <load_address>0x172a8</load_address>
         <run_address>0x172a8</run_address>
         <size>0x20</size>
         <input_file_ref idref="fl-5"/>
      </object_component>
      <object_component id="oc-36a">
         <name>.text:AT24CXX_WriteLenByte</name>
         <load_address>0x172c8</load_address>
         <run_address>0x172c8</run_address>
         <size>0x20</size>
         <input_file_ref idref="fl-5"/>
      </object_component>
      <object_component id="oc-277">
         <name>.text:IIC_OVER</name>
         <load_address>0x172e8</load_address>
         <run_address>0x172e8</run_address>
         <size>0x20</size>
         <input_file_ref idref="fl-e"/>
      </object_component>
      <object_component id="oc-2fc">
         <name>.text</name>
         <load_address>0x17308</load_address>
         <run_address>0x17308</run_address>
         <size>0x20</size>
         <input_file_ref idref="fl-f0"/>
      </object_component>
      <object_component id="oc-40">
         <name>.text:decompress:ZI:__TI_zero_init_nomemset:__TI_zero_init_nomemset</name>
         <load_address>0x17328</load_address>
         <run_address>0x17328</run_address>
         <size>0x1c</size>
         <input_file_ref idref="fl-f1"/>
      </object_component>
      <object_component id="oc-2e0">
         <name>.text:_outs$25</name>
         <load_address>0x17344</load_address>
         <run_address>0x17344</run_address>
         <size>0x18</size>
         <input_file_ref idref="fl-df"/>
      </object_component>
      <object_component id="oc-3da">
         <name>.text:fputs</name>
         <load_address>0x1735c</load_address>
         <run_address>0x1735c</run_address>
         <size>0x18</size>
         <input_file_ref idref="fl-b"/>
      </object_component>
      <object_component id="oc-458">
         <name>.text:strchr</name>
         <load_address>0x17374</load_address>
         <run_address>0x17374</run_address>
         <size>0x16</size>
         <input_file_ref idref="fl-fa"/>
      </object_component>
      <object_component id="oc-299">
         <name>.text:LCD_DrawPoint</name>
         <load_address>0x1738c</load_address>
         <run_address>0x1738c</run_address>
         <size>0x14</size>
         <input_file_ref idref="fl-a"/>
      </object_component>
      <object_component id="oc-494">
         <name>.text:copysign</name>
         <load_address>0x173a0</load_address>
         <run_address>0x173a0</run_address>
         <size>0x14</size>
         <input_file_ref idref="fl-e3"/>
      </object_component>
      <object_component id="oc-3e1">
         <name>.text:fputc</name>
         <load_address>0x173b4</load_address>
         <run_address>0x173b4</run_address>
         <size>0x14</size>
         <input_file_ref idref="fl-b"/>
      </object_component>
      <object_component id="oc-28a">
         <name>.text:strlen</name>
         <load_address>0x173c8</load_address>
         <run_address>0x173c8</run_address>
         <size>0x14</size>
         <input_file_ref idref="fl-fc"/>
      </object_component>
      <object_component id="oc-13e">
         <name>.text:LCD_WriteReg</name>
         <load_address>0x173dc</load_address>
         <run_address>0x173dc</run_address>
         <size>0x12</size>
         <input_file_ref idref="fl-a"/>
      </object_component>
      <object_component id="oc-392">
         <name>.text:GUI_DrawPoint</name>
         <load_address>0x173ee</load_address>
         <run_address>0x173ee</run_address>
         <size>0x10</size>
         <input_file_ref idref="fl-a"/>
      </object_component>
      <object_component id="oc-1d">
         <name>.text:decompress:none:__TI_decompress_none</name>
         <load_address>0x173fe</load_address>
         <run_address>0x173fe</run_address>
         <size>0xe</size>
         <input_file_ref idref="fl-f2"/>
      </object_component>
      <object_component id="oc-7c">
         <name>.text:EUSCIA0_IRQHandler</name>
         <load_address>0x1740c</load_address>
         <run_address>0x1740c</run_address>
         <size>0xc</size>
         <input_file_ref idref="fl-19"/>
      </object_component>
      <object_component id="oc-64">
         <name>.text:Reset_Handler</name>
         <load_address>0x17418</load_address>
         <run_address>0x17418</run_address>
         <size>0xc</size>
         <input_file_ref idref="fl-4"/>
      </object_component>
      <object_component id="oc-2e6">
         <name>.text:_outc$25</name>
         <load_address>0x17424</load_address>
         <run_address>0x17424</run_address>
         <size>0xa</size>
         <input_file_ref idref="fl-df"/>
      </object_component>
      <object_component id="oc-381">
         <name>.text:LCD_SetCursor</name>
         <load_address>0x1742e</load_address>
         <run_address>0x1742e</run_address>
         <size>0x8</size>
         <input_file_ref idref="fl-a"/>
      </object_component>
      <object_component id="oc-3c0">
         <name>.text:__aeabi_errno_addr</name>
         <load_address>0x17438</load_address>
         <run_address>0x17438</run_address>
         <size>0x8</size>
         <input_file_ref idref="fl-fd"/>
      </object_component>
      <object_component id="oc-30d">
         <name>.text:_outc$23</name>
         <load_address>0x17440</load_address>
         <run_address>0x17440</run_address>
         <size>0x4</size>
         <input_file_ref idref="fl-dd"/>
      </object_component>
      <object_component id="oc-307">
         <name>.text:_outs$23</name>
         <load_address>0x17444</load_address>
         <run_address>0x17444</run_address>
         <size>0x4</size>
         <input_file_ref idref="fl-dd"/>
      </object_component>
      <object_component id="oc-e7">
         <name>.text:_system_pre_init</name>
         <load_address>0x17448</load_address>
         <run_address>0x17448</run_address>
         <size>0x4</size>
         <input_file_ref idref="fl-102"/>
      </object_component>
      <object_component id="oc-1f5">
         <name>.text:abort:abort</name>
         <load_address>0x1744c</load_address>
         <run_address>0x1744c</run_address>
         <size>0x4</size>
         <input_file_ref idref="fl-104"/>
      </object_component>
      <object_component id="oc-29f">
         <name>.const:$O3$$</name>
         <load_address>0xe4</load_address>
         <run_address>0xe4</run_address>
         <size>0x72bc</size>
         <input_file_ref idref="fl-a"/>
      </object_component>
      <object_component id="oc-189">
         <name>.const:.string:gImage_liulu</name>
         <load_address>0x73a0</load_address>
         <run_address>0x73a0</run_address>
         <size>0x4718</size>
         <input_file_ref idref="fl-8"/>
      </object_component>
      <object_component id="oc-186">
         <name>.const:.string:gImage_jianghanlin</name>
         <load_address>0xbab8</load_address>
         <run_address>0xbab8</run_address>
         <size>0x4330</size>
         <input_file_ref idref="fl-8"/>
      </object_component>
      <object_component id="oc-421">
         <name>.const:.string:_ctypes_</name>
         <load_address>0xfde8</load_address>
         <run_address>0xfde8</run_address>
         <size>0x101</size>
         <input_file_ref idref="fl-f7"/>
      </object_component>
      <object_component id="oc-4d3">
         <name>.cinit..data.load</name>
         <load_address>0x17450</load_address>
         <run_address>0x17450</run_address>
         <size>0x42</size>
      </object_component>
      <object_component id="oc-4d1">
         <name>__TI_handler_table</name>
         <load_address>0x17494</load_address>
         <run_address>0x17494</run_address>
         <size>0xc</size>
      </object_component>
      <object_component id="oc-4d4">
         <name>.cinit..bss.load</name>
         <load_address>0x174a0</load_address>
         <run_address>0x174a0</run_address>
         <size>0x8</size>
      </object_component>
      <object_component id="oc-4d2">
         <name>__TI_cinit_table</name>
         <load_address>0x174a8</load_address>
         <run_address>0x174a8</run_address>
         <size>0x10</size>
      </object_component>
      <object_component id="oc-4a5">
         <name>.binit</name>
         <load_address>0x0</load_address>
         <run_address>0x0</run_address>
         <size>0x0</size>
      </object_component>
      <object_component id="oc-45f">
         <name>.data</name>
         <load_address>0x2000017c</load_address>
         <run_address>0x2000017c</run_address>
         <size>0x4</size>
         <input_file_ref idref="fl-fd"/>
      </object_component>
      <object_component id="oc-10f">
         <name>.data</name>
         <load_address>0x20000180</load_address>
         <run_address>0x20000180</run_address>
         <size>0x2</size>
         <input_file_ref idref="fl-7"/>
      </object_component>
      <object_component id="oc-18f">
         <name>.data</name>
         <load_address>0x2000011c</load_address>
         <run_address>0x2000011c</run_address>
         <size>0x28</size>
         <input_file_ref idref="fl-11"/>
      </object_component>
      <object_component id="oc-107">
         <name>.data</name>
         <load_address>0x20000182</load_address>
         <run_address>0x20000182</run_address>
         <size>0x1</size>
         <input_file_ref idref="fl-13"/>
      </object_component>
      <object_component id="oc-112">
         <name>.data</name>
         <load_address>0x20000183</load_address>
         <run_address>0x20000183</run_address>
         <size>0x1</size>
         <input_file_ref idref="fl-19"/>
      </object_component>
      <object_component id="oc-304">
         <name>.data:_ftable</name>
         <load_address>0x20000000</load_address>
         <run_address>0x20000000</run_address>
         <size>0xf0</size>
         <input_file_ref idref="fl-f8"/>
      </object_component>
      <object_component id="oc-192">
         <name>.data:$O1$$</name>
         <load_address>0x20000158</load_address>
         <run_address>0x20000158</run_address>
         <size>0xc</size>
         <input_file_ref idref="fl-8"/>
      </object_component>
      <object_component id="oc-15f">
         <name>.data:$O2$$</name>
         <load_address>0x20000144</load_address>
         <run_address>0x20000144</run_address>
         <size>0x14</size>
         <input_file_ref idref="fl-a"/>
      </object_component>
      <object_component id="oc-115">
         <name>.data:$O4$$</name>
         <load_address>0x20000164</load_address>
         <run_address>0x20000164</run_address>
         <size>0xc</size>
         <input_file_ref idref="fl-c"/>
      </object_component>
      <object_component id="oc-14a">
         <name>.data:$O6$$</name>
         <load_address>0x20000178</load_address>
         <run_address>0x20000178</run_address>
         <size>0x4</size>
         <input_file_ref idref="fl-f"/>
      </object_component>
      <object_component id="oc-18c">
         <name>.data:$O8$$</name>
         <load_address>0x200000f0</load_address>
         <run_address>0x200000f0</run_address>
         <size>0x2c</size>
         <input_file_ref idref="fl-18"/>
      </object_component>
      <object_component id="oc-301">
         <name>.data:$O9$$</name>
         <load_address>0x20000170</load_address>
         <run_address>0x20000170</run_address>
         <size>0x8</size>
         <input_file_ref idref="fl-f4"/>
      </object_component>
      <object_component id="oc-378">
         <name>.bss:$O5$$</name>
         <uninitialized>true</uninitialized>
         <run_address>0x20000184</run_address>
         <size>0x8</size>
         <input_file_ref idref="fl-e"/>
      </object_component>
      <object_component id="oc-29">
         <name>.stack</name>
         <uninitialized>true</uninitialized>
         <run_address>0x2000fe00</run_address>
         <size>0x4</size>
         <input_file_ref idref="fl-fe"/>
      </object_component>
      <object_component id="oc-4d6">
         <name>.stack</name>
         <uninitialized>true</uninitialized>
         <run_address>0x2000fe00</run_address>
         <size>0x0</size>
      </object_component>
      <object_component id="oc-8a">
         <name>.debug_info</name>
         <load_address>0x0</load_address>
         <run_address>0x0</run_address>
         <size>0x2da</size>
         <input_file_ref idref="fl-4"/>
      </object_component>
      <object_component id="oc-27">
         <name>.debug_info</name>
         <load_address>0x2da</load_address>
         <run_address>0x2da</run_address>
         <size>0x106</size>
         <input_file_ref idref="fl-4"/>
      </object_component>
      <object_component id="oc-66">
         <name>.debug_info</name>
         <load_address>0x3e0</load_address>
         <run_address>0x3e0</run_address>
         <size>0x169</size>
         <input_file_ref idref="fl-4"/>
      </object_component>
      <object_component id="oc-6d">
         <name>.debug_info</name>
         <load_address>0x549</load_address>
         <run_address>0x549</run_address>
         <size>0x151</size>
         <input_file_ref idref="fl-4"/>
      </object_component>
      <object_component id="oc-3f9">
         <name>.debug_info</name>
         <load_address>0x69a</load_address>
         <run_address>0x69a</run_address>
         <size>0x797</size>
         <input_file_ref idref="fl-24"/>
      </object_component>
      <object_component id="oc-12d">
         <name>.debug_info</name>
         <load_address>0xe31</load_address>
         <run_address>0xe31</run_address>
         <size>0x1c9</size>
         <input_file_ref idref="fl-24"/>
      </object_component>
      <object_component id="oc-473">
         <name>.debug_info</name>
         <load_address>0xffa</load_address>
         <run_address>0xffa</run_address>
         <size>0x431a</size>
         <input_file_ref idref="fl-24"/>
      </object_component>
      <object_component id="oc-47d">
         <name>.debug_info</name>
         <load_address>0x5314</load_address>
         <run_address>0x5314</run_address>
         <size>0x26b</size>
         <input_file_ref idref="fl-24"/>
      </object_component>
      <object_component id="oc-478">
         <name>.debug_info</name>
         <load_address>0x557f</load_address>
         <run_address>0x557f</run_address>
         <size>0x1028</size>
         <input_file_ref idref="fl-24"/>
      </object_component>
      <object_component id="oc-332">
         <name>.debug_info</name>
         <load_address>0x65a7</load_address>
         <run_address>0x65a7</run_address>
         <size>0x297</size>
         <input_file_ref idref="fl-24"/>
      </object_component>
      <object_component id="oc-46e">
         <name>.debug_info</name>
         <load_address>0x683e</load_address>
         <run_address>0x683e</run_address>
         <size>0xef</size>
         <input_file_ref idref="fl-24"/>
      </object_component>
      <object_component id="oc-23a">
         <name>.debug_info</name>
         <load_address>0x692d</load_address>
         <run_address>0x692d</run_address>
         <size>0xbb</size>
         <input_file_ref idref="fl-24"/>
      </object_component>
      <object_component id="oc-426">
         <name>.debug_info</name>
         <load_address>0x69e8</load_address>
         <run_address>0x69e8</run_address>
         <size>0x134</size>
         <input_file_ref idref="fl-e4"/>
      </object_component>
      <object_component id="oc-e3">
         <name>.debug_info</name>
         <load_address>0x6b1c</load_address>
         <run_address>0x6b1c</run_address>
         <size>0x147</size>
         <input_file_ref idref="fl-e5"/>
      </object_component>
      <object_component id="oc-1dd">
         <name>.debug_info</name>
         <load_address>0x6c63</load_address>
         <run_address>0x6c63</run_address>
         <size>0x14c</size>
         <input_file_ref idref="fl-e6"/>
      </object_component>
      <object_component id="oc-361">
         <name>.debug_info</name>
         <load_address>0x6daf</load_address>
         <run_address>0x6daf</run_address>
         <size>0x128</size>
         <input_file_ref idref="fl-e7"/>
      </object_component>
      <object_component id="oc-1f1">
         <name>.debug_info</name>
         <load_address>0x6ed7</load_address>
         <run_address>0x6ed7</run_address>
         <size>0x12a</size>
         <input_file_ref idref="fl-e7"/>
      </object_component>
      <object_component id="oc-27e">
         <name>.debug_info</name>
         <load_address>0x7001</load_address>
         <run_address>0x7001</run_address>
         <size>0x13a</size>
         <input_file_ref idref="fl-e8"/>
      </object_component>
      <object_component id="oc-1d9">
         <name>.debug_info</name>
         <load_address>0x713b</load_address>
         <run_address>0x713b</run_address>
         <size>0x13a</size>
         <input_file_ref idref="fl-e9"/>
      </object_component>
      <object_component id="oc-35a">
         <name>.debug_info</name>
         <load_address>0x7275</load_address>
         <run_address>0x7275</run_address>
         <size>0x12e</size>
         <input_file_ref idref="fl-ea"/>
      </object_component>
      <object_component id="oc-1e4">
         <name>.debug_info</name>
         <load_address>0x73a3</load_address>
         <run_address>0x73a3</run_address>
         <size>0x13e</size>
         <input_file_ref idref="fl-eb"/>
      </object_component>
      <object_component id="oc-283">
         <name>.debug_info</name>
         <load_address>0x74e1</load_address>
         <run_address>0x74e1</run_address>
         <size>0x139</size>
         <input_file_ref idref="fl-ec"/>
      </object_component>
      <object_component id="oc-1c9">
         <name>.debug_info</name>
         <load_address>0x761a</load_address>
         <run_address>0x761a</run_address>
         <size>0x12c</size>
         <input_file_ref idref="fl-ed"/>
      </object_component>
      <object_component id="oc-2d3">
         <name>.debug_info</name>
         <load_address>0x7746</load_address>
         <run_address>0x7746</run_address>
         <size>0x12c</size>
         <input_file_ref idref="fl-ee"/>
      </object_component>
      <object_component id="oc-38">
         <name>.debug_info</name>
         <load_address>0x7872</load_address>
         <run_address>0x7872</run_address>
         <size>0x119</size>
         <input_file_ref idref="fl-ef"/>
      </object_component>
      <object_component id="oc-2fd">
         <name>.debug_info</name>
         <load_address>0x798b</load_address>
         <run_address>0x798b</run_address>
         <size>0x12e</size>
         <input_file_ref idref="fl-f0"/>
      </object_component>
      <object_component id="oc-463">
         <name>.debug_info</name>
         <load_address>0x7ab9</load_address>
         <run_address>0x7ab9</run_address>
         <size>0x289</size>
         <input_file_ref idref="fl-fd"/>
      </object_component>
      <object_component id="oc-460">
         <name>.debug_info</name>
         <load_address>0x7d42</load_address>
         <run_address>0x7d42</run_address>
         <size>0x10e</size>
         <input_file_ref idref="fl-fd"/>
      </object_component>
      <object_component id="oc-3c1">
         <name>.debug_info</name>
         <load_address>0x7e50</load_address>
         <run_address>0x7e50</run_address>
         <size>0x14e</size>
         <input_file_ref idref="fl-fd"/>
      </object_component>
      <object_component id="oc-2a">
         <name>.debug_info</name>
         <load_address>0x7f9e</load_address>
         <run_address>0x7f9e</run_address>
         <size>0x10b</size>
         <input_file_ref idref="fl-fe"/>
      </object_component>
      <object_component id="oc-55">
         <name>.debug_info</name>
         <load_address>0x80a9</load_address>
         <run_address>0x80a9</run_address>
         <size>0x1a9</size>
         <input_file_ref idref="fl-fe"/>
      </object_component>
      <object_component id="oc-48a">
         <name>.debug_info</name>
         <load_address>0x8252</load_address>
         <run_address>0x8252</run_address>
         <size>0x115</size>
         <input_file_ref idref="fl-100"/>
      </object_component>
      <object_component id="oc-31d">
         <name>.debug_info</name>
         <load_address>0x8367</load_address>
         <run_address>0x8367</run_address>
         <size>0x4b3</size>
         <input_file_ref idref="fl-101"/>
      </object_component>
      <object_component id="oc-202">
         <name>.debug_info</name>
         <load_address>0x881a</load_address>
         <run_address>0x881a</run_address>
         <size>0x1a6</size>
         <input_file_ref idref="fl-101"/>
      </object_component>
      <object_component id="oc-3ee">
         <name>.debug_info</name>
         <load_address>0x89c0</load_address>
         <run_address>0x89c0</run_address>
         <size>0x39</size>
         <input_file_ref idref="fl-101"/>
      </object_component>
      <object_component id="oc-467">
         <name>.debug_info</name>
         <load_address>0x89f9</load_address>
         <run_address>0x89f9</run_address>
         <size>0x39</size>
         <input_file_ref idref="fl-101"/>
      </object_component>
      <object_component id="oc-3f3">
         <name>.debug_info</name>
         <load_address>0x8a32</load_address>
         <run_address>0x8a32</run_address>
         <size>0x39</size>
         <input_file_ref idref="fl-101"/>
      </object_component>
      <object_component id="oc-1f7">
         <name>.debug_info</name>
         <load_address>0x8a6b</load_address>
         <run_address>0x8a6b</run_address>
         <size>0x122</size>
         <input_file_ref idref="fl-104"/>
      </object_component>
      <object_component id="oc-3d">
         <name>.debug_info</name>
         <load_address>0x8b8d</load_address>
         <run_address>0x8b8d</run_address>
         <size>0x1179</size>
         <input_file_ref idref="fl-106"/>
      </object_component>
      <object_component id="oc-110">
         <name>.debug_info</name>
         <load_address>0x9d06</load_address>
         <run_address>0x9d06</run_address>
         <size>0xd5</size>
         <input_file_ref idref="fl-106"/>
      </object_component>
      <object_component id="oc-187">
         <name>.debug_info</name>
         <load_address>0x9ddb</load_address>
         <run_address>0x9ddb</run_address>
         <size>0xe9</size>
         <input_file_ref idref="fl-106"/>
      </object_component>
      <object_component id="oc-18a">
         <name>.debug_info</name>
         <load_address>0x9ec4</load_address>
         <run_address>0x9ec4</run_address>
         <size>0xde</size>
         <input_file_ref idref="fl-106"/>
      </object_component>
      <object_component id="oc-190">
         <name>.debug_info</name>
         <load_address>0x9fa2</load_address>
         <run_address>0x9fa2</run_address>
         <size>0x236</size>
         <input_file_ref idref="fl-106"/>
      </object_component>
      <object_component id="oc-305">
         <name>.debug_info</name>
         <load_address>0xa1d8</load_address>
         <run_address>0xa1d8</run_address>
         <size>0xd3</size>
         <input_file_ref idref="fl-106"/>
      </object_component>
      <object_component id="oc-422">
         <name>.debug_info</name>
         <load_address>0xa2ab</load_address>
         <run_address>0xa2ab</run_address>
         <size>0xd5</size>
         <input_file_ref idref="fl-106"/>
      </object_component>
      <object_component id="oc-160">
         <name>.debug_info</name>
         <load_address>0xa380</load_address>
         <run_address>0xa380</run_address>
         <size>0x11d</size>
         <input_file_ref idref="fl-106"/>
      </object_component>
      <object_component id="oc-2a0">
         <name>.debug_info</name>
         <load_address>0xa49d</load_address>
         <run_address>0xa49d</run_address>
         <size>0x23f</size>
         <input_file_ref idref="fl-106"/>
      </object_component>
      <object_component id="oc-116">
         <name>.debug_info</name>
         <load_address>0xa6dc</load_address>
         <run_address>0xa6dc</run_address>
         <size>0x150</size>
         <input_file_ref idref="fl-106"/>
      </object_component>
      <object_component id="oc-379">
         <name>.debug_info</name>
         <load_address>0xa82c</load_address>
         <run_address>0xa82c</run_address>
         <size>0xda</size>
         <input_file_ref idref="fl-106"/>
      </object_component>
      <object_component id="oc-14b">
         <name>.debug_info</name>
         <load_address>0xa906</load_address>
         <run_address>0xa906</run_address>
         <size>0xf2</size>
         <input_file_ref idref="fl-106"/>
      </object_component>
      <object_component id="oc-18d">
         <name>.debug_info</name>
         <load_address>0xa9f8</load_address>
         <run_address>0xa9f8</run_address>
         <size>0x10f</size>
         <input_file_ref idref="fl-106"/>
      </object_component>
      <object_component id="oc-302">
         <name>.debug_info</name>
         <load_address>0xab07</load_address>
         <run_address>0xab07</run_address>
         <size>0xee</size>
         <input_file_ref idref="fl-106"/>
      </object_component>
      <object_component id="oc-357">
         <name>.debug_info</name>
         <load_address>0xabf5</load_address>
         <run_address>0xabf5</run_address>
         <size>0x212</size>
         <input_file_ref idref="fl-106"/>
      </object_component>
      <object_component id="oc-498">
         <name>.debug_info</name>
         <load_address>0xae07</load_address>
         <run_address>0xae07</run_address>
         <size>0x121</size>
         <input_file_ref idref="fl-106"/>
      </object_component>
      <object_component id="oc-456">
         <name>.debug_info</name>
         <load_address>0xaf28</load_address>
         <run_address>0xaf28</run_address>
         <size>0x1e7</size>
         <input_file_ref idref="fl-106"/>
      </object_component>
      <object_component id="oc-2ea">
         <name>.debug_info</name>
         <load_address>0xb10f</load_address>
         <run_address>0xb10f</run_address>
         <size>0x133</size>
         <input_file_ref idref="fl-106"/>
      </object_component>
      <object_component id="oc-2e4">
         <name>.debug_info</name>
         <load_address>0xb242</load_address>
         <run_address>0xb242</run_address>
         <size>0x153</size>
         <input_file_ref idref="fl-106"/>
      </object_component>
      <object_component id="oc-3e5">
         <name>.debug_info</name>
         <load_address>0xb395</load_address>
         <run_address>0xb395</run_address>
         <size>0x13e</size>
         <input_file_ref idref="fl-106"/>
      </object_component>
      <object_component id="oc-311">
         <name>.debug_info</name>
         <load_address>0xb4d3</load_address>
         <run_address>0xb4d3</run_address>
         <size>0x11e</size>
         <input_file_ref idref="fl-106"/>
      </object_component>
      <object_component id="oc-3de">
         <name>.debug_info</name>
         <load_address>0xb5f1</load_address>
         <run_address>0xb5f1</run_address>
         <size>0x146</size>
         <input_file_ref idref="fl-106"/>
      </object_component>
      <object_component id="oc-30b">
         <name>.debug_info</name>
         <load_address>0xb737</load_address>
         <run_address>0xb737</run_address>
         <size>0x12d</size>
         <input_file_ref idref="fl-106"/>
      </object_component>
      <object_component id="oc-3d4">
         <name>.debug_info</name>
         <load_address>0xb864</load_address>
         <run_address>0xb864</run_address>
         <size>0xf3</size>
         <input_file_ref idref="fl-106"/>
      </object_component>
      <object_component id="oc-243">
         <name>.debug_info</name>
         <load_address>0xb957</load_address>
         <run_address>0xb957</run_address>
         <size>0x167</size>
         <input_file_ref idref="fl-106"/>
      </object_component>
      <object_component id="oc-136">
         <name>.debug_info</name>
         <load_address>0xbabe</load_address>
         <run_address>0xbabe</run_address>
         <size>0x155</size>
         <input_file_ref idref="fl-106"/>
      </object_component>
      <object_component id="oc-13c">
         <name>.debug_info</name>
         <load_address>0xbc13</load_address>
         <run_address>0xbc13</run_address>
         <size>0x157</size>
         <input_file_ref idref="fl-106"/>
      </object_component>
      <object_component id="oc-16c">
         <name>.debug_info</name>
         <load_address>0xbd6a</load_address>
         <run_address>0xbd6a</run_address>
         <size>0x26f</size>
         <input_file_ref idref="fl-106"/>
      </object_component>
      <object_component id="oc-172">
         <name>.debug_info</name>
         <load_address>0xbfd9</load_address>
         <run_address>0xbfd9</run_address>
         <size>0x1a9</size>
         <input_file_ref idref="fl-106"/>
      </object_component>
      <object_component id="oc-148">
         <name>.debug_info</name>
         <load_address>0xc182</load_address>
         <run_address>0xc182</run_address>
         <size>0x17a</size>
         <input_file_ref idref="fl-106"/>
      </object_component>
      <object_component id="oc-385">
         <name>.debug_info</name>
         <load_address>0xc2fc</load_address>
         <run_address>0xc2fc</run_address>
         <size>0x16e</size>
         <input_file_ref idref="fl-106"/>
      </object_component>
      <object_component id="oc-29d">
         <name>.debug_info</name>
         <load_address>0xc46a</load_address>
         <run_address>0xc46a</run_address>
         <size>0x15b</size>
         <input_file_ref idref="fl-106"/>
      </object_component>
      <object_component id="oc-297">
         <name>.debug_info</name>
         <load_address>0xc5c5</load_address>
         <run_address>0xc5c5</run_address>
         <size>0x2a7</size>
         <input_file_ref idref="fl-106"/>
      </object_component>
      <object_component id="oc-1d5">
         <name>.debug_info</name>
         <load_address>0xc86c</load_address>
         <run_address>0xc86c</run_address>
         <size>0x1dc</size>
         <input_file_ref idref="fl-106"/>
      </object_component>
      <object_component id="oc-2ba">
         <name>.debug_info</name>
         <load_address>0xca48</load_address>
         <run_address>0xca48</run_address>
         <size>0x24e</size>
         <input_file_ref idref="fl-106"/>
      </object_component>
      <object_component id="oc-396">
         <name>.debug_info</name>
         <load_address>0xcc96</load_address>
         <run_address>0xcc96</run_address>
         <size>0x184</size>
         <input_file_ref idref="fl-106"/>
      </object_component>
      <object_component id="oc-2c1">
         <name>.debug_info</name>
         <load_address>0xce1a</load_address>
         <run_address>0xce1a</run_address>
         <size>0x233</size>
         <input_file_ref idref="fl-106"/>
      </object_component>
      <object_component id="oc-1ac">
         <name>.debug_info</name>
         <load_address>0xd04d</load_address>
         <run_address>0xd04d</run_address>
         <size>0x1da</size>
         <input_file_ref idref="fl-106"/>
      </object_component>
      <object_component id="oc-351">
         <name>.debug_info</name>
         <load_address>0xd227</load_address>
         <run_address>0xd227</run_address>
         <size>0x1f8</size>
         <input_file_ref idref="fl-106"/>
      </object_component>
      <object_component id="oc-10d">
         <name>.debug_info</name>
         <load_address>0xd41f</load_address>
         <run_address>0xd41f</run_address>
         <size>0x134</size>
         <input_file_ref idref="fl-106"/>
      </object_component>
      <object_component id="oc-26e">
         <name>.debug_info</name>
         <load_address>0xd553</load_address>
         <run_address>0xd553</run_address>
         <size>0x134</size>
         <input_file_ref idref="fl-106"/>
      </object_component>
      <object_component id="oc-3fe">
         <name>.debug_info</name>
         <load_address>0xd687</load_address>
         <run_address>0xd687</run_address>
         <size>0x129</size>
         <input_file_ref idref="fl-106"/>
      </object_component>
      <object_component id="oc-404">
         <name>.debug_info</name>
         <load_address>0xd7b0</load_address>
         <run_address>0xd7b0</run_address>
         <size>0x169</size>
         <input_file_ref idref="fl-106"/>
      </object_component>
      <object_component id="oc-410">
         <name>.debug_info</name>
         <load_address>0xd919</load_address>
         <run_address>0xd919</run_address>
         <size>0x12b</size>
         <input_file_ref idref="fl-106"/>
      </object_component>
      <object_component id="oc-40a">
         <name>.debug_info</name>
         <load_address>0xda44</load_address>
         <run_address>0xda44</run_address>
         <size>0x148</size>
         <input_file_ref idref="fl-106"/>
      </object_component>
      <object_component id="oc-372">
         <name>.debug_info</name>
         <load_address>0xdb8c</load_address>
         <run_address>0xdb8c</run_address>
         <size>0x238</size>
         <input_file_ref idref="fl-106"/>
      </object_component>
      <object_component id="oc-36c">
         <name>.debug_info</name>
         <load_address>0xddc4</load_address>
         <run_address>0xddc4</run_address>
         <size>0x1ca</size>
         <input_file_ref idref="fl-106"/>
      </object_component>
      <object_component id="oc-265">
         <name>.debug_info</name>
         <load_address>0xdf8e</load_address>
         <run_address>0xdf8e</run_address>
         <size>0x1bc</size>
         <input_file_ref idref="fl-106"/>
      </object_component>
      <object_component id="oc-1b6">
         <name>.debug_info</name>
         <load_address>0xe14a</load_address>
         <run_address>0xe14a</run_address>
         <size>0x2f3</size>
         <input_file_ref idref="fl-106"/>
      </object_component>
      <object_component id="oc-1b1">
         <name>.debug_info</name>
         <load_address>0xe43d</load_address>
         <run_address>0xe43d</run_address>
         <size>0x284</size>
         <input_file_ref idref="fl-106"/>
      </object_component>
      <object_component id="oc-366">
         <name>.debug_info</name>
         <load_address>0xe6c1</load_address>
         <run_address>0xe6c1</run_address>
         <size>0x32e</size>
         <input_file_ref idref="fl-106"/>
      </object_component>
      <object_component id="oc-343">
         <name>.debug_info</name>
         <load_address>0xe9ef</load_address>
         <run_address>0xe9ef</run_address>
         <size>0x24c</size>
         <input_file_ref idref="fl-106"/>
      </object_component>
      <object_component id="oc-349">
         <name>.debug_info</name>
         <load_address>0xec3b</load_address>
         <run_address>0xec3b</run_address>
         <size>0x1a9</size>
         <input_file_ref idref="fl-106"/>
      </object_component>
      <object_component id="oc-25a">
         <name>.debug_info</name>
         <load_address>0xede4</load_address>
         <run_address>0xede4</run_address>
         <size>0x1e6</size>
         <input_file_ref idref="fl-106"/>
      </object_component>
      <object_component id="oc-33b">
         <name>.debug_info</name>
         <load_address>0xefca</load_address>
         <run_address>0xefca</run_address>
         <size>0x1a4</size>
         <input_file_ref idref="fl-106"/>
      </object_component>
      <object_component id="oc-24e">
         <name>.debug_info</name>
         <load_address>0xf16e</load_address>
         <run_address>0xf16e</run_address>
         <size>0x187</size>
         <input_file_ref idref="fl-106"/>
      </object_component>
      <object_component id="oc-38d">
         <name>.debug_info</name>
         <load_address>0xf2f5</load_address>
         <run_address>0xf2f5</run_address>
         <size>0x173</size>
         <input_file_ref idref="fl-106"/>
      </object_component>
      <object_component id="oc-2ac">
         <name>.debug_info</name>
         <load_address>0xf468</load_address>
         <run_address>0xf468</run_address>
         <size>0x14c</size>
         <input_file_ref idref="fl-106"/>
      </object_component>
      <object_component id="oc-254">
         <name>.debug_info</name>
         <load_address>0xf5b4</load_address>
         <run_address>0xf5b4</run_address>
         <size>0x109</size>
         <input_file_ref idref="fl-106"/>
      </object_component>
      <object_component id="oc-150">
         <name>.debug_info</name>
         <load_address>0xf6bd</load_address>
         <run_address>0xf6bd</run_address>
         <size>0x18e</size>
         <input_file_ref idref="fl-106"/>
      </object_component>
      <object_component id="oc-260">
         <name>.debug_info</name>
         <load_address>0xf84b</load_address>
         <run_address>0xf84b</run_address>
         <size>0x68a</size>
         <input_file_ref idref="fl-106"/>
      </object_component>
      <object_component id="oc-141">
         <name>.debug_info</name>
         <load_address>0xfed5</load_address>
         <run_address>0xfed5</run_address>
         <size>0x17a</size>
         <input_file_ref idref="fl-106"/>
      </object_component>
      <object_component id="oc-156">
         <name>.debug_info</name>
         <load_address>0x1004f</load_address>
         <run_address>0x1004f</run_address>
         <size>0x146</size>
         <input_file_ref idref="fl-106"/>
      </object_component>
      <object_component id="oc-274">
         <name>.debug_info</name>
         <load_address>0x10195</load_address>
         <run_address>0x10195</run_address>
         <size>0x185</size>
         <input_file_ref idref="fl-106"/>
      </object_component>
      <object_component id="oc-27a">
         <name>.debug_info</name>
         <load_address>0x1031a</load_address>
         <run_address>0x1031a</run_address>
         <size>0x117</size>
         <input_file_ref idref="fl-106"/>
      </object_component>
      <object_component id="oc-15c">
         <name>.debug_info</name>
         <load_address>0x10431</load_address>
         <run_address>0x10431</run_address>
         <size>0x286</size>
         <input_file_ref idref="fl-106"/>
      </object_component>
      <object_component id="oc-28d">
         <name>.debug_info</name>
         <load_address>0x106b7</load_address>
         <run_address>0x106b7</run_address>
         <size>0x209</size>
         <input_file_ref idref="fl-106"/>
      </object_component>
      <object_component id="oc-177">
         <name>.debug_info</name>
         <load_address>0x108c0</load_address>
         <run_address>0x108c0</run_address>
         <size>0x4fb</size>
         <input_file_ref idref="fl-106"/>
      </object_component>
      <object_component id="oc-165">
         <name>.debug_info</name>
         <load_address>0x10dbb</load_address>
         <run_address>0x10dbb</run_address>
         <size>0x16e</size>
         <input_file_ref idref="fl-106"/>
      </object_component>
      <object_component id="oc-17d">
         <name>.debug_info</name>
         <load_address>0x10f29</load_address>
         <run_address>0x10f29</run_address>
         <size>0x1f6</size>
         <input_file_ref idref="fl-106"/>
      </object_component>
[...]
         <object_component_ref idref="oc-38a"/>
      </symbol>
      <symbol id="sm-845">
         <name>average_voltage_caculate</name>
         <value>0x14d91</value>
         <object_component_ref idref="oc-1c0"/>
      </symbol>
      <symbol id="sm-846">
         <name>printf</name>
         <value>0x16c09</value>
         <object_component_ref idref="oc-1e9"/>
      </symbol>
      <symbol id="sm-847">
         <name>DS18B20_ReadByte</name>
         <value>0x16ab1</value>
         <object_component_ref idref="oc-2cc"/>
      </symbol>
      <symbol id="sm-848">
         <name>_unlock</name>
         <value>0x20000174</value>
         <object_component_ref idref="oc-301"/>
      </symbol>
      <symbol id="sm-849">
         <name>LCD_Fill</name>
         <value>0x16699</value>
         <object_component_ref idref="oc-17a"/>
      </symbol>
      <symbol id="sm-84a">
         <name>_ftable</name>
         <value>0x20000000</value>
         <object_component_ref idref="oc-304"/>
      </symbol>
      <symbol id="sm-84b">
         <name>__TI_zero_init_nomemset</name>
         <value>0x17329</value>
         <object_component_ref idref="oc-40"/>
      </symbol>
      <symbol id="sm-84c">
         <name>BACK_COLOR</name>
         <value>0x20000146</value>
         <object_component_ref idref="oc-15f"/>
      </symbol>
      <symbol id="sm-84d">
         <name>LCD_Clear</name>
         <value>0x16621</value>
         <object_component_ref idref="oc-144"/>
      </symbol>
      <symbol id="sm-84e">
         <name>DS18B20_WriteByte</name>
         <value>0x16cb1</value>
         <object_component_ref idref="oc-2c6"/>
      </symbol>
      <symbol id="sm-84f">
         <name>gImage_jianghanlin</name>
         <value>0xbab8</value>
         <object_component_ref idref="oc-186"/>
      </symbol>
      <symbol id="sm-850">
         <name>heiti_bold_2412</name>
         <value>0x3250</value>
         <object_component_ref idref="oc-29f"/>
      </symbol>
      <symbol id="sm-851">
         <name>EUSCIA0_IRQHandler</name>
         <value>0x1740d</value>
         <object_component_ref idref="oc-7c"/>
      </symbol>
      <symbol id="sm-852">
         <name>ldexpl</name>
         <value>0x153b5</value>
         <object_component_ref idref="oc-452"/>
      </symbol>
      <symbol id="sm-853">
         <name>TP_Get_Adjdata</name>
         <value>0x16051</value>
         <object_component_ref idref="oc-257"/>
      </symbol>
      <symbol id="sm-854">
         <name>frexp</name>
         <value>0x16991</value>
         <object_component_ref idref="oc-44c"/>
      </symbol>
      <symbol id="sm-855">
         <name>display_temperature</name>
         <value>0x1599d</value>
         <object_component_ref idref="oc-1ba"/>
      </symbol>
      <symbol id="sm-856">
         <name>CV_value_fact</name>
         <value>0x20000140</value>
         <object_component_ref idref="oc-18f"/>
      </symbol>
      <symbol id="sm-857">
         <name>lcddev</name>
         <value>0x20000148</value>
         <object_component_ref idref="oc-15f"/>
      </symbol>
      <symbol id="sm-858">
         <name>songti_bold_1608</name>
         <value>0x1a90</value>
         <object_component_ref idref="oc-29f"/>
      </symbol>
      <symbol id="sm-859">
         <name>TP_Drow_Touch_Point</name>
         <value>0x16421</value>
         <object_component_ref idref="oc-34d"/>
      </symbol>
      <symbol id="sm-85a">
         <name>LCD_ShowString</name>
         <value>0x167e9</value>
         <object_component_ref idref="oc-1d1"/>
      </symbol>
      <symbol id="sm-85b">
         <name>delay_ms</name>
         <value>0x171d9</value>
         <object_component_ref idref="oc-109"/>
      </symbol>
      <symbol id="sm-85c">
         <name>LCD_WR_DATA</name>
         <value>0x17179</value>
         <object_component_ref idref="oc-138"/>
      </symbol>
      <symbol id="sm-85d">
         <name>fputs</name>
         <value>0x1735d</value>
         <object_component_ref idref="oc-3da"/>
      </symbol>
      <symbol id="sm-85e">
         <name>draw_return_buttom</name>
         <value>0x16fb5</value>
         <object_component_ref idref="oc-19c"/>
      </symbol>
      <symbol id="sm-85f">
         <name>fputc</name>
         <value>0x173b5</value>
         <object_component_ref idref="oc-3e1"/>
      </symbol>
      <symbol id="sm-860">
         <name>sqrt</name>
         <value>0x14c39</value>
         <object_component_ref idref="oc-353"/>
      </symbol>
      <symbol id="sm-861">
         <name>IIC_Init</name>
         <value>0x17261</value>
         <object_component_ref idref="oc-251"/>
      </symbol>
      <symbol id="sm-862">
         <name>__TI_decompress_lzss</name>
         <value>0x16929</value>
         <object_component_ref idref="oc-17"/>
      </symbol>
      <symbol id="sm-863">
         <name>LCD_WR_REG</name>
         <value>0x171a9</value>
         <object_component_ref idref="oc-132"/>
      </symbol>
      <symbol id="sm-864">
         <name>ldexp</name>
         <value>0x153b5</value>
         <object_component_ref idref="oc-452"/>
      </symbol>
      <symbol id="sm-865">
         <name>dac8571_out</name>
         <value>0x2000011c</value>
         <object_component_ref idref="oc-18f"/>
      </symbol>
      <symbol id="sm-866">
         <name>IIC_Start</name>
         <value>0x16f35</value>
         <object_component_ref idref="oc-3fb"/>
      </symbol>
      <symbol id="sm-867">
         <name>DAC8571_OUT</name>
         <value>0x156cd</value>
         <object_component_ref idref="oc-159"/>
      </symbol>
      <symbol id="sm-868">
         <name>heiti_2412</name>
         <value>0x2080</value>
         <object_component_ref idref="oc-29f"/>
      </symbol>
      <symbol id="sm-869">
         <name>heiti_bold_3216</name>
         <value>0x5be0</value>
         <object_component_ref idref="oc-29f"/>
      </symbol>
      <symbol id="sm-86a">
         <name>CMD_RDY</name>
         <value>0x200000f1</value>
         <object_component_ref idref="oc-18c"/>
      </symbol>
      <symbol id="sm-86b">
         <name>CMD_RDX</name>
         <value>0x200000f0</value>
         <object_component_ref idref="oc-18c"/>
      </symbol>
      <symbol id="sm-86c">
         <name>usci_b0_spi_transmit_frame</name>
         <value>0x16eb1</value>
         <object_component_ref idref="oc-23f"/>
      </symbol>
      <symbol id="sm-86d">
         <name>key_test</name>
         <value>0x16209</value>
         <object_component_ref idref="oc-70"/>
      </symbol>
      <symbol id="sm-86e">
         <name>__TI_ltoa</name>
         <value>0x16bb5</value>
         <object_component_ref idref="oc-42b"/>
      </symbol>
      <symbol id="sm-86f">
         <name>IIC_Wait_Ack</name>
         <value>0x16b61</value>
         <object_component_ref idref="oc-407"/>
      </symbol>
      <symbol id="sm-870">
         <name>__TI_decompress_none</name>
         <value>0x173ff</value>
         <object_component_ref idref="oc-1d"/>
      </symbol>
      <symbol id="sm-871">
         <name>_system_pre_init</name>
         <value>0x17449</value>
         <object_component_ref idref="oc-e7"/>
      </symbol>
      <symbol id="sm-872">
         <name>LCD_DrawPoint</name>
         <value>0x1738d</value>
         <object_component_ref idref="oc-299"/>
      </symbol>
      <symbol id="sm-873">
         <name>CP_value</name>
         <value>0x20000134</value>
         <object_component_ref idref="oc-18f"/>
      </symbol>
      <symbol id="sm-874">
         <name>songti_1206</name>
         <value>0xe4</value>
         <object_component_ref idref="oc-29f"/>
      </symbol>
      <symbol id="sm-875">
         <name>mos_temp</name>
         <value>0x20000180</value>
         <object_component_ref idref="oc-10f"/>
      </symbol>
      <symbol id="sm-891">
         <name>Reset_Handler</name>
         <value>0x17419</value>
         <object_component_ref idref="oc-64"/>
      </symbol>
      <symbol id="sm-892">
         <name>Default_Handler</name>
         <value>0x136bf</value>
         <object_component_ref idref="oc-6a"/>
      </symbol>
      <symbol id="sm-893">
         <name>interruptVectors</name>
         <value>0x0</value>
         <object_component_ref idref="oc-26"/>
      </symbol>
      <symbol id="sm-8c0">
         <name>WDT_A_holdTimer</name>
         <value>0x17285</value>
         <object_component_ref idref="oc-12c"/>
      </symbol>
      <symbol id="sm-8d0">
         <name>__aeabi_uldivmod</name>
         <value>0x15fb9</value>
         <object_component_ref idref="oc-425"/>
      </symbol>
      <symbol id="sm-8df">
         <name>__aeabi_memset</name>
         <value>0x165a7</value>
         <object_component_ref idref="oc-e1"/>
      </symbol>
      <symbol id="sm-8e0">
         <name>memset</name>
         <value>0x165ad</value>
         <object_component_ref idref="oc-e1"/>
      </symbol>
      <symbol id="sm-8e1">
         <name>__aeabi_memset8</name>
         <value>0x165a7</value>
         <object_component_ref idref="oc-e1"/>
      </symbol>
      <symbol id="sm-8e2">
         <name>__aeabi_memset4</name>
         <value>0x165a7</value>
         <object_component_ref idref="oc-e1"/>
      </symbol>
      <symbol id="sm-8e3">
         <name>__aeabi_memclr8</name>
         <value>0x165a5</value>
         <object_component_ref idref="oc-e1"/>
      </symbol>
      <symbol id="sm-8e4">
         <name>__aeabi_memclr4</name>
         <value>0x165a5</value>
         <object_component_ref idref="oc-e1"/>
      </symbol>
      <symbol id="sm-8e5">
         <name>__aeabi_memclr</name>
         <value>0x165a5</value>
         <object_component_ref idref="oc-e1"/>
      </symbol>
      <symbol id="sm-8fc">
         <name>__aeabi_dsub</name>
         <value>0x147ad</value>
         <object_component_ref idref="oc-1dc"/>
      </symbol>
      <symbol id="sm-8fd">
         <name>__aeabi_dadd</name>
         <value>0x147b7</value>
         <object_component_ref idref="oc-1dc"/>
      </symbol>
      <symbol id="sm-91f">
         <name>__aeabi_cdcmpeq</name>
         <value>0x16291</value>
         <object_component_ref idref="oc-35e"/>
      </symbol>
      <symbol id="sm-920">
         <name>__aeabi_cdcmple</name>
         <value>0x16291</value>
         <object_component_ref idref="oc-35e"/>
      </symbol>
      <symbol id="sm-921">
         <name>__aeabi_cdrcmple</name>
         <value>0x16317</value>
         <object_component_ref idref="oc-1ef"/>
      </symbol>
      <symbol id="sm-935">
         <name>__aeabi_ddiv</name>
         <value>0x15159</value>
         <object_component_ref idref="oc-27d"/>
      </symbol>
      <symbol id="sm-940">
         <name>__aeabi_dmul</name>
         <value>0x157cd</value>
         <object_component_ref idref="oc-1d7"/>
      </symbol>
      <symbol id="sm-94a">
         <name>__aeabi_d2iz</name>
         <value>0x16de1</value>
         <object_component_ref idref="oc-359"/>
      </symbol>
      <symbol id="sm-956">
         <name>__aeabi_d2f</name>
         <value>0x16779</value>
         <object_component_ref idref="oc-1e1"/>
      </symbol>
      <symbol id="sm-960">
         <name>__aeabi_d2uiz</name>
         <value>0x16e6d</value>
         <object_component_ref idref="oc-282"/>
      </symbol>
      <symbol id="sm-96b">
         <name>__aeabi_f2d</name>
         <value>0x170a5</value>
         <object_component_ref idref="oc-1c6"/>
      </symbol>
      <symbol id="sm-975">
         <name>__aeabi_i2d</name>
         <value>0x17209</value>
         <object_component_ref idref="oc-2d2"/>
      </symbol>
      <symbol id="sm-990">
         <name>memcpy</name>
         <value>0x15e85</value>
         <object_component_ref idref="oc-37"/>
      </symbol>
      <symbol id="sm-991">
         <name>__aeabi_memcpy</name>
         <value>0x15e85</value>
         <object_component_ref idref="oc-37"/>
      </symbol>
      <symbol id="sm-992">
         <name>__aeabi_memcpy8</name>
         <value>0x15e85</value>
         <object_component_ref idref="oc-37"/>
      </symbol>
      <symbol id="sm-993">
         <name>__aeabi_memcpy4</name>
         <value>0x15e85</value>
         <object_component_ref idref="oc-37"/>
      </symbol>
      <symbol id="sm-99d">
         <name>__aeabi_ui2d</name>
         <value>0x17309</value>
         <object_component_ref idref="oc-2fc"/>
      </symbol>
      <symbol id="sm-9b3">
         <name>__aeabi_errno_addr</name>
         <value>0x17439</value>
         <object_component_ref idref="oc-3c0"/>
      </symbol>
      <symbol id="sm-9b4">
         <name>errno</name>
         <value>0x2000017c</value>
         <object_component_ref idref="oc-45f"/>
      </symbol>
      <symbol id="sm-9c7">
         <name>__stack</name>
         <value>0x2000fe00</value>
         <object_component_ref idref="oc-29"/>
      </symbol>
      <symbol id="sm-9c8">
         <name>_c_int00_noargs</name>
         <value>0x17145</value>
         <object_component_ref idref="oc-52"/>
      </symbol>
      <symbol id="sm-9d2">
         <name>__aeabi_idiv0</name>
         <value>0x1528f</value>
         <object_component_ref idref="oc-488"/>
      </symbol>
      <symbol id="sm-9d3">
         <name>__aeabi_ldiv0</name>
         <value>0x1528f</value>
         <object_component_ref idref="oc-488"/>
      </symbol>
      <symbol id="sm-9f6">
         <name>__TI_auto_init_nobinit_nopinit</name>
         <value>0x16e29</value>
         <object_component_ref idref="oc-201"/>
      </symbol>
      <symbol id="sm-a01">
         <name>C$$EXIT</name>
         <value>0x1744d</value>
         <object_component_ref idref="oc-1f5"/>
      </symbol>
      <symbol id="sm-a02">
         <name>abort</name>
         <value>0x1744d</value>
         <object_component_ref idref="oc-1f5"/>
      </symbol>
      <symbol id="sm-a04">
         <name>__TI_static_base__</name>
         <value>0x0</value>
      </symbol>
      <symbol id="sm-a07">
         <name>__mpu_init</name>
         <value>0x0</value>
      </symbol>
      <symbol id="sm-a08">
         <name>_system_post_cinit</name>
         <value>0x0</value>
      </symbol>
      <symbol id="sm-a09">
         <name>NMI_Handler</name>
         <value>0x136bf</value>
      </symbol>
      <symbol id="sm-a0a">
         <name>HardFault_Handler</name>
         <value>0x136bf</value>
      </symbol>
      <symbol id="sm-a0b">
         <name>MemManage_Handler</name>
         <value>0x136bf</value>
      </symbol>
      <symbol id="sm-a0c">
         <name>BusFault_Handler</name>
         <value>0x136bf</value>
      </symbol>
      <symbol id="sm-a0d">
         <name>UsageFault_Handler</name>
         <value>0x136bf</value>
      </symbol>
      <symbol id="sm-a0e">
         <name>SVC_Handler</name>
         <value>0x136bf</value>
      </symbol>
      <symbol id="sm-a0f">
         <name>DebugMon_Handler</name>
         <value>0x136bf</value>
      </symbol>
      <symbol id="sm-a10">
         <name>PendSV_Handler</name>
         <value>0x136bf</value>
      </symbol>
      <symbol id="sm-a11">
         <name>SysTick_Handler</name>
         <value>0x136bf</value>
      </symbol>
      <symbol id="sm-a12">
         <name>PSS_IRQHandler</name>
         <value>0x136bf</value>
      </symbol>
      <symbol id="sm-a13">
         <name>CS_IRQHandler</name>
         <value>0x136bf</value>
      </symbol>
      <symbol id="sm-a14">
         <name>PCM_IRQHandler</name>
         <value>0x136bf</value>
      </symbol>
      <symbol id="sm-a15">
         <name>WDT_A_IRQHandler</name>
         <value>0x16209</value>
      </symbol>
      <symbol id="sm-a16">
         <name>FPU_IRQHandler</name>
         <value>0x136bf</value>
      </symbol>
      <symbol id="sm-a17">
         <name>FLCTL_IRQHandler</name>
         <value>0x136bf</value>
      </symbol>
      <symbol id="sm-a18">
         <name>COMP_E0_IRQHandler</name>
         <value>0x136bf</value>
      </symbol>
      <symbol id="sm-a19">
         <name>COMP_E1_IRQHandler</name>
         <value>0x136bf</value>
      </symbol>
      <symbol id="sm-a1a">
         <name>TA0_0_IRQHandler</name>
         <value>0x15ddd</value>
      </symbol>
      <symbol id="sm-a1b">
         <name>TA0_N_IRQHandler</name>
         <value>0x136bf</value>
      </symbol>
      <symbol id="sm-a1c">
         <name>TA1_0_IRQHandler</name>
         <value>0x136bf</value>
      </symbol>
      <symbol id="sm-a1d">
         <name>TA1_N_IRQHandler</name>
         <value>0x136bf</value>
      </symbol>
      <symbol id="sm-a1e">
         <name>TA2_0_IRQHandler</name>
         <value>0x136bf</value>
      </symbol>
      <symbol id="sm-a1f">
         <name>TA2_N_IRQHandler</name>
         <value>0x136bf</value>
      </symbol>
      <symbol id="sm-a20">
         <name>TA3_0_IRQHandler</name>
         <value>0x136bf</value>
      </symbol>
      <symbol id="sm-a21">
         <name>TA3_N_IRQHandler</name>
         <value>0x136bf</value>
      </symbol>
      <symbol id="sm-a22">
         <name>EUSCIA0_IRQHandler</name>
         <value>0x1740d</value>
      </symbol>
      <symbol id="sm-a23">
         <name>EUSCIA1_IRQHandler</name>
         <value>0x136bf</value>
      </symbol>
      <symbol id="sm-a24">
         <name>EUSCIA2_IRQHandler</name>
         <value>0x136bf</value>
      </symbol>
      <symbol id="sm-a25">
         <name>EUSCIA3_IRQHandler</name>
         <value>0x136bf</value>
      </symbol>
      <symbol id="sm-a26">
         <name>EUSCIB0_IRQHandler</name>
         <value>0x164a5</value>
      </symbol>
      <symbol id="sm-a27">
         <name>EUSCIB1_IRQHandler</name>
         <value>0x136bf</value>
      </symbol>
      <symbol id="sm-a28">
         <name>EUSCIB2_IRQHandler</name>
         <value>0x136bf</value>
      </symbol>
      <symbol id="sm-a29">
         <name>EUSCIB3_IRQHandler</name>
         <value>0x136bf</value>
      </symbol>
      <symbol id="sm-a2a">
         <name>ADC14_IRQHandler</name>
         <value>0x136bf</value>
      </symbol>
      <symbol id="sm-a2b">
         <name>T32_INT1_IRQHandler</name>
         <value>0x136bf</value>
      </symbol>
      <symbol id="sm-a2c">
         <name>T32_INT2_IRQHandler</name>
         <value>0x136bf</value>
      </symbol>
      <symbol id="sm-a2d">
         <name>T32_INTC_IRQHandler</name>
         <value>0x136bf</value>
      </symbol>
      <symbol id="sm-a2e">
         <name>AES256_IRQHandler</name>
         <value>0x136bf</value>
      </symbol>
      <symbol id="sm-a2f">
         <name>RTC_C_IRQHandler</name>
         <value>0x136bf</value>
      </symbol>
      <symbol id="sm-a30">
         <name>DMA_ERR_IRQHandler</name>
         <value>0x136bf</value>
      </symbol>
      <symbol id="sm-a31">
         <name>DMA_INT3_IRQHandler</name>
         <value>0x136bf</value>
      </symbol>
      <symbol id="sm-a32">
         <name>DMA_INT2_IRQHandler</name>
         <value>0x136bf</value>
      </symbol>
      <symbol id="sm-a33">
         <name>DMA_INT1_IRQHandler</name>
         <value>0x136bf</value>
      </symbol>
      <symbol id="sm-a34">
         <name>DMA_INT0_IRQHandler</name>
         <value>0x136bf</value>
      </symbol>
      <symbol id="sm-a35">
         <name>PORT1_IRQHandler</name>
         <value>0x136bf</value>
      </symbol>
      <symbol id="sm-a36">
         <name>PORT2_IRQHandler</name>
         <value>0x136bf</value>
      </symbol>
      <symbol id="sm-a37">
         <name>PORT3_IRQHandler</name>
         <value>0x136bf</value>
      </symbol>
      <symbol id="sm-a38">
         <name>PORT4_IRQHandler</name>
         <value>0x136bf</value>
      </symbol>
      <symbol id="sm-a39">
         <name>PORT5_IRQHandler</name>
         <value>0x136bf</value>
      </symbol>
      <symbol id="sm-a3a">
         <name>PORT6_IRQHandler</name>
         <value>0x136bf</value>
      </symbol>
   </symbol_table>
   <title>Link successful</title>
</link_info>
